<html>
<body>
<pre>
<h1>µVision Build Log</h1>
<h2>Tool Versions:</h2>
IDE-Version: ¦ÌVision V5.31.0.0
Copyright (C) 2020 ARM Ltd and ARM Germany GmbH. All rights reserved.
License Information: chen michael, ff, LIC=BUURY-I6MKT-2Z1W4-F4RGU-CWLZR-F92X7
 
Tool Versions:
Toolchain:       MDK-ARM Plus  Version: 5.31.0.0
Toolchain Path:  D:\program\keilarm\ARM\ARMCC\Bin
C Compiler:      Armcc.exe V5.06 update 6 (build 750)
Assembler:       Armasm.exe V5.06 update 6 (build 750)
Linker/Locator:  ArmLink.exe V5.06 update 6 (build 750)
Library Manager: ArmAr.exe V5.06 update 6 (build 750)
Hex Converter:   FromElf.exe V5.06 update 6 (build 750)
CPU DLL:         SARMCM3.DLL V5.31.0.0
Dialog DLL:      DCM.DLL V1.17.3.0
Target DLL:      Segger\JL2CM3.dll V2.99.38.0
Dialog DLL:      TCM.DLL V1.46.0.0
 
<h2>Project:</h2>
D:\stm32f103c8t6\miniboard\stm32f103c8t6\MDK-ARM\mytest.uvprojx
Project File Date:  08/10/2025

<h2>Output:</h2>
*** Using Compiler 'V5.06 update 6 (build 750)', folder: 'D:\program\keilarm\ARM\ARMCC\Bin'
Build target 'mytest'
compiling stm32f1xx_it.c...
compiling stm32f1xx_hal_msp.c...
compiling stm32f1xx_hal.c...
compiling main.c...
compiling armlib_lock_glue.c...
compiling stm32f1xx_hal_gpio.c...
compiling dma.c...
compiling stm32f1xx_hal_gpio_ex.c...
compiling usart.c...
compiling stm32f1xx_hal_timebase_tim.c...
compiling stm32f1xx_hal_rcc_ex.c...
compiling stm32f1xx_hal_cortex.c...
compiling gpio.c...
compiling stm32f1xx_hal_dma.c...
compiling freertos.c...
../private/dmaRingBuffer.h(15): warning:  #1-D: last line of file ends without a newline
  #endif 
../Core/Src/freertos.c(55): warning:  #177-D: variable "data"  was declared but never referenced
  static char data     = 0;
../Core/Src/freertos.c: 2 warnings, 0 errors
compiling stm32f1xx_hal_rcc.c...
compiling croutine.c...
compiling event_groups.c...
compiling list.c...
compiling stream_buffer.c...
compiling queue.c...
compiling timers.c...
compiling tasks.c...
compiling heap_4.c...
compiling shell_cmd_list.c...
compiling shell_companion.c...
compiling shell.c...
compiling shell_ext.c...
compiling stm32f1xx_hal_flash.c...
compiling stm32f1xx_hal_pwr.c...
compiling stm32f1xx_hal_exti.c...
compiling stm32f1xx_hal_flash_ex.c...
compiling cmsis_os.c...
compiling stm32f1xx_hal_tim.c...
compiling dmaRingBuffer.c...
..\private\dmaRingBuffer.h(15): warning:  #1-D: last line of file ends without a newline
  #endif 
..\private\dmaRingBuffer.c: 1 warning, 0 errors
compiling port.c...
compiling system_stm32f1xx.c...
compiling stm32f1xx_hal_uart.c...
compiling rePrintf.c...
compiling shell_port.c...
..\letter-shell-master\demo\stm32-freertos\shell_port.c(51): warning:  #177-D: function "userShellRead"  was declared but never referenced
  static short userShellRead(char *data, unsigned short len)
..\letter-shell-master\demo\stm32-freertos\shell_port.c(63): warning:  #177-D: function "userShellLock"  was declared but never referenced
  static int userShellLock(Shell *shell)
..\letter-shell-master\demo\stm32-freertos\shell_port.c(76): warning:  #177-D: function "userShellUnlock"  was declared but never referenced
  static int userShellUnlock(Shell *shell)
..\letter-shell-master\demo\stm32-freertos\shell_port.c: 3 warnings, 0 errors
compiling stm32f1xx_hal_tim_ex.c...
linking...
Program Size: Code=18680 RO-data=1644 RW-data=232 ZI-data=7944  
FromELF: creating hex file...
"mytest\mytest.axf" - 0 Error(s), 6 Warning(s).

<h2>Software Packages used:</h2>

Package Vendor: ARM
                http://www.keil.com/pack/ARM.CMSIS.5.7.0.pack
                ARM.CMSIS.5.7.0
                CMSIS (Cortex Microcontroller Software Interface Standard)
   * Component: CORE Version: 5.4.0

Package Vendor: Keil
                https://www.keil.com/pack/Keil.STM32F1xx_DFP.2.4.1.pack
                Keil.STM32F1xx_DFP.2.4.1
                STMicroelectronics STM32F1 Series Device Support, Drivers and Examples

<h2>Collection of Component include folders:</h2>
  .\RTE\_mytest
  D:\program\keilarm\pack\ARM\CMSIS\5.7.0\CMSIS\Core\Include
  D:\program\keilarm\pack\Keil\STM32F1xx_DFP\2.4.1\Device\Include

<h2>Collection of Component Files used:</h2>

   * Component: ARM::CMSIS:CORE:5.4.0
      Include file:  CMSIS\Core\Include\tz_context.h
Build Time Elapsed:  00:01:28
</pre>
</body>
</html>
