Component: ARM Compiler 5.06 update 6 (build 750) Tool: armlink [4d35ed]

==============================================================================

Section Cross References

    startup_stm32f103xb.o(STACK) refers (Special) to heapauxi.o(.text) for __use_two_region_memory
    startup_stm32f103xb.o(HEAP) refers (Special) to heapauxi.o(.text) for __use_two_region_memory
    startup_stm32f103xb.o(RESET) refers (Special) to heapauxi.o(.text) for __use_two_region_memory
    startup_stm32f103xb.o(RESET) refers to startup_stm32f103xb.o(STACK) for __initial_sp
    startup_stm32f103xb.o(RESET) refers to startup_stm32f103xb.o(.text) for Reset_Handler
    startup_stm32f103xb.o(RESET) refers to stm32f1xx_it.o(i.NMI_Handler) for NMI_Handler
    startup_stm32f103xb.o(RESET) refers to stm32f1xx_it.o(i.HardFault_Handler) for HardFault_Handler
    startup_stm32f103xb.o(RESET) refers to stm32f1xx_it.o(i.MemManage_Handler) for MemManage_Handler
    startup_stm32f103xb.o(RESET) refers to stm32f1xx_it.o(i.BusFault_Handler) for BusFault_Handler
    startup_stm32f103xb.o(RESET) refers to stm32f1xx_it.o(i.UsageFault_Handler) for UsageFault_Handler
    startup_stm32f103xb.o(RESET) refers to port.o(.emb_text) for SVC_Handler
    startup_stm32f103xb.o(RESET) refers to stm32f1xx_it.o(i.DebugMon_Handler) for DebugMon_Handler
    startup_stm32f103xb.o(RESET) refers to port.o(i.SysTick_Handler) for SysTick_Handler
    startup_stm32f103xb.o(RESET) refers to stm32f1xx_it.o(i.DMA1_Channel4_IRQHandler) for DMA1_Channel4_IRQHandler
    startup_stm32f103xb.o(RESET) refers to stm32f1xx_it.o(i.DMA1_Channel5_IRQHandler) for DMA1_Channel5_IRQHandler
    startup_stm32f103xb.o(RESET) refers to stm32f1xx_it.o(i.TIM1_UP_IRQHandler) for TIM1_UP_IRQHandler
    startup_stm32f103xb.o(RESET) refers to stm32f1xx_it.o(i.USART1_IRQHandler) for USART1_IRQHandler
    startup_stm32f103xb.o(.text) refers (Special) to heapauxi.o(.text) for __use_two_region_memory
    startup_stm32f103xb.o(.text) refers to system_stm32f1xx.o(i.SystemInit) for SystemInit
    startup_stm32f103xb.o(.text) refers to __main.o(!!!main) for __main
    startup_stm32f103xb.o(.text) refers to startup_stm32f103xb.o(HEAP) for Heap_Mem
    startup_stm32f103xb.o(.text) refers to startup_stm32f103xb.o(STACK) for Stack_Mem
    armlib_lock_glue.o(i.__armlib_thread_safety_init) refers to armlib_lock_glue.o(i.stm32_lock_acquire) for stm32_lock_acquire
    armlib_lock_glue.o(i.__armlib_thread_safety_init) refers to armlib_lock_glue.o(i.stm32_lock_release) for stm32_lock_release
    armlib_lock_glue.o(i.__armlib_thread_safety_init) refers to armlib_lock_glue.o(.bss) for .bss
    armlib_lock_glue.o(i._mutex_acquire) refers to armlib_lock_glue.o(i.stm32_lock_acquire) for stm32_lock_acquire
    armlib_lock_glue.o(i._mutex_acquire) refers to main.o(i.Error_Handler) for Error_Handler
    armlib_lock_glue.o(i._mutex_acquire) refers to armlib_lock_glue.o(i.stm32_lock_release) for stm32_lock_release
    armlib_lock_glue.o(i._mutex_acquire) refers to armlib_lock_glue.o(.bss) for .bss
    armlib_lock_glue.o(i._mutex_free) refers to armlib_lock_glue.o(i.stm32_lock_acquire) for stm32_lock_acquire
    armlib_lock_glue.o(i._mutex_free) refers to main.o(i.Error_Handler) for Error_Handler
    armlib_lock_glue.o(i._mutex_free) refers to armlib_lock_glue.o(i.stm32_lock_release) for stm32_lock_release
    armlib_lock_glue.o(i._mutex_free) refers to armlib_lock_glue.o(.bss) for .bss
    armlib_lock_glue.o(i._mutex_initialize) refers to armlib_lock_glue.o(i.stm32_lock_acquire) for stm32_lock_acquire
    armlib_lock_glue.o(i._mutex_initialize) refers to armlib_lock_glue.o(i.stm32_lock_release) for stm32_lock_release
    armlib_lock_glue.o(i._mutex_initialize) refers to main.o(i.Error_Handler) for Error_Handler
    armlib_lock_glue.o(i._mutex_initialize) refers to armlib_lock_glue.o(.bss) for .bss
    armlib_lock_glue.o(i._mutex_release) refers to armlib_lock_glue.o(i.stm32_lock_acquire) for stm32_lock_acquire
    armlib_lock_glue.o(i._mutex_release) refers to main.o(i.Error_Handler) for Error_Handler
    armlib_lock_glue.o(i._mutex_release) refers to armlib_lock_glue.o(i.stm32_lock_release) for stm32_lock_release
    armlib_lock_glue.o(i._mutex_release) refers to armlib_lock_glue.o(.bss) for .bss
    armlib_lock_glue.o(i.stm32_lock_acquire) refers to main.o(i.Error_Handler) for Error_Handler
    armlib_lock_glue.o(i.stm32_lock_release) refers to main.o(i.Error_Handler) for Error_Handler
    armlib_lock_glue.o(.init_array) refers to armlib_lock_glue.o(i.__armlib_thread_safety_init) for __armlib_thread_safety_init
    armlib_lock_glue.o(.init_array) refers to init_aeabi.o(.text) for __cpp_initialize__aeabi_
    main.o(i.HAL_TIM_PeriodElapsedCallback) refers to stm32f1xx_hal.o(i.HAL_IncTick) for HAL_IncTick
    main.o(i.SystemClock_Config) refers to rt_memclr_w.o(.text) for __aeabi_memclr4
    main.o(i.SystemClock_Config) refers to stm32f1xx_hal_rcc.o(i.HAL_RCC_OscConfig) for HAL_RCC_OscConfig
[...]
    .constdata                               0x08004af7   Section        6  shell.o(.constdata)
    .constdata                               0x08004afd   Section       14  shell.o(.constdata)
    .constdata                               0x08004b0b   Section        5  shell.o(.constdata)
    .constdata                               0x08004b10   Section       13  shell.o(.constdata)
    .constdata                               0x08004b1d   Section        5  shell.o(.constdata)
    .constdata                               0x08004b22   Section       13  shell.o(.constdata)
    .constdata                               0x08004b2f   Section        5  shell.o(.constdata)
    .constdata                               0x08004b34   Section       13  shell.o(.constdata)
    .constdata                               0x08004b41   Section        6  shell.o(.constdata)
    .constdata                               0x08004b47   Section       14  shell.o(.constdata)
    .conststring                             0x08004b58   Section       36  freertos.o(.conststring)
    .conststring                             0x08004b7c   Section      673  shell.o(.conststring)
    shellCommand                             0x08004e40   Section      288  shell.o(shellCommand)
    __tagsym$$used                           0x08004e40   Number         0  shell.o(shellCommand)
    __tagsym$$used                           0x08004e50   Number         0  shell.o(shellCommand)
    __tagsym$$used                           0x08004e60   Number         0  shell.o(shellCommand)
    __tagsym$$used                           0x08004e70   Number         0  shell.o(shellCommand)
    __tagsym$$used                           0x08004e80   Number         0  shell.o(shellCommand)
    __tagsym$$used                           0x08004e90   Number         0  shell.o(shellCommand)
    __tagsym$$used                           0x08004ea0   Number         0  shell.o(shellCommand)
    __tagsym$$used                           0x08004eb0   Number         0  shell.o(shellCommand)
    __tagsym$$used                           0x08004ec0   Number         0  shell.o(shellCommand)
    __tagsym$$used                           0x08004ed0   Number         0  shell.o(shellCommand)
    __tagsym$$used                           0x08004ee0   Number         0  shell.o(shellCommand)
    __tagsym$$used                           0x08004ef0   Number         0  shell.o(shellCommand)
    __tagsym$$used                           0x08004f00   Number         0  shell.o(shellCommand)
    __tagsym$$used                           0x08004f10   Number         0  shell.o(shellCommand)
    __tagsym$$used                           0x08004f20   Number         0  shell.o(shellCommand)
    __tagsym$$used                           0x08004f30   Number         0  shell.o(shellCommand)
    __tagsym$$used                           0x08004f40   Number         0  shell.o(shellCommand)
    __tagsym$$used                           0x08004f50   Number         0  shell.o(shellCommand)
    .init_array                              0x08004f60   Section        4  armlib_lock_glue.o(.init_array)
    .init_array                              0x08004f64   Section        0  init_aeabi.o(.init_array)
    .data                                    0x20000000   Section       20  freertos.o(.data)
    rcv_cnts                                 0x20000000   Data           4  freertos.o(.data)
    .data                                    0x20000014   Section       12  stm32f1xx_hal.o(.data)
    .data                                    0x20000020   Section        4  system_stm32f1xx.o(.data)
    .data                                    0x20000024   Section       60  tasks.o(.data)
    uxDeletedTasksWaitingCleanUp             0x20000028   Data           4  tasks.o(.data)
    uxCurrentNumberOfTasks                   0x2000002c   Data           4  tasks.o(.data)
    xTickCount                               0x20000030   Data           4  tasks.o(.data)
    uxTopReadyPriority                       0x20000034   Data           4  tasks.o(.data)
    xSchedulerRunning                        0x20000038   Data           4  tasks.o(.data)
    xPendedTicks                             0x2000003c   Data           4  tasks.o(.data)
    xYieldPending                            0x20000040   Data           4  tasks.o(.data)
    xNumOfOverflows                          0x20000044   Data           4  tasks.o(.data)
    uxTaskNumber                             0x20000048   Data           4  tasks.o(.data)
    xNextTaskUnblockTime                     0x2000004c   Data           4  tasks.o(.data)
    xIdleTaskHandle                          0x20000050   Data           4  tasks.o(.data)
    uxSchedulerSuspended                     0x20000054   Data           4  tasks.o(.data)
    pxDelayedTaskList                        0x20000058   Data           4  tasks.o(.data)
    pxOverflowDelayedTaskList                0x2000005c   Data           4  tasks.o(.data)
    .data                                    0x20000060   Section       32  heap_4.o(.data)
    pxEnd                                    0x20000060   Data           4  heap_4.o(.data)
    xFreeBytesRemaining                      0x20000064   Data           4  heap_4.o(.data)
    xMinimumEverFreeBytesRemaining           0x20000068   Data           4  heap_4.o(.data)
    xNumberOfSuccessfulAllocations           0x2000006c   Data           4  heap_4.o(.data)
    xNumberOfSuccessfulFrees                 0x20000070   Data           4  heap_4.o(.data)
    xBlockAllocatedBit                       0x20000074   Data           4  heap_4.o(.data)
    xStart                                   0x20000078   Data           8  heap_4.o(.data)
    .data                                    0x20000080   Section       12  port.o(.data)
    ucMaxSysCallPriority                     0x20000080   Data           1  port.o(.data)
    uxCriticalNesting                        0x20000084   Data           4  port.o(.data)
    ulMaxPRIGROUPValue                       0x20000088   Data           4  port.o(.data)
    .data                                    0x2000008c   Section        2  dmaringbuffer.o(.data)
    .data                                    0x20000090   Section       88  shell.o(.data)
    shellText                                0x20000094   Data          84  shell.o(.data)
    .bss                                     0x200000e8   Section      140  armlib_lock_glue.o(.bss)
    static_list_lock                         0x200000e8   Data          12  armlib_lock_glue.o(.bss)
    static_lock                              0x200000f4   Data         128  armlib_lock_glue.o(.bss)
    .bss                                     0x20000174   Section      596  freertos.o(.bss)
    xIdleTaskTCBBuffer                       0x20000174   Data          84  freertos.o(.bss)
    xIdleStack                               0x200001c8   Data         512  freertos.o(.bss)
    .bss                                     0x200003c8   Section      256  usart.o(.bss)
    .bss                                     0x200004c8   Section       72  stm32f1xx_hal_timebase_tim.o(.bss)
    .bss                                     0x20000510   Section      240  tasks.o(.bss)
    pxReadyTasksLists                        0x20000510   Data         140  tasks.o(.bss)
    xDelayedTaskList1                        0x2000059c   Data          20  tasks.o(.bss)
    xDelayedTaskList2                        0x200005b0   Data          20  tasks.o(.bss)
    xPendingReadyList                        0x200005c4   Data          20  tasks.o(.bss)
    xTasksWaitingTermination                 0x200005d8   Data          20  tasks.o(.bss)
    xSuspendedTaskList                       0x200005ec   Data          20  tasks.o(.bss)
    .bss                                     0x20000600   Section     4096  heap_4.o(.bss)
    ucHeap                                   0x20000600   Data        4096  heap_4.o(.bss)
    .bss                                     0x20001600   Section      260  dmaringbuffer.o(.bss)
    .bss                                     0x20001704   Section       29  shell.o(.bss)
    shellList                                0x20001704   Data          20  shell.o(.bss)
    buffer                                   0x20001718   Data           9  shell.o(.bss)
    .bss                                     0x20001724   Section      620  shell_port.o(.bss)
    .bss                                     0x20001990   Section       96  libspace.o(.bss)
    HEAP                                     0x200019f0   Section      512  startup_stm32f103xb.o(HEAP)
    Heap_Mem                                 0x200019f0   Data         512  startup_stm32f103xb.o(HEAP)
    STACK                                    0x20001bf0   Section     1024  startup_stm32f103xb.o(STACK)
    Stack_Mem                                0x20001bf0   Data        1024  startup_stm32f103xb.o(STACK)
    __initial_sp                             0x20001ff0   Data           0  startup_stm32f103xb.o(STACK)

    Global Symbols

    Symbol Name                              Value     Ov Type        Size  Object(Section)

    BuildAttributes$$THM_ISAv4$P$D$K$B$S$PE$A:L22UL41UL21$X:L11$S22US41US21$IEEE1$IW$USESV6$~STKCKD$USESV7$~SHL$OTIME$ROPI$IEEEJ$EBA8$UX$STANDARDLIB$REQ8$PRES8$EABIv2 0x00000000   Number         0  anon$$obj.o ABSOLUTE
    __ARM_use_no_argv                        0x00000000   Number         0  main.o ABSOLUTE
    _printf_flags                            0x00000000   Number         0  printf_stubs.o ABSOLUTE
    _printf_return_value                     0x00000000   Number         0  printf_stubs.o ABSOLUTE
    _printf_sizespec                         0x00000000   Number         0  printf_stubs.o ABSOLUTE
    _printf_widthprec                        0x00000000   Number         0  printf_stubs.o ABSOLUTE
    __ARM_exceptions_init                     - Undefined Weak Reference
    __alloca_initialize                       - Undefined Weak Reference
    __arm_preinit_                            - Undefined Weak Reference
    __cxa_finalize                            - Undefined Weak Reference
    __sigvec_lookup                           - Undefined Weak Reference
    _atexit_init                              - Undefined Weak Reference
    _call_atexit_fns                          - Undefined Weak Reference
    _clock_init                               - Undefined Weak Reference
    _fp_trap_init                             - Undefined Weak Reference
    _fp_trap_shutdown                         - Undefined Weak Reference
    _get_lc_collate                           - Undefined Weak Reference
    _get_lc_monetary                          - Undefined Weak Reference
    _get_lc_time                              - Undefined Weak Reference
    _getenv_init                              - Undefined Weak Reference
    _handle_redirection                       - Undefined Weak Reference
    _init_alloc                               - Undefined Weak Reference
    _init_user_alloc                          - Undefined Weak Reference
    _initio                                   - Undefined Weak Reference
    _printf_mbtowc                            - Undefined Weak Reference
    _printf_wc                                - Undefined Weak Reference
    _rand_init                                - Undefined Weak Reference
    _signal_finish                            - Undefined Weak Reference
    _signal_init                              - Undefined Weak Reference
    _terminate_alloc                          - Undefined Weak Reference
    _terminate_user_alloc                     - Undefined Weak Reference
    _terminateio                              - Undefined Weak Reference
    __Vectors_Size                           0x000000ec   Number         0  startup_stm32f103xb.o ABSOLUTE
    __Vectors                                0x08000000   Data           4  startup_stm32f103xb.o(RESET)
    __Vectors_End                            0x080000ec   Data           0  startup_stm32f103xb.o(RESET)
    __main                                   0x080000ed   Thumb Code     8  __main.o(!!!main)
    __scatterload                            0x080000f5   Thumb Code     0  __scatter.o(!!!scatter)
    __scatterload_rt2                        0x080000f5   Thumb Code    44  __scatter.o(!!!scatter)
    __scatterload_rt2_thumb_only             0x080000f5   Thumb Code     0  __scatter.o(!!!scatter)
    __scatterload_null                       0x08000103   Thumb Code     0  __scatter.o(!!!scatter)
    __scatterload_copy                       0x08000129   Thumb Code    26  __scatter_copy.o(!!handler_copy)
    __scatterload_zeroinit                   0x08000145   Thumb Code    28  __scatter_zi.o(!!handler_zi)
    __rt_lib_init                            0x08000161   Thumb Code     0  libinit.o(.ARM.Collect$$libinit$$00000000)
    __rt_lib_init_alloca_1                   0x08000163   Thumb Code     0  libinit2.o(.ARM.Collect$$libinit$$0000002E)
    __rt_lib_init_argv_1                     0x08000163   Thumb Code     0  libinit2.o(.ARM.Collect$$libinit$$0000002C)
    __rt_lib_init_atexit_1                   0x08000163   Thumb Code     0  libinit2.o(.ARM.Collect$$libinit$$0000001B)
    __rt_lib_init_clock_1                    0x08000163   Thumb Code     0  libinit2.o(.ARM.Collect$$libinit$$00000021)
    __rt_lib_init_cpp_2                      0x08000163   Thumb Code     0  libinit2.o(.ARM.Collect$$libinit$$00000031)
    __rt_lib_init_exceptions_1               0x08000163   Thumb Code     0  libinit2.o(.ARM.Collect$$libinit$$00000030)
    __rt_lib_init_fp_1                       0x08000163   Thumb Code     0  libinit2.o(.ARM.Collect$$libinit$$00000002)
    __rt_lib_init_fp_trap_1                  0x08000163   Thumb Code     0  libinit2.o(.ARM.Collect$$libinit$$0000001F)
    __rt_lib_init_getenv_1                   0x08000163   Thumb Code     0  libinit2.o(.ARM.Collect$$libinit$$00000023)
    __rt_lib_init_heap_1                     0x08000163   Thumb Code     0  libinit2.o(.ARM.Collect$$libinit$$0000000A)
    __rt_lib_init_lc_collate_1               0x08000163   Thumb Code     0  libinit2.o(.ARM.Collect$$libinit$$00000011)
    __rt_lib_init_lc_ctype_1                 0x08000163   Thumb Code     0  libinit2.o(.ARM.Collect$$libinit$$00000013)
    __rt_lib_init_lc_monetary_1              0x08000163   Thumb Code     0  libinit2.o(.ARM.Collect$$libinit$$00000015)
    __rt_lib_init_lc_numeric_1               0x08000163   Thumb Code     0  libinit2.o(.ARM.Collect$$libinit$$00000017)
    __rt_lib_init_lc_time_1                  0x08000163   Thumb Code     0  libinit2.o(.ARM.Collect$$libinit$$00000019)
    __rt_lib_init_preinit_1                  0x08000163   Thumb Code     0  libinit2.o(.ARM.Collect$$libinit$$00000004)
    __rt_lib_init_rand_1                     0x08000163   Thumb Code     0  libinit2.o(.ARM.Collect$$libinit$$0000000E)
    __rt_lib_init_signal_1                   0x08000163   Thumb Code     0  libinit2.o(.ARM.Collect$$libinit$$0000001D)
    __rt_lib_init_stdio_1                    0x08000163   Thumb Code     0  libinit2.o(.ARM.Collect$$libinit$$00000025)
    __rt_lib_init_user_alloc_1               0x08000163   Thumb Code     0  libinit2.o(.ARM.Collect$$libinit$$0000000C)
    __rt_lib_init_cpp_1                      0x08000167   Thumb Code     0  libinit2.o(.ARM.Collect$$libinit$$00000032)
    __rt_lib_init_return                     0x08000167   Thumb Code     0  libinit2.o(.ARM.Collect$$libinit$$00000033)
    __rt_lib_shutdown                        0x08000169   Thumb Code     0  libshutdown.o(.ARM.Collect$$libshutdown$$00000000)
    __rt_lib_shutdown_cpp_1                  0x0800016b   Thumb Code     0  libshutdown2.o(.ARM.Collect$$libshutdown$$00000002)
    __rt_lib_shutdown_fp_trap_1              0x0800016b   Thumb Code     0  libshutdown2.o(.ARM.Collect$$libshutdown$$00000007)
    __rt_lib_shutdown_heap_1                 0x0800016b   Thumb Code     0  libshutdown2.o(.ARM.Collect$$libshutdown$$0000000F)
    __rt_lib_shutdown_return                 0x0800016b   Thumb Code     0  libshutdown2.o(.ARM.Collect$$libshutdown$$00000010)
    __rt_lib_shutdown_signal_1               0x0800016b   Thumb Code     0  libshutdown2.o(.ARM.Collect$$libshutdown$$0000000A)
    __rt_lib_shutdown_stdio_1                0x0800016b   Thumb Code     0  libshutdown2.o(.ARM.Collect$$libshutdown$$00000004)
    __rt_lib_shutdown_user_alloc_1           0x0800016b   Thumb Code     0  libshutdown2.o(.ARM.Collect$$libshutdown$$0000000C)
    __rt_entry                               0x0800016d   Thumb Code     0  __rtentry.o(.ARM.Collect$$rtentry$$00000000)
    __rt_entry_presh_1                       0x0800016d   Thumb Code     0  __rtentry2.o(.ARM.Collect$$rtentry$$00000002)
    __rt_entry_sh                            0x0800016d   Thumb Code     0  __rtentry4.o(.ARM.Collect$$rtentry$$00000004)
    __rt_entry_li                            0x08000173   Thumb Code     0  __rtentry2.o(.ARM.Collect$$rtentry$$0000000A)
    __rt_entry_postsh_1                      0x08000173   Thumb Code     0  __rtentry2.o(.ARM.Collect$$rtentry$$00000009)
    __rt_entry_main                          0x08000177   Thumb Code     0  __rtentry2.o(.ARM.Collect$$rtentry$$0000000D)
    __rt_entry_postli_1                      0x08000177   Thumb Code     0  __rtentry2.o(.ARM.Collect$$rtentry$$0000000C)
    __rt_exit                                0x0800017f   Thumb Code     0  rtexit.o(.ARM.Collect$$rtexit$$00000000)
    __rt_exit_ls                             0x08000181   Thumb Code     0  rtexit2.o(.ARM.Collect$$rtexit$$00000003)
    __rt_exit_prels_1                        0x08000181   Thumb Code     0  rtexit2.o(.ARM.Collect$$rtexit$$00000002)
    __rt_exit_exit                           0x08000185   Thumb Code     0  rtexit2.o(.ARM.Collect$$rtexit$$00000004)
    SVC_Handler                              0x0800018d   Thumb Code    32  port.o(.emb_text)
    __asm___6_port_c_39a90d8d__prvStartFirstTask 0x080001b1   Thumb Code    28  port.o(.emb_text)
    PendSV_Handler                           0x080001d1   Thumb Code    72  port.o(.emb_text)
    vPortGetIPSR                             0x0800021d   Thumb Code     6  port.o(.emb_text)
    Reset_Handler                            0x08000225   Thumb Code     8  startup_stm32f103xb.o(.text)
    ADC1_2_IRQHandler                        0x0800023f   Thumb Code     0  startup_stm32f103xb.o(.text)
    CAN1_RX1_IRQHandler                      0x0800023f   Thumb Code     0  startup_stm32f103xb.o(.text)
    CAN1_SCE_IRQHandler                      0x0800023f   Thumb Code     0  startup_stm32f103xb.o(.text)
    DMA1_Channel1_IRQHandler                 0x0800023f   Thumb Code     0  startup_stm32f103xb.o(.text)
    DMA1_Channel2_IRQHandler                 0x0800023f   Thumb Code     0  startup_stm32f103xb.o(.text)
    DMA1_Channel3_IRQHandler                 0x0800023f   Thumb Code     0  startup_stm32f103xb.o(.text)
    DMA1_Channel6_IRQHandler                 0x0800023f   Thumb Code     0  startup_stm32f103xb.o(.text)
    DMA1_Channel7_IRQHandler                 0x0800023f   Thumb Code     0  startup_stm32f103xb.o(.text)
    EXTI0_IRQHandler                         0x0800023f   Thumb Code     0  startup_stm32f103xb.o(.text)
    EXTI15_10_IRQHandler                     0x0800023f   Thumb Code     0  startup_stm32f103xb.o(.text)
    EXTI1_IRQHandler                         0x0800023f   Thumb Code     0  startup_stm32f103xb.o(.text)
    EXTI2_IRQHandler                         0x0800023f   Thumb Code     0  startup_stm32f103xb.o(.text)
    EXTI3_IRQHandler                         0x0800023f   Thumb Code     0  startup_stm32f103xb.o(.text)
    EXTI4_IRQHandler                         0x0800023f   Thumb Code     0  startup_stm32f103xb.o(.text)
    EXTI9_5_IRQHandler                       0x0800023f   Thumb Code     0  startup_stm32f103xb.o(.text)
    FLASH_IRQHandler                         0x0800023f   Thumb Code     0  startup_stm32f103xb.o(.text)
    I2C1_ER_IRQHandler                       0x0800023f   Thumb Code     0  startup_stm32f103xb.o(.text)
    I2C1_EV_IRQHandler                       0x0800023f   Thumb Code     0  startup_stm32f103xb.o(.text)
    I2C2_ER_IRQHandler                       0x0800023f   Thumb Code     0  startup_stm32f103xb.o(.text)
    I2C2_EV_IRQHandler                       0x0800023f   Thumb Code     0  startup_stm32f103xb.o(.text)
    PVD_IRQHandler                           0x0800023f   Thumb Code     0  startup_stm32f103xb.o(.text)
    RCC_IRQHandler                           0x0800023f   Thumb Code     0  startup_stm32f103xb.o(.text)
    RTC_Alarm_IRQHandler                     0x0800023f   Thumb Code     0  startup_stm32f103xb.o(.text)
    RTC_IRQHandler                           0x0800023f   Thumb Code     0  startup_stm32f103xb.o(.text)
    SPI1_IRQHandler                          0x0800023f   Thumb Code     0  startup_stm32f103xb.o(.text)
    SPI2_IRQHandler                          0x0800023f   Thumb Code     0  startup_stm32f103xb.o(.text)
    TAMPER_IRQHandler                        0x0800023f   Thumb Code     0  startup_stm32f103xb.o(.text)
    TIM1_BRK_IRQHandler                      0x0800023f   Thumb Code     0  startup_stm32f103xb.o(.text)
    TIM1_CC_IRQHandler                       0x0800023f   Thumb Code     0  startup_stm32f103xb.o(.text)
    TIM1_TRG_COM_IRQHandler                  0x0800023f   Thumb Code     0  startup_stm32f103xb.o(.text)
    TIM2_IRQHandler                          0x0800023f   Thumb Code     0  startup_stm32f103xb.o(.text)
    TIM3_IRQHandler                          0x0800023f   Thumb Code     0  startup_stm32f103xb.o(.text)
    TIM4_IRQHandler                          0x0800023f   Thumb Code     0  startup_stm32f103xb.o(.text)
    USART2_IRQHandler                        0x0800023f   Thumb Code     0  startup_stm32f103xb.o(.text)
    USART3_IRQHandler                        0x0800023f   Thumb Code     0  startup_stm32f103xb.o(.text)
    USBWakeUp_IRQHandler                     0x0800023f   Thumb Code     0  startup_stm32f103xb.o(.text)
    USB_HP_CAN1_TX_IRQHandler                0x0800023f   Thumb Code     0  startup_stm32f103xb.o(.text)
    USB_LP_CAN1_RX0_IRQHandler               0x0800023f   Thumb Code     0  startup_stm32f103xb.o(.text)
    WWDG_IRQHandler                          0x0800023f   Thumb Code     0  startup_stm32f103xb.o(.text)
    __user_initial_stackheap                 0x08000241   Thumb Code     0  startup_stm32f103xb.o(.text)
    strlen                                   0x08000265   Thumb Code    62  strlen.o(.text)
    strncmp                                  0x080002a3   Thumb Code   150  strncmp.o(.text)
    __aeabi_memcpy                           0x08000339   Thumb Code     0  rt_memcpy_v6.o(.text)
    __rt_memcpy                              0x08000339   Thumb Code   138  rt_memcpy_v6.o(.text)
    _memcpy_lastbytes                        0x0800039f   Thumb Code     0  rt_memcpy_v6.o(.text)
    __aeabi_memcpy4                          0x080003c3   Thumb Code     0  rt_memcpy_w.o(.text)
    __aeabi_memcpy8                          0x080003c3   Thumb Code     0  rt_memcpy_w.o(.text)
    __rt_memcpy_w                            0x080003c3   Thumb Code   100  rt_memcpy_w.o(.text)
    _memcpy_lastbytes_aligned                0x0800040b   Thumb Code     0  rt_memcpy_w.o(.text)
    __aeabi_memclr4                          0x08000427   Thumb Code     0  rt_memclr_w.o(.text)
    __aeabi_memclr8                          0x08000427   Thumb Code     0  rt_memclr_w.o(.text)
    __rt_memclr_w                            0x08000427   Thumb Code    78  rt_memclr_w.o(.text)
    _memset_w                                0x0800042b   Thumb Code     0  rt_memclr_w.o(.text)
    strcmp                                   0x08000475   Thumb Code   128  strcmpv7m.o(.text)
    __use_two_region_memory                  0x080004f5   Thumb Code     2  heapauxi.o(.text)
    __rt_heap_escrow$2region                 0x080004f7   Thumb Code     2  heapauxi.o(.text)
    __rt_heap_expand$2region                 0x080004f9   Thumb Code     2  heapauxi.o(.text)
    __cpp_initialize__aeabi_                 0x080004fd   Thumb Code    26  init_aeabi.o(.text)
    __user_setup_stackheap                   0x08000521   Thumb Code    74  sys_stackheap_outer.o(.text)
    exit                                     0x0800056b   Thumb Code    18  exit.o(.text)
    __user_libspace                          0x0800057d   Thumb Code     8  libspace.o(.text)
    __user_perproc_libspace                  0x0800057d   Thumb Code     0  libspace.o(.text)
    __user_perthread_libspace                0x0800057d   Thumb Code     0  libspace.o(.text)
    __I$use$semihosting                      0x08000585   Thumb Code     0  use_no_semi.o(.text)
    __use_no_semihosting_swi                 0x08000585   Thumb Code     2  use_no_semi.o(.text)
    __semihosting_library_function           0x08000587   Thumb Code     0  indicate_semi.o(.text)
    _sys_exit                                0x08000589   Thumb Code     8  sys_exit.o(.text)
    BusFault_Handler                         0x08000595   Thumb Code     2  stm32f1xx_it.o(i.BusFault_Handler)
    DMA1_Channel4_IRQHandler                 0x08000599   Thumb Code     6  stm32f1xx_it.o(i.DMA1_Channel4_IRQHandler)
    DMA1_Channel5_IRQHandler                 0x080005a5   Thumb Code     6  stm32f1xx_it.o(i.DMA1_Channel5_IRQHandler)
    DebugMon_Handler                         0x080005db   Thumb Code     2  stm32f1xx_it.o(i.DebugMon_Handler)
    Error_Handler                            0x080005dd   Thumb Code     4  main.o(i.Error_Handler)
    HAL_DMA_Abort                            0x080005e1   Thumb Code    70  stm32f1xx_hal_dma.o(i.HAL_DMA_Abort)
    HAL_DMA_Abort_IT                         0x08000629   Thumb Code   148  stm32f1xx_hal_dma.o(i.HAL_DMA_Abort_IT)
    HAL_DMA_IRQHandler                       0x080006c1   Thumb Code   320  stm32f1xx_hal_dma.o(i.HAL_DMA_IRQHandler)
    HAL_DMA_Init                             0x08000819   Thumb Code    84  stm32f1xx_hal_dma.o(i.HAL_DMA_Init)
    HAL_DMA_Start_IT                         0x08000875   Thumb Code   112  stm32f1xx_hal_dma.o(i.HAL_DMA_Start_IT)
    HAL_GPIO_Init                            0x080008e5   Thumb Code   426  stm32f1xx_hal_gpio.o(i.HAL_GPIO_Init)
    HAL_GetTick                              0x08000ab1   Thumb Code     6  stm32f1xx_hal.o(i.HAL_GetTick)
    HAL_IncTick                              0x08000abd   Thumb Code    12  stm32f1xx_hal.o(i.HAL_IncTick)
    HAL_Init                                 0x08000acd   Thumb Code    32  stm32f1xx_hal.o(i.HAL_Init)
    HAL_InitTick                             0x08000af1   Thumb Code   118  stm32f1xx_hal_timebase_tim.o(i.HAL_InitTick)
    HAL_MspInit                              0x08000b7d   Thumb Code    62  stm32f1xx_hal_msp.o(i.HAL_MspInit)
    HAL_NVIC_EnableIRQ                       0x08000bc5   Thumb Code    26  stm32f1xx_hal_cortex.o(i.HAL_NVIC_EnableIRQ)
    HAL_NVIC_SetPriority                     0x08000be1   Thumb Code    60  stm32f1xx_hal_cortex.o(i.HAL_NVIC_SetPriority)
    HAL_NVIC_SetPriorityGrouping             0x08000c21   Thumb Code    26  stm32f1xx_hal_cortex.o(i.HAL_NVIC_SetPriorityGrouping)
    HAL_RCC_ClockConfig                      0x08000c45   Thumb Code   292  stm32f1xx_hal_rcc.o(i.HAL_RCC_ClockConfig)
    HAL_RCC_GetClockConfig                   0x08000d7d   Thumb Code    54  stm32f1xx_hal_rcc.o(i.HAL_RCC_GetClockConfig)
    HAL_RCC_GetPCLK1Freq                     0x08000dbd   Thumb Code    20  stm32f1xx_hal_rcc.o(i.HAL_RCC_GetPCLK1Freq)
    HAL_RCC_GetPCLK2Freq                     0x08000ddd   Thumb Code    20  stm32f1xx_hal_rcc.o(i.HAL_RCC_GetPCLK2Freq)
    HAL_RCC_GetSysClockFreq                  0x08000dfd   Thumb Code    58  stm32f1xx_hal_rcc.o(i.HAL_RCC_GetSysClockFreq)
    HAL_RCC_OscConfig                        0x08000e49   Thumb Code   770  stm32f1xx_hal_rcc.o(i.HAL_RCC_OscConfig)
    HAL_TIMEx_BreakCallback                  0x08001161   Thumb Code     2  stm32f1xx_hal_tim_ex.o(i.HAL_TIMEx_BreakCallback)
    HAL_TIMEx_CommutCallback                 0x08001163   Thumb Code     2  stm32f1xx_hal_tim_ex.o(i.HAL_TIMEx_CommutCallback)
    HAL_TIM_Base_Init                        0x08001165   Thumb Code    90  stm32f1xx_hal_tim.o(i.HAL_TIM_Base_Init)
    HAL_TIM_Base_MspInit                     0x080011bf   Thumb Code     2  stm32f1xx_hal_tim.o(i.HAL_TIM_Base_MspInit)
    HAL_TIM_Base_Start_IT                    0x080011c1   Thumb Code    76  stm32f1xx_hal_tim.o(i.HAL_TIM_Base_Start_IT)
    HAL_TIM_IC_CaptureCallback               0x08001219   Thumb Code     2  stm32f1xx_hal_tim.o(i.HAL_TIM_IC_CaptureCallback)
    HAL_TIM_IRQHandler                       0x0800121b   Thumb Code   304  stm32f1xx_hal_tim.o(i.HAL_TIM_IRQHandler)
    HAL_TIM_OC_DelayElapsedCallback          0x0800134b   Thumb Code     2  stm32f1xx_hal_tim.o(i.HAL_TIM_OC_DelayElapsedCallback)
    HAL_TIM_PWM_PulseFinishedCallback        0x0800134d   Thumb Code     2  stm32f1xx_hal_tim.o(i.HAL_TIM_PWM_PulseFinishedCallback)
    HAL_TIM_PeriodElapsedCallback            0x08001351   Thumb Code    14  main.o(i.HAL_TIM_PeriodElapsedCallback)
    HAL_TIM_TriggerCallback                  0x08001365   Thumb Code     2  stm32f1xx_hal_tim.o(i.HAL_TIM_TriggerCallback)
    HAL_UARTEx_ReceiveToIdle_DMA             0x08001367   Thumb Code    82  stm32f1xx_hal_uart.o(i.HAL_UARTEx_ReceiveToIdle_DMA)
    HAL_UARTEx_RxEventCallback               0x080013b9   Thumb Code     2  stm32f1xx_hal_uart.o(i.HAL_UARTEx_RxEventCallback)
    HAL_UART_AbortCpltCallback               0x080013bb   Thumb Code     2  stm32f1xx_hal_uart.o(i.HAL_UART_AbortCpltCallback)
    HAL_UART_AbortReceiveCpltCallback        0x080013bd   Thumb Code     2  stm32f1xx_hal_uart.o(i.HAL_UART_AbortReceiveCpltCallback)
    HAL_UART_AbortTransmitCpltCallback       0x080013bf   Thumb Code     2  stm32f1xx_hal_uart.o(i.HAL_UART_AbortTransmitCpltCallback)
    HAL_UART_DMAStop                         0x080013c1   Thumb Code   112  stm32f1xx_hal_uart.o(i.HAL_UART_DMAStop)
    HAL_UART_ErrorCallback                   0x08001431   Thumb Code     2  stm32f1xx_hal_uart.o(i.HAL_UART_ErrorCallback)
    HAL_UART_IRQHandler                      0x08001435   Thumb Code   618  stm32f1xx_hal_uart.o(i.HAL_UART_IRQHandler)
    HAL_UART_Init                            0x080016a5   Thumb Code   114  stm32f1xx_hal_uart.o(i.HAL_UART_Init)
    HAL_UART_MspInit                         0x0800171d   Thumb Code   210  usart.o(i.HAL_UART_MspInit)
    HAL_UART_RegisterRxEventCallback         0x08001805   Thumb Code    66  stm32f1xx_hal_uart.o(i.HAL_UART_RegisterRxEventCallback)
    HAL_UART_RxCpltCallback                  0x08001847   Thumb Code     2  stm32f1xx_hal_uart.o(i.HAL_UART_RxCpltCallback)
    HAL_UART_RxHalfCpltCallback              0x08001849   Thumb Code     2  stm32f1xx_hal_uart.o(i.HAL_UART_RxHalfCpltCallback)
    HAL_UART_Transmit                        0x0800184b   Thumb Code   160  stm32f1xx_hal_uart.o(i.HAL_UART_Transmit)
    HAL_UART_TxCpltCallback                  0x080018eb   Thumb Code     2  stm32f1xx_hal_uart.o(i.HAL_UART_TxCpltCallback)
    HAL_UART_TxHalfCpltCallback              0x080018ed   Thumb Code     2  stm32f1xx_hal_uart.o(i.HAL_UART_TxHalfCpltCallback)
    HardFault_Handler                        0x080018ef   Thumb Code     2  stm32f1xx_it.o(i.HardFault_Handler)
    MX_DMA_Init                              0x080018f1   Thumb Code    56  dma.o(i.MX_DMA_Init)
    MX_FREERTOS_Init                         0x0800192d   Thumb Code    96  freertos.o(i.MX_FREERTOS_Init)
    MX_GPIO_Init                             0x08001995   Thumb Code   130  gpio.o(i.MX_GPIO_Init)
    MX_USART1_UART_Init                      0x08001a29   Thumb Code    52  usart.o(i.MX_USART1_UART_Init)
    MemManage_Handler                        0x08001a69   Thumb Code     2  stm32f1xx_it.o(i.MemManage_Handler)
    NMI_Handler                              0x08001a6b   Thumb Code     2  stm32f1xx_it.o(i.NMI_Handler)
    StartDefaultTask                         0x08001a6d   Thumb Code     8  freertos.o(i.StartDefaultTask)
    StartTask02                              0x08001a75   Thumb Code     8  freertos.o(i.StartTask02)
    SysTick_Handler                          0x08001a7d   Thumb Code    38  port.o(i.SysTick_Handler)
    SystemClock_Config                       0x08001aa9   Thumb Code    92  main.o(i.SystemClock_Config)
    SystemInit                               0x08001b05   Thumb Code     2  system_stm32f1xx.o(i.SystemInit)
    TIM1_UP_IRQHandler                       0x08001b09   Thumb Code     6  stm32f1xx_it.o(i.TIM1_UP_IRQHandler)
    TIM_Base_SetConfig                       0x08001b15   Thumb Code   108  stm32f1xx_hal_tim.o(i.TIM_Base_SetConfig)
    UART_InitCallbacksToDefault              0x08001ced   Thumb Code    38  stm32f1xx_hal_uart.o(i.UART_InitCallbacksToDefault)
    UART_Start_Receive_DMA                   0x08001eb5   Thumb Code   134  stm32f1xx_hal_uart.o(i.UART_Start_Receive_DMA)
    USART1_DMAHandler                        0x08001fb9   Thumb Code    72  dmaringbuffer.o(i.USART1_DMAHandler)
    USART1_IRQHandler                        0x0800200d   Thumb Code     6  stm32f1xx_it.o(i.USART1_IRQHandler)
    UsageFault_Handler                       0x08002019   Thumb Code     2  stm32f1xx_it.o(i.UsageFault_Handler)
    __armlib_thread_safety_init              0x0800203d   Thumb Code    38  armlib_lock_glue.o(i.__armlib_thread_safety_init)
    _mutex_acquire                           0x08002069   Thumb Code    42  armlib_lock_glue.o(i._mutex_acquire)
    _mutex_free                              0x08002099   Thumb Code    40  armlib_lock_glue.o(i._mutex_free)
    _mutex_initialize                        0x080020c5   Thumb Code    90  armlib_lock_glue.o(i._mutex_initialize)
    _mutex_release                           0x08002125   Thumb Code    42  armlib_lock_glue.o(i._mutex_release)
    main                                     0x08002155   Thumb Code    30  main.o(i.main)
    osDelay                                  0x0800217f   Thumb Code    14  cmsis_os.o(i.osDelay)
    osKernelStart                            0x0800218d   Thumb Code    10  cmsis_os.o(i.osKernelStart)
    osMessageCreate                          0x08002197   Thumb Code    38  cmsis_os.o(i.osMessageCreate)
    osThreadCreate                           0x080021bd   Thumb Code    84  cmsis_os.o(i.osThreadCreate)
    pvPortMalloc                             0x0800268d   Thumb Code   216  heap_4.o(i.pvPortMalloc)
    pxPortInitialiseStack                    0x08002769   Thumb Code    32  port.o(i.pxPortInitialiseStack)
    shellBackspace                           0x0800278d   Thumb Code     6  shell.o(i.shellBackspace)
    shellCheckPermission                     0x08002793   Thumb Code    48  shell.o(i.shellCheckPermission)
    shellClear                               0x080027c5   Thumb Code    24  shell.o(i.shellClear)
    shellClearCommandLine                    0x080027e1   Thumb Code    48  shell.o(i.shellClearCommandLine)
    shellCmds                                0x08002811   Thumb Code    20  shell.o(i.shellCmds)
    shellDelete                              0x08002825   Thumb Code     8  shell.o(i.shellDelete)
    shellDeleteByte                          0x0800282d   Thumb Code   212  shell.o(i.shellDeleteByte)
    shellDeleteCommandLine                   0x08002901   Thumb Code    24  shell.o(i.shellDeleteCommandLine)
    shellDown                                0x0800291d   Thumb Code     8  shell.o(i.shellDown)
    shellEnter                               0x08002925   Thumb Code    20  shell.o(i.shellEnter)
    shellExec                                0x08002939   Thumb Code   150  shell.o(i.shellExec)
    shellExtParsePara                        0x08002b2f   Thumb Code   184  shell_ext.o(i.shellExtParsePara)
    shellExtRun                              0x08002be7   Thumb Code   210  shell_ext.o(i.shellExtRun)
    shellGetCurrent                          0x08002cf5   Thumb Code    36  shell.o(i.shellGetCurrent)
    shellGetVarValue                         0x08002d1d   Thumb Code    62  shell.o(i.shellGetVarValue)
    shellHandler                             0x08002d5d   Thumb Code   196  shell.o(i.shellHandler)
    shellHelp                                0x08002e25   Thumb Code    40  shell.o(i.shellHelp)
    shellInit                                0x08002f4d   Thumb Code   138  shell.o(i.shellInit)
    shellInsertByte                          0x08002fed   Thumb Code   228  shell.o(i.shellInsertByte)
    shellKeys                                0x080030d5   Thumb Code    20  shell.o(i.shellKeys)
    shellLeft                                0x080030e9   Thumb Code    32  shell.o(i.shellLeft)
    shellListCommand                         0x08003109   Thumb Code    70  shell.o(i.shellListCommand)
    shellListItem                            0x08003155   Thumb Code   228  shell.o(i.shellListItem)
    shellListKey                             0x08003249   Thumb Code    74  shell.o(i.shellListKey)
    shellListUser                            0x08003299   Thumb Code    74  shell.o(i.shellListUser)
    shellListVar                             0x080032e9   Thumb Code    72  shell.o(i.shellListVar)
    shellNormalInput                         0x08003335   Thumb Code    16  shell.o(i.shellNormalInput)
    shellRight                               0x08003345   Thumb Code    32  shell.o(i.shellRight)
    shellRunCommand                          0x08003365   Thumb Code   186  shell.o(i.shellRunCommand)
    shellSeekCommand                         0x0800341f   Thumb Code   106  shell.o(i.shellSeekCommand)
    shellSetUser                             0x08003489   Thumb Code    88  shell.o(i.shellSetUser)
    shellSetVar                              0x080034e5   Thumb Code    82  shell.o(i.shellSetVar)
    shellSetVarValue                         0x0800353d   Thumb Code   108  shell.o(i.shellSetVarValue)
    shellSplit                               0x0800365d   Thumb Code   210  shell.o(i.shellSplit)
    shellTab                                 0x08003771   Thumb Code   244  shell.o(i.shellTab)
    shellTask                                0x08003869   Thumb Code     4  shell.o(i.shellTask)
    shellToDec                               0x0800386d   Thumb Code    74  shell.o(i.shellToDec)
    shellToHex                               0x080038b7   Thumb Code    42  shell.o(i.shellToHex)
    shellUp                                  0x080038e1   Thumb Code     6  shell.o(i.shellUp)
    shellUsers                               0x080038e7   Thumb Code    20  shell.o(i.shellUsers)
    shellVars                                0x080038fb   Thumb Code    20  shell.o(i.shellVars)
    shellWriteString                         0x08003a45   Thumb Code    36  shell.o(i.shellWriteString)
    uart_rx_entry                            0x08003ab5   Thumb Code   104  freertos.o(i.uart_rx_entry)
    userShellInit                            0x08003b31   Thumb Code    22  shell_port.o(i.userShellInit)
    uxListRemove                             0x08003b6d   Thumb Code    38  list.o(i.uxListRemove)
    vApplicationGetIdleTaskMemory            0x08003b95   Thumb Code    16  freertos.o(i.vApplicationGetIdleTaskMemory)
    vListInitialise                          0x08003ba9   Thumb Code    22  list.o(i.vListInitialise)
    vListInitialiseItem                      0x08003bbf   Thumb Code     6  list.o(i.vListInitialiseItem)
    vListInsert                              0x08003bc5   Thumb Code    48  list.o(i.vListInsert)
    vListInsertEnd                           0x08003bf5   Thumb Code    24  list.o(i.vListInsertEnd)
    vPortEnterCritical                       0x08003c0d   Thumb Code    54  port.o(i.vPortEnterCritical)
    vPortExitCritical                        0x08003c4d   Thumb Code    34  port.o(i.vPortExitCritical)
    vPortFree                                0x08003c75   Thumb Code    94  heap_4.o(i.vPortFree)
    vPortSetupTimerInterrupt                 0x08003cd9   Thumb Code    32  port.o(i.vPortSetupTimerInterrupt)
    vPortValidateInterruptPriority           0x08003cfd   Thumb Code    74  port.o(i.vPortValidateInterruptPriority)
    vTaskDelay                               0x08003d51   Thumb Code    66  tasks.o(i.vTaskDelay)
    vTaskInternalSetTimeOutState             0x08003d9d   Thumb Code    12  tasks.o(i.vTaskInternalSetTimeOutState)
    vTaskMissedYield                         0x08003dad   Thumb Code     8  tasks.o(i.vTaskMissedYield)
    vTaskPlaceOnEventList                    0x08003db9   Thumb Code    44  tasks.o(i.vTaskPlaceOnEventList)
    vTaskStartScheduler                      0x08003de9   Thumb Code    90  tasks.o(i.vTaskStartScheduler)
    vTaskSuspendAll                          0x08003e55   Thumb Code    10  tasks.o(i.vTaskSuspendAll)
    vTaskSwitchContext                       0x08003e65   Thumb Code    82  tasks.o(i.vTaskSwitchContext)
    xPortStartScheduler                      0x08003ec1   Thumb Code   156  port.o(i.xPortStartScheduler)
    xQueueGenericCreate                      0x08003f69   Thumb Code    66  queue.o(i.xQueueGenericCreate)
    xQueueGenericCreateStatic                0x08003fab   Thumb Code   102  queue.o(i.xQueueGenericCreateStatic)
    xQueueGenericReset                       0x08004011   Thumb Code   132  queue.o(i.xQueueGenericReset)
    xQueueGenericSendFromISR                 0x08004099   Thumb Code   190  queue.o(i.xQueueGenericSendFromISR)
    xQueueReceive                            0x08004159   Thumb Code   308  queue.o(i.xQueueReceive)
    xTaskCheckForTimeOut                     0x08004291   Thumb Code   112  tasks.o(i.xTaskCheckForTimeOut)
    xTaskCreate                              0x08004305   Thumb Code    90  tasks.o(i.xTaskCreate)
    xTaskCreateStatic                        0x0800435f   Thumb Code    90  tasks.o(i.xTaskCreateStatic)
    xTaskGetSchedulerState                   0x080043b9   Thumb Code    22  tasks.o(i.xTaskGetSchedulerState)
    xTaskIncrementTick                       0x080043d5   Thumb Code   194  tasks.o(i.xTaskIncrementTick)
    xTaskPriorityDisinherit                  0x080044a1   Thumb Code   144  tasks.o(i.xTaskPriorityDisinherit)
    xTaskRemoveFromEventList                 0x08004539   Thumb Code   108  tasks.o(i.xTaskRemoveFromEventList)
    xTaskResumeAll                           0x080045ad   Thumb Code   182  tasks.o(i.xTaskResumeAll)
    __aeabi_fdiv                             0x08004671   Thumb Code     0  fdiv.o(x$fpl$fdiv)
    _fdiv                                    0x08004671   Thumb Code   384  fdiv.o(x$fpl$fdiv)
    __aeabi_i2f                              0x080047f5   Thumb Code     0  fflt_clz.o(x$fpl$fflt)
    _fflt                                    0x080047f5   Thumb Code    48  fflt_clz.o(x$fpl$fflt)
    __aeabi_ui2f                             0x08004825   Thumb Code     0  fflt_clz.o(x$fpl$ffltu)
    _ffltu                                   0x08004825   Thumb Code    38  fflt_clz.o(x$fpl$ffltu)
    __aeabi_fmul                             0x0800484d   Thumb Code     0  fmul.o(x$fpl$fmul)
    _fmul                                    0x0800484d   Thumb Code   258  fmul.o(x$fpl$fmul)
    __fpl_fnaninf                            0x0800494f   Thumb Code   140  fnaninf.o(x$fpl$fnaninf)
    __fpl_fretinf                            0x080049db   Thumb Code    10  fretinf.o(x$fpl$fretinf)
    __I$use$fp                               0x080049e4   Number         0  usenofp.o(x$fpl$usenofp)
    AHBPrescTable                            0x08004a5a   Data          16  system_stm32f1xx.o(.constdata)
    APBPrescTable                            0x08004a6a   Data           8  system_stm32f1xx.o(.constdata)
    shellCmdDefaultUser                      0x08004a72   Data           7  shell.o(.constdata)
    shellPasswordDefaultUser                 0x08004a79   Data           1  shell.o(.constdata)
    shellDesDefaultUser                      0x08004a7a   Data          13  shell.o(.constdata)
    shellCmdsetVar                           0x08004a87   Data           7  shell.o(.constdata)
    shellDescsetVar                          0x08004a8e   Data           8  shell.o(.constdata)
    shellDesc0x1B5B4100                      0x08004a96   Data           3  shell.o(.constdata)
    shellDesc0x1B5B4200                      0x08004a99   Data           5  shell.o(.constdata)
    shellDesc0x1B5B4300                      0x08004a9e   Data           6  shell.o(.constdata)
    shellDesc0x1B5B4400                      0x08004aa4   Data           5  shell.o(.constdata)
    shellDesc0x09000000                      0x08004aa9   Data           4  shell.o(.constdata)
    shellDesc0x08000000                      0x08004aad   Data          10  shell.o(.constdata)
    shellDesc0x7F000000                      0x08004ab7   Data          10  shell.o(.constdata)
    shellDesc0x1B5B337E                      0x08004ac1   Data           7  shell.o(.constdata)
    shellDesc0x0A000000                      0x08004ac8   Data           6  shell.o(.constdata)
    shellDesc0x0D000000                      0x08004ace   Data           6  shell.o(.constdata)
    shellCmdhelp                             0x08004ad4   Data           5  shell.o(.constdata)
    shellDeschelp                            0x08004ad9   Data          30  shell.o(.constdata)
    shellCmdusers                            0x08004af7   Data           6  shell.o(.constdata)
    shellDescusers                           0x08004afd   Data          14  shell.o(.constdata)
    shellCmdcmds                             0x08004b0b   Data           5  shell.o(.constdata)
    shellDesccmds                            0x08004b10   Data          13  shell.o(.constdata)
    shellCmdvars                             0x08004b1d   Data           5  shell.o(.constdata)
    shellDescvars                            0x08004b22   Data          13  shell.o(.constdata)
    shellCmdkeys                             0x08004b2f   Data           5  shell.o(.constdata)
    shellDesckeys                            0x08004b34   Data          13  shell.o(.constdata)
    shellCmdclear                            0x08004b41   Data           6  shell.o(.constdata)
    shellDescclear                           0x08004b47   Data          14  shell.o(.constdata)
    Region$$Table$$Base                      0x08004e20   Number         0  anon$$obj.o(Region$$Table)
    Region$$Table$$Limit                     0x08004e40   Number         0  anon$$obj.o(Region$$Table)
    shellCommand$$Base                       0x08004e40   Number         0  shell.o(shellCommand)
    shellUserDefault                         0x08004e40   Data          16  shell.o(shellCommand)
    shellCommandsetVar                       0x08004e50   Data          16  shell.o(shellCommand)
    shellKey0x1B5B4100                       0x08004e60   Data          16  shell.o(shellCommand)
    shellKey0x1B5B4200                       0x08004e70   Data          16  shell.o(shellCommand)
    shellKey0x1B5B4300                       0x08004e80   Data          16  shell.o(shellCommand)
    shellKey0x1B5B4400                       0x08004e90   Data          16  shell.o(shellCommand)
    shellKey0x09000000                       0x08004ea0   Data          16  shell.o(shellCommand)
    shellKey0x08000000                       0x08004eb0   Data          16  shell.o(shellCommand)
    shellKey0x7F000000                       0x08004ec0   Data          16  shell.o(shellCommand)
    shellKey0x1B5B337E                       0x08004ed0   Data          16  shell.o(shellCommand)
    shellKey0x0A000000                       0x08004ee0   Data          16  shell.o(shellCommand)
    shellKey0x0D000000                       0x08004ef0   Data          16  shell.o(shellCommand)
    shellCommandhelp                         0x08004f00   Data          16  shell.o(shellCommand)
    shellCommandusers                        0x08004f10   Data          16  shell.o(shellCommand)
    shellCommandcmds                         0x08004f20   Data          16  shell.o(shellCommand)
    shellCommandvars                         0x08004f30   Data          16  shell.o(shellCommand)
    shellCommandkeys                         0x08004f40   Data          16  shell.o(shellCommand)
    shellCommandclear                        0x08004f50   Data          16  shell.o(shellCommand)
    SHT$$INIT_ARRAY$$Base                    0x08004f60   Number         0  armlib_lock_glue.o(.init_array)
    shellCommand$$Limit                      0x08004f60   Number         0  shell.o(shellCommand)
    SHT$$INIT_ARRAY$$Limit                   0x08004f64   Number         0  init_aeabi.o(.init_array)
    defaultTaskHandle                        0x20000004   Data           4  freertos.o(.data)
    main_taskHandle                          0x20000008   Data           4  freertos.o(.data)
    uartRx_taskHandle                        0x2000000c   Data           4  freertos.o(.data)
    rxQueueHandle                            0x20000010   Data           4  freertos.o(.data)
    uwTickFreq                               0x20000014   Data           1  stm32f1xx_hal.o(.data)
    uwTickPrio                               0x20000018   Data           4  stm32f1xx_hal.o(.data)
    uwTick                                   0x2000001c   Data           4  stm32f1xx_hal.o(.data)
    SystemCoreClock                          0x20000020   Data           4  system_stm32f1xx.o(.data)
    pxCurrentTCB                             0x20000024   Data           4  tasks.o(.data)
    uart_buff_ctrl                           0x2000008c   Data           2  dmaringbuffer.o(.data)
    pairedChars                              0x20000090   Data           2  shell.o(.data)
    huart1                                   0x200003c8   Data         120  usart.o(.bss)
    hdma_usart1_rx                           0x20000440   Data          68  usart.o(.bss)
    hdma_usart1_tx                           0x20000484   Data          68  usart.o(.bss)
    htim1                                    0x200004c8   Data          72  stm32f1xx_hal_timebase_tim.o(.bss)
    uart_rx_data_t                           0x20001600   Data         260  dmaringbuffer.o(.bss)
    shell                                    0x20001724   Data         108  shell_port.o(.bss)
    shellBuffer                              0x20001790   Data         512  shell_port.o(.bss)
    __libspace_start                         0x20001990   Data          96  libspace.o(.bss)
    __temporary_stack_top$libspace           0x200019f0   Data           0  libspace.o(.bss)



==============================================================================

Memory Map of the image

  Image Entry point : 0x080000ed

  Load Region LR_IROM1 (Base: 0x08000000, Size: 0x0000504c, Max: 0x00010000, ABSOLUTE)

    Execution Region ER_IROM1 (Exec base: 0x08000000, Load base: 0x08000000, Size: 0x00004f64, Max: 0x00010000, ABSOLUTE)

    Exec Addr    Load Addr    Size         Type   Attr      Idx    E Section Name        Object

    0x08000000   0x08000000   0x000000ec   Data   RO            3    RESET               startup_stm32f103xb.o
    0x080000ec   0x080000ec   0x00000008   Code   RO         4817  * !!!main             c_w.l(__main.o)
    0x080000f4   0x080000f4   0x00000034   Code   RO         5162    !!!scatter          c_w.l(__scatter.o)
    0x08000128   0x08000128   0x0000001a   Code   RO         5164    !!handler_copy      c_w.l(__scatter_copy.o)
    0x08000142   0x08000142   0x00000002   PAD
    0x08000144   0x08000144   0x0000001c   Code   RO         5166    !!handler_zi        c_w.l(__scatter_zi.o)
    0x08000160   0x08000160   0x00000002   Code   RO         5078    .ARM.Collect$$libinit$$00000000  c_w.l(libinit.o)
    0x08000162   0x08000162   0x00000000   Code   RO         4934    .ARM.Collect$$libinit$$00000002  c_w.l(libinit2.o)
    0x08000162   0x08000162   0x00000000   Code   RO         4936    .ARM.Collect$$libinit$$00000004  c_w.l(libinit2.o)
    0x08000162   0x08000162   0x00000000   Code   RO         4939    .ARM.Collect$$libinit$$0000000A  c_w.l(libinit2.o)
    0x08000162   0x08000162   0x00000000   Code   RO         4941    .ARM.Collect$$libinit$$0000000C  c_w.l(libinit2.o)
    0x08000162   0x08000162   0x00000000   Code   RO         4943    .ARM.Collect$$libinit$$0000000E  c_w.l(libinit2.o)
    0x08000162   0x08000162   0x00000000   Code   RO         4946    .ARM.Collect$$libinit$$00000011  c_w.l(libinit2.o)
    0x08000162   0x08000162   0x00000000   Code   RO         4948    .ARM.Collect$$libinit$$00000013  c_w.l(libinit2.o)
    0x08000162   0x08000162   0x00000000   Code   RO         4950    .ARM.Collect$$libinit$$00000015  c_w.l(libinit2.o)
    0x08000162   0x08000162   0x00000000   Code   RO         4952    .ARM.Collect$$libinit$$00000017  c_w.l(libinit2.o)
    0x08000162   0x08000162   0x00000000   Code   RO         4954    .ARM.Collect$$libinit$$00000019  c_w.l(libinit2.o)
    0x08000162   0x08000162   0x00000000   Code   RO         4956    .ARM.Collect$$libinit$$0000001B  c_w.l(libinit2.o)
    0x08000162   0x08000162   0x00000000   Code   RO         4958    .ARM.Collect$$libinit$$0000001D  c_w.l(libinit2.o)
    0x08000162   0x08000162   0x00000000   Code   RO         4960    .ARM.Collect$$libinit$$0000001F  c_w.l(libinit2.o)
    0x08000162   0x08000162   0x00000000   Code   RO         4962    .ARM.Collect$$libinit$$00000021  c_w.l(libinit2.o)
    0x08000162   0x08000162   0x00000000   Code   RO         4964    .ARM.Collect$$libinit$$00000023  c_w.l(libinit2.o)
    0x08000162   0x08000162   0x00000000   Code   RO         4966    .ARM.Collect$$libinit$$00000025  c_w.l(libinit2.o)
    0x08000162   0x08000162   0x00000000   Code   RO         4970    .ARM.Collect$$libinit$$0000002C  c_w.l(libinit2.o)
    0x08000162   0x08000162   0x00000000   Code   RO         4972    .ARM.Collect$$libinit$$0000002E  c_w.l(libinit2.o)
    0x08000162   0x08000162   0x00000000   Code   RO         4974    .ARM.Collect$$libinit$$00000030  c_w.l(libinit2.o)
    0x08000162   0x08000162   0x00000004   Code   RO         4975    .ARM.Collect$$libinit$$00000031  c_w.l(libinit2.o)
    0x08000166   0x08000166   0x00000000   Code   RO         4976    .ARM.Collect$$libinit$$00000032  c_w.l(libinit2.o)
    0x08000166   0x08000166   0x00000002   Code   RO         4977    .ARM.Collect$$libinit$$00000033  c_w.l(libinit2.o)
    0x08000168   0x08000168   0x00000002   Code   RO         5123    .ARM.Collect$$libshutdown$$00000000  c_w.l(libshutdown.o)
    0x0800016a   0x0800016a   0x00000000   Code   RO         5129    .ARM.Collect$$libshutdown$$00000002  c_w.l(libshutdown2.o)
    0x0800016a   0x0800016a   0x00000000   Code   RO         5131    .ARM.Collect$$libshutdown$$00000004  c_w.l(libshutdown2.o)
    0x0800016a   0x0800016a   0x00000000   Code   RO         5134    .ARM.Collect$$libshutdown$$00000007  c_w.l(libshutdown2.o)
    0x0800016a   0x0800016a   0x00000000   Code   RO         5137    .ARM.Collect$$libshutdown$$0000000A  c_w.l(libshutdown2.o)
    0x0800016a   0x0800016a   0x00000000   Code   RO         5139    .ARM.Collect$$libshutdown$$0000000C  c_w.l(libshutdown2.o)
    0x0800016a   0x0800016a   0x00000000   Code   RO         5142    .ARM.Collect$$libshutdown$$0000000F  c_w.l(libshutdown2.o)
    0x0800016a   0x0800016a   0x00000002   Code   RO         5143    .ARM.Collect$$libshutdown$$00000010  c_w.l(libshutdown2.o)
    0x0800016c   0x0800016c   0x00000000   Code   RO         4837    .ARM.Collect$$rtentry$$00000000  c_w.l(__rtentry.o)
    0x0800016c   0x0800016c   0x00000000   Code   RO         4992    .ARM.Collect$$rtentry$$00000002  c_w.l(__rtentry2.o)
    0x0800016c   0x0800016c   0x00000006   Code   RO         5004    .ARM.Collect$$rtentry$$00000004  c_w.l(__rtentry4.o)
    0x08000172   0x08000172   0x00000000   Code   RO         4994    .ARM.Collect$$rtentry$$00000009  c_w.l(__rtentry2.o)
    0x08000172   0x08000172   0x00000004   Code   RO         4995    .ARM.Collect$$rtentry$$0000000A  c_w.l(__rtentry2.o)
    0x08000176   0x08000176   0x00000000   Code   RO         4997    .ARM.Collect$$rtentry$$0000000C  c_w.l(__rtentry2.o)
    0x08000176   0x08000176   0x00000008   Code   RO         4998    .ARM.Collect$$rtentry$$0000000D  c_w.l(__rtentry2.o)
    0x0800017e   0x0800017e   0x00000002   Code   RO         5088    .ARM.Collect$$rtexit$$00000000  c_w.l(rtexit.o)
    0x08000180   0x08000180   0x00000000   Code   RO         5103    .ARM.Collect$$rtexit$$00000002  c_w.l(rtexit2.o)
    0x08000180   0x08000180   0x00000004   Code   RO         5104    .ARM.Collect$$rtexit$$00000003  c_w.l(rtexit2.o)
    0x08000184   0x08000184   0x00000006   Code   RO         5105    .ARM.Collect$$rtexit$$00000004  c_w.l(rtexit2.o)
    0x0800018a   0x0800018a   0x00000002   PAD
    0x0800018c   0x0800018c   0x00000096   Code   RO         4216    .emb_text           port.o
    0x08000222   0x08000222   0x00000002   PAD
    0x08000224   0x08000224   0x00000040   Code   RO            4    .text               startup_stm32f103xb.o
    0x08000264   0x08000264   0x0000003e   Code   RO         4801    .text               c_w.l(strlen.o)
    0x080002a2   0x080002a2   0x00000096   Code   RO         4803    .text               c_w.l(strncmp.o)
    0x08000338   0x08000338   0x0000008a   Code   RO         4805    .text               c_w.l(rt_memcpy_v6.o)
    0x080003c2   0x080003c2   0x00000064   Code   RO         4807    .text               c_w.l(rt_memcpy_w.o)
    0x08000426   0x08000426   0x0000004e   Code   RO         4811    .text               c_w.l(rt_memclr_w.o)
    0x08000474   0x08000474   0x00000080   Code   RO         4813    .text               c_w.l(strcmpv7m.o)
    0x080004f4   0x080004f4   0x00000006   Code   RO         4815    .text               c_w.l(heapauxi.o)
    0x080004fa   0x080004fa   0x00000002   PAD
    0x080004fc   0x080004fc   0x00000024   Code   RO         4822    .text               c_w.l(init_aeabi.o)
    0x08000520   0x08000520   0x0000004a   Code   RO         5028    .text               c_w.l(sys_stackheap_outer.o)
    0x0800056a   0x0800056a   0x00000012   Code   RO         5067    .text               c_w.l(exit.o)
    0x0800057c   0x0800057c   0x00000008   Code   RO         5085    .text               c_w.l(libspace.o)
    0x08000584   0x08000584   0x00000002   Code   RO         5099    .text               c_w.l(use_no_semi.o)
    0x08000586   0x08000586   0x00000000   Code   RO         5101    .text               c_w.l(indicate_semi.o)
    0x08000586   0x08000586   0x00000002   PAD
    0x08000588   0x08000588   0x0000000c   Code   RO         5115    .text               c_w.l(sys_exit.o)
    0x08000594   0x08000594   0x00000002   Code   RO          446    i.BusFault_Handler  stm32f1xx_it.o
    0x08000596   0x08000596   0x00000002   PAD
    0x08000598   0x08000598   0x0000000c   Code   RO          447    i.DMA1_Channel4_IRQHandler  stm32f1xx_it.o
    0x080005a4   0x080005a4   0x0000000c   Code   RO          448    i.DMA1_Channel5_IRQHandler  stm32f1xx_it.o
    0x080005b0   0x080005b0   0x0000002a   Code   RO         1007    i.DMA_SetConfig     stm32f1xx_hal_dma.o
    0x080005da   0x080005da   0x00000002   Code   RO          449    i.DebugMon_Handler  stm32f1xx_it.o
    0x080005dc   0x080005dc   0x00000004   Code   RO          124    i.Error_Handler     main.o
    0x080005e0   0x080005e0   0x00000046   Code   RO         1008    i.HAL_DMA_Abort     stm32f1xx_hal_dma.o
    0x08000626   0x08000626   0x00000002   PAD
    0x08000628   0x08000628   0x00000098   Code   RO         1009    i.HAL_DMA_Abort_IT  stm32f1xx_hal_dma.o
    0x080006c0   0x080006c0   0x00000158   Code   RO         1013    i.HAL_DMA_IRQHandler  stm32f1xx_hal_dma.o
    0x08000818   0x08000818   0x0000005c   Code   RO         1014    i.HAL_DMA_Init      stm32f1xx_hal_dma.o
    0x08000874   0x08000874   0x00000070   Code   RO         1018    i.HAL_DMA_Start_IT  stm32f1xx_hal_dma.o
    0x080008e4   0x080008e4   0x000001cc   Code   RO          944    i.HAL_GPIO_Init     stm32f1xx_hal_gpio.o
    0x08000ab0   0x08000ab0   0x0000000c   Code   RO          638    i.HAL_GetTick       stm32f1xx_hal.o
    0x08000abc   0x08000abc   0x00000010   Code   RO          644    i.HAL_IncTick       stm32f1xx_hal.o
    0x08000acc   0x08000acc   0x00000024   Code   RO          645    i.HAL_Init          stm32f1xx_hal.o
    0x08000af0   0x08000af0   0x0000008c   Code   RO          552    i.HAL_InitTick      stm32f1xx_hal_timebase_tim.o
    0x08000b7c   0x08000b7c   0x00000048   Code   RO          528    i.HAL_MspInit       stm32f1xx_hal_msp.o
    0x08000bc4   0x08000bc4   0x0000001a   Code   RO         1104    i.HAL_NVIC_EnableIRQ  stm32f1xx_hal_cortex.o
    0x08000bde   0x08000bde   0x00000002   PAD
    0x08000be0   0x08000be0   0x00000040   Code   RO         1110    i.HAL_NVIC_SetPriority  stm32f1xx_hal_cortex.o
    0x08000c20   0x08000c20   0x00000024   Code   RO         1111    i.HAL_NVIC_SetPriorityGrouping  stm32f1xx_hal_cortex.o
    0x08000c44   0x08000c44   0x00000138   Code   RO          802    i.HAL_RCC_ClockConfig  stm32f1xx_hal_rcc.o
    0x08000d7c   0x08000d7c   0x00000040   Code   RO          806    i.HAL_RCC_GetClockConfig  stm32f1xx_hal_rcc.o
    0x08000dbc   0x08000dbc   0x00000020   Code   RO          809    i.HAL_RCC_GetPCLK1Freq  stm32f1xx_hal_rcc.o
    0x08000ddc   0x08000ddc   0x00000020   Code   RO          810    i.HAL_RCC_GetPCLK2Freq  stm32f1xx_hal_rcc.o
    0x08000dfc   0x08000dfc   0x0000004c   Code   RO          811    i.HAL_RCC_GetSysClockFreq  stm32f1xx_hal_rcc.o
    0x08000e48   0x08000e48   0x00000318   Code   RO          814    i.HAL_RCC_OscConfig  stm32f1xx_hal_rcc.o
    0x08001160   0x08001160   0x00000002   Code   RO         2310    i.HAL_TIMEx_BreakCallback  stm32f1xx_hal_tim_ex.o
    0x08001162   0x08001162   0x00000002   Code   RO         2311    i.HAL_TIMEx_CommutCallback  stm32f1xx_hal_tim_ex.o
    0x08001164   0x08001164   0x0000005a   Code   RO         1606    i.HAL_TIM_Base_Init  stm32f1xx_hal_tim.o
    0x080011be   0x080011be   0x00000002   Code   RO         1608    i.HAL_TIM_Base_MspInit  stm32f1xx_hal_tim.o
    0x080011c0   0x080011c0   0x00000058   Code   RO         1611    i.HAL_TIM_Base_Start_IT  stm32f1xx_hal_tim.o
    0x08001218   0x08001218   0x00000002   Code   RO         1640    i.HAL_TIM_IC_CaptureCallback  stm32f1xx_hal_tim.o
    0x0800121a   0x0800121a   0x00000130   Code   RO         1654    i.HAL_TIM_IRQHandler  stm32f1xx_hal_tim.o
    0x0800134a   0x0800134a   0x00000002   Code   RO         1657    i.HAL_TIM_OC_DelayElapsedCallback  stm32f1xx_hal_tim.o
    0x0800134c   0x0800134c   0x00000002   Code   RO         1684    i.HAL_TIM_PWM_PulseFinishedCallback  stm32f1xx_hal_tim.o
    0x0800134e   0x0800134e   0x00000002   PAD
    0x08001350   0x08001350   0x00000014   Code   RO          125    i.HAL_TIM_PeriodElapsedCallback  main.o
    0x08001364   0x08001364   0x00000002   Code   RO         1697    i.HAL_TIM_TriggerCallback  stm32f1xx_hal_tim.o
    0x08001366   0x08001366   0x00000052   Code   RO         2587    i.HAL_UARTEx_ReceiveToIdle_DMA  stm32f1xx_hal_uart.o
    0x080013b8   0x080013b8   0x00000002   Code   RO         2589    i.HAL_UARTEx_RxEventCallback  stm32f1xx_hal_uart.o
    0x080013ba   0x080013ba   0x00000002   Code   RO         2591    i.HAL_UART_AbortCpltCallback  stm32f1xx_hal_uart.o
    0x080013bc   0x080013bc   0x00000002   Code   RO         2593    i.HAL_UART_AbortReceiveCpltCallback  stm32f1xx_hal_uart.o
    0x080013be   0x080013be   0x00000002   Code   RO         2596    i.HAL_UART_AbortTransmitCpltCallback  stm32f1xx_hal_uart.o
    0x080013c0   0x080013c0   0x00000070   Code   RO         2601    i.HAL_UART_DMAStop  stm32f1xx_hal_uart.o
    0x08001430   0x08001430   0x00000002   Code   RO         2603    i.HAL_UART_ErrorCallback  stm32f1xx_hal_uart.o
    0x08001432   0x08001432   0x00000002   PAD
    0x08001434   0x08001434   0x00000270   Code   RO         2606    i.HAL_UART_IRQHandler  stm32f1xx_hal_uart.o
    0x080016a4   0x080016a4   0x00000078   Code   RO         2607    i.HAL_UART_Init     stm32f1xx_hal_uart.o
    0x0800171c   0x0800171c   0x000000e8   Code   RO          405    i.HAL_UART_MspInit  usart.o
    0x08001804   0x08001804   0x00000042   Code   RO         2614    i.HAL_UART_RegisterRxEventCallback  stm32f1xx_hal_uart.o
    0x08001846   0x08001846   0x00000002   Code   RO         2615    i.HAL_UART_RxCpltCallback  stm32f1xx_hal_uart.o
    0x08001848   0x08001848   0x00000002   Code   RO         2616    i.HAL_UART_RxHalfCpltCallback  stm32f1xx_hal_uart.o
    0x0800184a   0x0800184a   0x000000a0   Code   RO         2617    i.HAL_UART_Transmit  stm32f1xx_hal_uart.o
    0x080018ea   0x080018ea   0x00000002   Code   RO         2620    i.HAL_UART_TxCpltCallback  stm32f1xx_hal_uart.o
    0x080018ec   0x080018ec   0x00000002   Code   RO         2621    i.HAL_UART_TxHalfCpltCallback  stm32f1xx_hal_uart.o
    0x080018ee   0x080018ee   0x00000002   Code   RO          450    i.HardFault_Handler  stm32f1xx_it.o
    0x080018f0   0x080018f0   0x0000003c   Code   RO          380    i.MX_DMA_Init       dma.o
    0x0800192c   0x0800192c   0x00000068   Code   RO          305    i.MX_FREERTOS_Init  freertos.o
    0x08001994   0x08001994   0x00000094   Code   RO          281    i.MX_GPIO_Init      gpio.o
    0x08001a28   0x08001a28   0x00000040   Code   RO          406    i.MX_USART1_UART_Init  usart.o
    0x08001a68   0x08001a68   0x00000002   Code   RO          451    i.MemManage_Handler  stm32f1xx_it.o
    0x08001a6a   0x08001a6a   0x00000002   Code   RO          452    i.NMI_Handler       stm32f1xx_it.o
    0x08001a6c   0x08001a6c   0x00000008   Code   RO          306    i.StartDefaultTask  freertos.o
    0x08001a74   0x08001a74   0x00000008   Code   RO          307    i.StartTask02       freertos.o
    0x08001a7c   0x08001a7c   0x0000002c   Code   RO         4217    i.SysTick_Handler   port.o
    0x08001aa8   0x08001aa8   0x0000005c   Code   RO          126    i.SystemClock_Config  main.o
    0x08001b04   0x08001b04   0x00000002   Code   RO         2971    i.SystemInit        system_stm32f1xx.o
    0x08001b06   0x08001b06   0x00000002   PAD
    0x08001b08   0x08001b08   0x0000000c   Code   RO          453    i.TIM1_UP_IRQHandler  stm32f1xx_it.o
    0x08001b14   0x08001b14   0x00000078   Code   RO         1699    i.TIM_Base_SetConfig  stm32f1xx_hal_tim.o
    0x08001b8c   0x08001b8c   0x0000000c   Code   RO         2624    i.UART_DMAAbortOnError  stm32f1xx_hal_uart.o
    0x08001b98   0x08001b98   0x0000004c   Code   RO         2625    i.UART_DMAError     stm32f1xx_hal_uart.o
    0x08001be4   0x08001be4   0x00000086   Code   RO         2626    i.UART_DMAReceiveCplt  stm32f1xx_hal_uart.o
    0x08001c6a   0x08001c6a   0x00000018   Code   RO         2628    i.UART_DMARxHalfCplt  stm32f1xx_hal_uart.o
    0x08001c82   0x08001c82   0x0000004e   Code   RO         2634    i.UART_EndRxTransfer  stm32f1xx_hal_uart.o
    0x08001cd0   0x08001cd0   0x0000001c   Code   RO         2635    i.UART_EndTxTransfer  stm32f1xx_hal_uart.o
    0x08001cec   0x08001cec   0x0000004c   Code   RO         2636    i.UART_InitCallbacksToDefault  stm32f1xx_hal_uart.o
    0x08001d38   0x08001d38   0x000000c2   Code   RO         2637    i.UART_Receive_IT   stm32f1xx_hal_uart.o
    0x08001dfa   0x08001dfa   0x00000002   PAD
    0x08001dfc   0x08001dfc   0x000000b8   Code   RO         2638    i.UART_SetConfig    stm32f1xx_hal_uart.o
    0x08001eb4   0x08001eb4   0x00000094   Code   RO         2639    i.UART_Start_Receive_DMA  stm32f1xx_hal_uart.o
    0x08001f48   0x08001f48   0x00000070   Code   RO         2641    i.UART_WaitOnFlagUntilTimeout  stm32f1xx_hal_uart.o
    0x08001fb8   0x08001fb8   0x00000054   Code   RO         4335    i.USART1_DMAHandler  dmaringbuffer.o
    0x0800200c   0x0800200c   0x0000000c   Code   RO          454    i.USART1_IRQHandler  stm32f1xx_it.o
    0x08002018   0x08002018   0x00000002   Code   RO          455    i.UsageFault_Handler  stm32f1xx_it.o
    0x0800201a   0x0800201a   0x00000020   Code   RO         1117    i.__NVIC_SetPriority  stm32f1xx_hal_cortex.o
    0x0800203a   0x0800203a   0x00000002   PAD
    0x0800203c   0x0800203c   0x0000002c   Code   RO           14    i.__armlib_thread_safety_init  armlib_lock_glue.o
    0x08002068   0x08002068   0x00000030   Code   RO           15    i._mutex_acquire    armlib_lock_glue.o
    0x08002098   0x08002098   0x0000002c   Code   RO           16    i._mutex_free       armlib_lock_glue.o
    0x080020c4   0x080020c4   0x00000060   Code   RO           17    i._mutex_initialize  armlib_lock_glue.o
    0x08002124   0x08002124   0x00000030   Code   RO           18    i._mutex_release    armlib_lock_glue.o
    0x08002154   0x08002154   0x0000001e   Code   RO          127    i.main              main.o
    0x08002172   0x08002172   0x0000000c   Code   RO         3791    i.makeFreeRtosPriority  cmsis_os.o
    0x0800217e   0x0800217e   0x0000000e   Code   RO         3793    i.osDelay           cmsis_os.o
    0x0800218c   0x0800218c   0x0000000a   Code   RO         3796    i.osKernelStart     cmsis_os.o
    0x08002196   0x08002196   0x00000026   Code   RO         3805    i.osMessageCreate   cmsis_os.o
    0x080021bc   0x080021bc   0x00000054   Code   RO         3830    i.osThreadCreate    cmsis_os.o
    0x08002210   0x08002210   0x00000070   Code   RO         3473    i.prvAddCurrentTaskToDelayedList  tasks.o
    0x08002280   0x08002280   0x000000d0   Code   RO         3474    i.prvAddNewTaskToReadyList  tasks.o
    0x08002350   0x08002350   0x00000026   Code   RO         3149    i.prvCopyDataFromQueue  queue.o
    0x08002376   0x08002376   0x0000006c   Code   RO         3150    i.prvCopyDataToQueue  queue.o
    0x080023e2   0x080023e2   0x00000034   Code   RO         3475    i.prvDeleteTCB      tasks.o
    0x08002416   0x08002416   0x00000002   PAD
    0x08002418   0x08002418   0x0000004c   Code   RO         4149    i.prvHeapInit       heap_4.o
    0x08002464   0x08002464   0x0000005c   Code   RO         3476    i.prvIdleTask       tasks.o
    0x080024c0   0x080024c0   0x00000016   Code   RO         3152    i.prvInitialiseNewQueue  queue.o
    0x080024d6   0x080024d6   0x00000098   Code   RO         3477    i.prvInitialiseNewTask  tasks.o
    0x0800256e   0x0800256e   0x00000002   PAD
    0x08002570   0x08002570   0x0000004c   Code   RO         4150    i.prvInsertBlockIntoFreeList  heap_4.o
    0x080025bc   0x080025bc   0x0000001a   Code   RO         3153    i.prvIsQueueEmpty   queue.o
    0x080025d6   0x080025d6   0x00000002   PAD
    0x080025d8   0x080025d8   0x00000020   Code   RO         3478    i.prvResetNextTaskUnblockTime  tasks.o
    0x080025f8   0x080025f8   0x00000028   Code   RO         4218    i.prvTaskExitError  port.o
    0x08002620   0x08002620   0x0000006a   Code   RO         3154    i.prvUnlockQueue    queue.o
    0x0800268a   0x0800268a   0x00000002   PAD
    0x0800268c   0x0800268c   0x000000dc   Code   RO         4151    i.pvPortMalloc      heap_4.o
    0x08002768   0x08002768   0x00000024   Code   RO         4219    i.pxPortInitialiseStack  port.o
    0x0800278c   0x0800278c   0x00000006   Code   RO         4364    i.shellBackspace    shell.o
    0x08002792   0x08002792   0x00000030   Code   RO         4365    i.shellCheckPermission  shell.o
    0x080027c2   0x080027c2   0x00000002   PAD
    0x080027c4   0x080027c4   0x0000001c   Code   RO         4366    i.shellClear        shell.o
    0x080027e0   0x080027e0   0x00000030   Code   RO         4367    i.shellClearCommandLine  shell.o
    0x08002810   0x08002810   0x00000014   Code   RO         4368    i.shellCmds         shell.o
    0x08002824   0x08002824   0x00000008   Code   RO         4369    i.shellDelete       shell.o
    0x0800282c   0x0800282c   0x000000d4   Code   RO         4370    i.shellDeleteByte   shell.o
    0x08002900   0x08002900   0x0000001c   Code   RO         4371    i.shellDeleteCommandLine  shell.o
    0x0800291c   0x0800291c   0x00000008   Code   RO         4372    i.shellDown         shell.o
    0x08002924   0x08002924   0x00000014   Code   RO         4373    i.shellEnter        shell.o
    0x08002938   0x08002938   0x000000a0   Code   RO         4374    i.shellExec         shell.o
    0x080029d8   0x080029d8   0x00000044   Code   RO         4732    i.shellExtParseChar  shell_ext.o
    0x08002a1c   0x08002a1c   0x00000112   Code   RO         4733    i.shellExtParseNumber  shell_ext.o
    0x08002b2e   0x08002b2e   0x000000b8   Code   RO         4734    i.shellExtParsePara  shell_ext.o
    0x08002be6   0x08002be6   0x000000d2   Code   RO         4735    i.shellExtRun       shell_ext.o
    0x08002cb8   0x08002cb8   0x00000004   Code   RO         4375    i.shellGetCommandDesc  shell.o
    0x08002cbc   0x08002cbc   0x00000038   Code   RO         4376    i.shellGetCommandName  shell.o
    0x08002cf4   0x08002cf4   0x00000028   Code   RO         4377    i.shellGetCurrent   shell.o
    0x08002d1c   0x08002d1c   0x0000003e   Code   RO         4378    i.shellGetVarValue  shell.o
    0x08002d5a   0x08002d5a   0x00000002   PAD
    0x08002d5c   0x08002d5c   0x000000c8   Code   RO         4379    i.shellHandler      shell.o
    0x08002e24   0x08002e24   0x00000028   Code   RO         4380    i.shellHelp         shell.o
    0x08002e4c   0x08002e4c   0x00000098   Code   RO         4381    i.shellHistory      shell.o
    0x08002ee4   0x08002ee4   0x00000068   Code   RO         4382    i.shellHistoryAdd   shell.o
    0x08002f4c   0x08002f4c   0x000000a0   Code   RO         4383    i.shellInit         shell.o
    0x08002fec   0x08002fec   0x000000e8   Code   RO         4384    i.shellInsertByte   shell.o
    0x080030d4   0x080030d4   0x00000014   Code   RO         4385    i.shellKeys         shell.o
    0x080030e8   0x080030e8   0x00000020   Code   RO         4386    i.shellLeft         shell.o
    0x08003108   0x08003108   0x0000004c   Code   RO         4388    i.shellListCommand  shell.o
    0x08003154   0x08003154   0x000000f4   Code   RO         4389    i.shellListItem     shell.o
    0x08003248   0x08003248   0x00000050   Code   RO         4390    i.shellListKey      shell.o
    0x08003298   0x08003298   0x00000050   Code   RO         4391    i.shellListUser     shell.o
    0x080032e8   0x080032e8   0x0000004c   Code   RO         4392    i.shellListVar      shell.o
    0x08003334   0x08003334   0x00000010   Code   RO         4393    i.shellNormalInput  shell.o
    0x08003344   0x08003344   0x00000020   Code   RO         4396    i.shellRight        shell.o
    0x08003364   0x08003364   0x000000ba   Code   RO         4398    i.shellRunCommand   shell.o
    0x0800341e   0x0800341e   0x0000006a   Code   RO         4399    i.shellSeekCommand  shell.o
    0x08003488   0x08003488   0x0000005c   Code   RO         4400    i.shellSetUser      shell.o
    0x080034e4   0x080034e4   0x00000058   Code   RO         4401    i.shellSetVar       shell.o
    0x0800353c   0x0800353c   0x00000070   Code   RO         4402    i.shellSetVarValue  shell.o
    0x080035ac   0x080035ac   0x000000b0   Code   RO         4403    i.shellShowVar      shell.o
    0x0800365c   0x0800365c   0x000000d8   Code   RO         4404    i.shellSplit        shell.o
    0x08003734   0x08003734   0x00000024   Code   RO         4405    i.shellStringCompare  shell.o
    0x08003758   0x08003758   0x00000018   Code   RO         4406    i.shellStringCopy   shell.o
    0x08003770   0x08003770   0x000000f8   Code   RO         4407    i.shellTab          shell.o
    0x08003868   0x08003868   0x00000004   Code   RO         4408    i.shellTask         shell.o
    0x0800386c   0x0800386c   0x0000004a   Code   RO         4409    i.shellToDec        shell.o
    0x080038b6   0x080038b6   0x0000002a   Code   RO         4410    i.shellToHex        shell.o
    0x080038e0   0x080038e0   0x00000006   Code   RO         4411    i.shellUp           shell.o
    0x080038e6   0x080038e6   0x00000014   Code   RO         4412    i.shellUsers        shell.o
    0x080038fa   0x080038fa   0x00000014   Code   RO         4413    i.shellVars         shell.o
    0x0800390e   0x0800390e   0x00000002   PAD
    0x08003910   0x08003910   0x00000058   Code   RO         4414    i.shellWriteCommandHelp  shell.o
    0x08003968   0x08003968   0x0000005c   Code   RO         4415    i.shellWritePrompt  shell.o
    0x080039c4   0x080039c4   0x00000080   Code   RO         4416    i.shellWriteReturnValue  shell.o
    0x08003a44   0x08003a44   0x00000024   Code   RO         4417    i.shellWriteString  shell.o
    0x08003a68   0x08003a68   0x0000002c   Code   RO           19    i.stm32_lock_acquire  armlib_lock_glue.o
    0x08003a94   0x08003a94   0x00000020   Code   RO           20    i.stm32_lock_release  armlib_lock_glue.o
    0x08003ab4   0x08003ab4   0x0000007c   Code   RO          308    i.uart_rx_entry     freertos.o
    0x08003b30   0x08003b30   0x00000020   Code   RO         4766    i.userShellInit     shell_port.o
    0x08003b50   0x08003b50   0x0000001c   Code   RO         4767    i.userShellWrite    shell_port.o
    0x08003b6c   0x08003b6c   0x00000026   Code   RO         3109    i.uxListRemove      list.o
    0x08003b92   0x08003b92   0x00000002   PAD
    0x08003b94   0x08003b94   0x00000014   Code   RO          309    i.vApplicationGetIdleTaskMemory  freertos.o
    0x08003ba8   0x08003ba8   0x00000016   Code   RO         3110    i.vListInitialise   list.o
    0x08003bbe   0x08003bbe   0x00000006   Code   RO         3111    i.vListInitialiseItem  list.o
    0x08003bc4   0x08003bc4   0x00000030   Code   RO         3112    i.vListInsert       list.o
    0x08003bf4   0x08003bf4   0x00000018   Code   RO         3113    i.vListInsertEnd    list.o
    0x08003c0c   0x08003c0c   0x00000040   Code   RO         4221    i.vPortEnterCritical  port.o
    0x08003c4c   0x08003c4c   0x00000028   Code   RO         4222    i.vPortExitCritical  port.o
    0x08003c74   0x08003c74   0x00000064   Code   RO         4152    i.vPortFree         heap_4.o
    0x08003cd8   0x08003cd8   0x00000024   Code   RO         4223    i.vPortSetupTimerInterrupt  port.o
    0x08003cfc   0x08003cfc   0x00000054   Code   RO         4224    i.vPortValidateInterruptPriority  port.o
    0x08003d50   0x08003d50   0x0000004c   Code   RO         3487    i.vTaskDelay        tasks.o
    0x08003d9c   0x08003d9c   0x00000010   Code   RO         3490    i.vTaskInternalSetTimeOutState  tasks.o
    0x08003dac   0x08003dac   0x0000000c   Code   RO         3491    i.vTaskMissedYield  tasks.o
    0x08003db8   0x08003db8   0x00000030   Code   RO         3493    i.vTaskPlaceOnEventList  tasks.o
    0x08003de8   0x08003de8   0x0000006c   Code   RO         3500    i.vTaskStartScheduler  tasks.o
    0x08003e54   0x08003e54   0x00000010   Code   RO         3502    i.vTaskSuspendAll   tasks.o
    0x08003e64   0x08003e64   0x0000005c   Code   RO         3503    i.vTaskSwitchContext  tasks.o
    0x08003ec0   0x08003ec0   0x000000a8   Code   RO         4225    i.xPortStartScheduler  port.o
    0x08003f68   0x08003f68   0x00000042   Code   RO         3163    i.xQueueGenericCreate  queue.o
    0x08003faa   0x08003faa   0x00000066   Code   RO         3164    i.xQueueGenericCreateStatic  queue.o
    0x08004010   0x08004010   0x00000088   Code   RO         3165    i.xQueueGenericReset  queue.o
    0x08004098   0x08004098   0x000000be   Code   RO         3167    i.xQueueGenericSendFromISR  queue.o
    0x08004156   0x08004156   0x00000002   PAD
    0x08004158   0x08004158   0x00000138   Code   RO         3173    i.xQueueReceive     queue.o
    0x08004290   0x08004290   0x00000074   Code   RO         3505    i.xTaskCheckForTimeOut  tasks.o
    0x08004304   0x08004304   0x0000005a   Code   RO         3506    i.xTaskCreate       tasks.o
    0x0800435e   0x0800435e   0x0000005a   Code   RO         3507    i.xTaskCreateStatic  tasks.o
    0x080043b8   0x080043b8   0x0000001c   Code   RO         3511    i.xTaskGetSchedulerState  tasks.o
    0x080043d4   0x080043d4   0x000000cc   Code   RO         3514    i.xTaskIncrementTick  tasks.o
    0x080044a0   0x080044a0   0x00000098   Code   RO         3517    i.xTaskPriorityDisinherit  tasks.o
    0x08004538   0x08004538   0x00000074   Code   RO         3519    i.xTaskRemoveFromEventList  tasks.o
    0x080045ac   0x080045ac   0x000000c4   Code   RO         3520    i.xTaskResumeAll    tasks.o
    0x08004670   0x08004670   0x00000184   Code   RO         4826    x$fpl$fdiv          fz_ws.l(fdiv.o)
    0x080047f4   0x080047f4   0x00000030   Code   RO         4830    x$fpl$fflt          fz_ws.l(fflt_clz.o)
    0x08004824   0x08004824   0x00000026   Code   RO         4829    x$fpl$ffltu         fz_ws.l(fflt_clz.o)
    0x0800484a   0x0800484a   0x00000002   PAD
    0x0800484c   0x0800484c   0x00000102   Code   RO         4835    x$fpl$fmul          fz_ws.l(fmul.o)
    0x0800494e   0x0800494e   0x0000008c   Code   RO         4978    x$fpl$fnaninf       fz_ws.l(fnaninf.o)
    0x080049da   0x080049da   0x0000000a   Code   RO         4980    x$fpl$fretinf       fz_ws.l(fretinf.o)
    0x080049e4   0x080049e4   0x00000000   Code   RO         4990    x$fpl$usenofp       fz_ws.l(usenofp.o)
    0x080049e4   0x080049e4   0x00000064   Data   RO          311    .constdata          freertos.o
    0x08004a48   0x08004a48   0x00000012   Data   RO          815    .constdata          stm32f1xx_hal_rcc.o
    0x08004a5a   0x08004a5a   0x00000010   Data   RO         2972    .constdata          system_stm32f1xx.o
    0x08004a6a   0x08004a6a   0x00000008   Data   RO         2973    .constdata          system_stm32f1xx.o
    0x08004a72   0x08004a72   0x00000007   Data   RO         4419    .constdata          shell.o
    0x08004a79   0x08004a79   0x00000001   Data   RO         4420    .constdata          shell.o
    0x08004a7a   0x08004a7a   0x0000000d   Data   RO         4421    .constdata          shell.o
    0x08004a87   0x08004a87   0x00000007   Data   RO         4422    .constdata          shell.o
    0x08004a8e   0x08004a8e   0x00000008   Data   RO         4423    .constdata          shell.o
    0x08004a96   0x08004a96   0x00000003   Data   RO         4424    .constdata          shell.o
    0x08004a99   0x08004a99   0x00000005   Data   RO         4425    .constdata          shell.o
    0x08004a9e   0x08004a9e   0x00000006   Data   RO         4426    .constdata          shell.o
    0x08004aa4   0x08004aa4   0x00000005   Data   RO         4427    .constdata          shell.o
    0x08004aa9   0x08004aa9   0x00000004   Data   RO         4428    .constdata          shell.o
    0x08004aad   0x08004aad   0x0000000a   Data   RO         4429    .constdata          shell.o
    0x08004ab7   0x08004ab7   0x0000000a   Data   RO         4430    .constdata          shell.o
    0x08004ac1   0x08004ac1   0x00000007   Data   RO         4431    .constdata          shell.o
    0x08004ac8   0x08004ac8   0x00000006   Data   RO         4432    .constdata          shell.o
    0x08004ace   0x08004ace   0x00000006   Data   RO         4433    .constdata          shell.o
    0x08004ad4   0x08004ad4   0x00000005   Data   RO         4434    .constdata          shell.o
    0x08004ad9   0x08004ad9   0x0000001e   Data   RO         4435    .constdata          shell.o
    0x08004af7   0x08004af7   0x00000006   Data   RO         4436    .constdata          shell.o
    0x08004afd   0x08004afd   0x0000000e   Data   RO         4437    .constdata          shell.o
    0x08004b0b   0x08004b0b   0x00000005   Data   RO         4438    .constdata          shell.o
    0x08004b10   0x08004b10   0x0000000d   Data   RO         4439    .constdata          shell.o
    0x08004b1d   0x08004b1d   0x00000005   Data   RO         4440    .constdata          shell.o
    0x08004b22   0x08004b22   0x0000000d   Data   RO         4441    .constdata          shell.o
    0x08004b2f   0x08004b2f   0x00000005   Data   RO         4442    .constdata          shell.o
    0x08004b34   0x08004b34   0x0000000d   Data   RO         4443    .constdata          shell.o
    0x08004b41   0x08004b41   0x00000006   Data   RO         4444    .constdata          shell.o
    0x08004b47   0x08004b47   0x0000000e   Data   RO         4445    .constdata          shell.o
    0x08004b55   0x08004b55   0x00000003   PAD
    0x08004b58   0x08004b58   0x00000024   Data   RO          312    .conststring        freertos.o
    0x08004b7c   0x08004b7c   0x000002a1   Data   RO         4446    .conststring        shell.o
    0x08004e1d   0x08004e1d   0x00000003   PAD
    0x08004e20   0x08004e20   0x00000020   Data   RO         5160    Region$$Table       anon$$obj.o
    0x08004e40   0x08004e40   0x00000120   Data   RO         4448    shellCommand        shell.o
    0x08004f60   0x08004f60   0x00000004   Data   RO           22    .init_array         armlib_lock_glue.o
    0x08004f64   0x08004f60   0x00000000   Data   RO         4820    .init_array         c_w.l(init_aeabi.o)


    Execution Region RW_IRAM1 (Exec base: 0x20000000, Load base: 0x08004f64, Size: 0x00001ff0, Max: 0x00005000, ABSOLUTE)

    Exec Addr    Load Addr    Size         Type   Attr      Idx    E Section Name        Object

    0x20000000   0x08004f64   0x00000014   Data   RW          313    .data               freertos.o
    0x20000014   0x08004f78   0x0000000c   Data   RW          652    .data               stm32f1xx_hal.o
    0x20000020   0x08004f84   0x00000004   Data   RW         2974    .data               system_stm32f1xx.o
    0x20000024   0x08004f88   0x0000003c   Data   RW         3523    .data               tasks.o
    0x20000060   0x08004fc4   0x00000020   Data   RW         4158    .data               heap_4.o
    0x20000080   0x08004fe4   0x0000000c   Data   RW         4226    .data               port.o
    0x2000008c   0x08004ff0   0x00000002   Data   RW         4337    .data               dmaringbuffer.o
    0x2000008e   0x08004ff2   0x00000002   PAD
    0x20000090   0x08004ff4   0x00000058   Data   RW         4447    .data               shell.o
    0x200000e8        -       0x0000008c   Zero   RW           21    .bss                armlib_lock_glue.o
    0x20000174        -       0x00000254   Zero   RW          310    .bss                freertos.o
    0x200003c8        -       0x00000100   Zero   RW          407    .bss                usart.o
    0x200004c8        -       0x00000048   Zero   RW          555    .bss                stm32f1xx_hal_timebase_tim.o
    0x20000510        -       0x000000f0   Zero   RW         3522    .bss                tasks.o
    0x20000600        -       0x00001000   Zero   RW         4157    .bss                heap_4.o
    0x20001600        -       0x00000104   Zero   RW         4336    .bss                dmaringbuffer.o
    0x20001704        -       0x0000001d   Zero   RW         4418    .bss                shell.o
    0x20001721   0x0800504c   0x00000003   PAD
    0x20001724        -       0x0000026c   Zero   RW         4768    .bss                shell_port.o
    0x20001990        -       0x00000060   Zero   RW         5086    .bss                c_w.l(libspace.o)
    0x200019f0        -       0x00000200   Zero   RW            2    HEAP                startup_stm32f103xb.o
    0x20001bf0        -       0x00000400   Zero   RW            1    STACK               startup_stm32f103xb.o


==============================================================================

Image component sizes


      Code (inc. data)   RO Data    RW Data    ZI Data      Debug   Object Name

       356         28          4          0        140      19098   armlib_lock_glue.o
       158          0          0          0          0      18287   cmsis_os.o
        60          4          0          0          0        742   dma.o
        84         12          0          2        260       1880   dmaringbuffer.o
         0          0          0          0          0      20112   event_groups.o
       264         32        136         20        596       8799   freertos.o
       148         18          0          0          0        935   gpio.o
       472         24          0         32       4096       7339   heap_4.o
       138          0          0          0          0       3338   list.o
       146          6          0          0          0     453980   main.o
       662         68          0         12          0      10933   port.o
      1106          8          0          0          0      14466   queue.o
      4086        232       1188         88         29      40043   shell.o
       736          8          0          0          0       5710   shell_ext.o
        60         16          0          0        620       2100   shell_port.o
        64         26        236          0       1536        784   startup_stm32f103xb.o
        64         14          0         12          0       4574   stm32f1xx_hal.o
       158         14          0          0          0      28102   stm32f1xx_hal_cortex.o
       812         36          0          0          0       4910   stm32f1xx_hal_dma.o
       460         34          0          0          0       2196   stm32f1xx_hal_gpio.o
        72         10          0          0          0        850   stm32f1xx_hal_msp.o
      1308         94         18          0          0       5805   stm32f1xx_hal_rcc.o
       612         24          0          0          0       7232   stm32f1xx_hal_tim.o
         4          0          0          0          0       1593   stm32f1xx_hal_tim_ex.o
       140         22          0          0         72       1391   stm32f1xx_hal_timebase_tim.o
      2248         70          0          0          0      18922   stm32f1xx_hal_uart.o
        60         24          0          0          0       4252   stm32f1xx_it.o
         0          0          0          0          0        408   stream_buffer.o
         2          0         24          4          0       1083   system_stm32f1xx.o
      2008        148          0         60        240      24258   tasks.o
       296         34          0          0        256       1812   usart.o

    ----------------------------------------------------------------------
     16820       1006       1644        232       7848     715934   Object Totals
         0          0         32          0          0          0   (incl. Generated)
        36          0          6          2          3          0   (incl. Padding)

    ----------------------------------------------------------------------

      Code (inc. data)   RO Data    RW Data    ZI Data      Debug   Library Member Name

         8          0          0          0          0         68   __main.o
         0          0          0          0          0          0   __rtentry.o
        12          0          0          0          0          0   __rtentry2.o
         6          0          0          0          0          0   __rtentry4.o
        52          8          0          0          0          0   __scatter.o
        26          0          0          0          0          0   __scatter_copy.o
        28          0          0          0          0          0   __scatter_zi.o
        18          0          0          0          0         80   exit.o
         6          0          0          0          0        152   heapauxi.o
         0          0          0          0          0          0   indicate_semi.o
        36         10          0          0          0         80   init_aeabi.o
         2          0          0          0          0          0   libinit.o
         6          0          0          0          0          0   libinit2.o
         2          0          0          0          0          0   libshutdown.o
         2          0          0          0          0          0   libshutdown2.o
         8          4          0          0         96         68   libspace.o
        78          0          0          0          0         80   rt_memclr_w.o
       138          0          0          0          0         68   rt_memcpy_v6.o
       100          0          0          0          0         80   rt_memcpy_w.o
         2          0          0          0          0          0   rtexit.o
        10          0          0          0          0          0   rtexit2.o
       128          0          0          0          0         68   strcmpv7m.o
        62          0          0          0          0         76   strlen.o
       150          0          0          0          0         80   strncmp.o
        12          4          0          0          0         68   sys_exit.o
        74          0          0          0          0         80   sys_stackheap_outer.o
         2          0          0          0          0         68   use_no_semi.o
       388         76          0          0          0         96   fdiv.o
        86          0          0          0          0        136   fflt_clz.o
       258          4          0          0          0         84   fmul.o
       140          4          0          0          0         84   fnaninf.o
        10          0          0          0          0         68   fretinf.o
         0          0          0          0          0          0   usenofp.o

    ----------------------------------------------------------------------
      1860        110          0          0         96       1584   Library Totals
        10          0          0          0          0          0   (incl. Padding)

    ----------------------------------------------------------------------

      Code (inc. data)   RO Data    RW Data    ZI Data      Debug   Library Name

       968         26          0          0         96       1116   c_w.l
       882         84          0          0          0        468   fz_ws.l

    ----------------------------------------------------------------------
      1860        110          0          0         96       1584   Library Totals

    ----------------------------------------------------------------------

==============================================================================


      Code (inc. data)   RO Data    RW Data    ZI Data      Debug   

     18680       1116       1644        232       7944     706438   Grand Totals
     18680       1116       1644        232       7944     706438   ELF Image Totals
     18680       1116       1644        232          0          0   ROM Totals

==============================================================================

    Total RO  Size (Code + RO Data)                20324 (  19.85kB)
    Total RW  Size (RW Data + ZI Data)              8176 (   7.98kB)
    Total ROM Size (Code + RO Data + RW Data)      20556 (  20.07kB)

==============================================================================

