Component: ARM Compiler 5.06 update 6 (build 750) Tool: armlink [4d35ed]

==============================================================================

Section Cross References

    startup_stm32f103xb.o(STACK) refers (Special) to heapauxi.o(.text) for __use_two_region_memory
    startup_stm32f103xb.o(HEAP) refers (Special) to heapauxi.o(.text) for __use_two_region_memory
    startup_stm32f103xb.o(RESET) refers (Special) to heapauxi.o(.text) for __use_two_region_memory
    startup_stm32f103xb.o(RESET) refers to startup_stm32f103xb.o(STACK) for __initial_sp
    startup_stm32f103xb.o(RESET) refers to startup_stm32f103xb.o(.text) for Reset_Handler
    startup_stm32f103xb.o(RESET) refers to stm32f1xx_it.o(i.NMI_Handler) for NMI_Handler
    startup_stm32f103xb.o(RESET) refers to stm32f1xx_it.o(i.HardFault_Handler) for HardFault_Handler
    startup_stm32f103xb.o(RESET) refers to stm32f1xx_it.o(i.MemManage_Handler) for MemManage_Handler
    startup_stm32f103xb.o(RESET) refers to stm32f1xx_it.o(i.BusFault_Handler) for BusFault_Handler
    startup_stm32f103xb.o(RESET) refers to stm32f1xx_it.o(i.UsageFault_Handler) for UsageFault_Handler
    startup_stm32f103xb.o(RESET) refers to port.o(.emb_text) for SVC_Handler
    startup_stm32f103xb.o(RESET) refers to stm32f1xx_it.o(i.DebugMon_Handler) for DebugMon_Handler
    startup_stm32f103xb.o(RESET) refers to port.o(i.SysTick_Handler) for SysTick_Handler
    startup_stm32f103xb.o(RESET) refers to stm32f1xx_it.o(i.DMA1_Channel4_IRQHandler) for DMA1_Channel4_IRQHandler
    startup_stm32f103xb.o(RESET) refers to stm32f1xx_it.o(i.DMA1_Channel5_IRQHandler) for DMA1_Channel5_IRQHandler
    startup_stm32f103xb.o(RESET) refers to stm32f1xx_it.o(i.TIM1_UP_IRQHandler) for TIM1_UP_IRQHandler
    startup_stm32f103xb.o(RESET) refers to stm32f1xx_it.o(i.USART1_IRQHandler) for USART1_IRQHandler
    startup_stm32f103xb.o(.text) refers (Special) to heapauxi.o(.text) for __use_two_region_memory
    startup_stm32f103xb.o(.text) refers to system_stm32f1xx.o(i.SystemInit) for SystemInit
    startup_stm32f103xb.o(.text) refers to __main.o(!!!main) for __main
    startup_stm32f103xb.o(.text) refers to startup_stm32f103xb.o(HEAP) for Heap_Mem
    startup_stm32f103xb.o(.text) refers to startup_stm32f103xb.o(STACK) for Stack_Mem
    armlib_lock_glue.o(i.__armlib_thread_safety_init) refers to armlib_lock_glue.o(i.stm32_lock_acquire) for stm32_lock_acquire
    armlib_lock_glue.o(i.__armlib_thread_safety_init) refers to armlib_lock_glue.o(i.stm32_lock_release) for stm32_lock_release
    armlib_lock_glue.o(i.__armlib_thread_safety_init) refers to armlib_lock_glue.o(.bss) for .bss
    armlib_lock_glue.o(i._mutex_acquire) refers to armlib_lock_glue.o(i.stm32_lock_acquire) for stm32_lock_acquire
    armlib_lock_glue.o(i._mutex_acquire) refers to main.o(i.Error_Handler) for Error_Handler
    armlib_lock_glue.o(i._mutex_acquire) refers to armlib_lock_glue.o(i.stm32_lock_release) for stm32_lock_release
    armlib_lock_glue.o(i._mutex_acquire) refers to armlib_lock_glue.o(.bss) for .bss
    armlib_lock_glue.o(i._mutex_free) refers to armlib_lock_glue.o(i.stm32_lock_acquire) for stm32_lock_acquire
    armlib_lock_glue.o(i._mutex_free) refers to main.o(i.Error_Handler) for Error_Handler
    armlib_lock_glue.o(i._mutex_free) refers to armlib_lock_glue.o(i.stm32_lock_release) for stm32_lock_release
    armlib_lock_glue.o(i._mutex_free) refers to armlib_lock_glue.o(.bss) for .bss
    armlib_lock_glue.o(i._mutex_initialize) refers to armlib_lock_glue.o(i.stm32_lock_acquire) for stm32_lock_acquire
    armlib_lock_glue.o(i._mutex_initialize) refers to armlib_lock_glue.o(i.stm32_lock_release) for stm32_lock_release
    armlib_lock_glue.o(i._mutex_initialize) refers to main.o(i.Error_Handler) for Error_Handler
    armlib_lock_glue.o(i._mutex_initialize) refers to armlib_lock_glue.o(.bss) for .bss
    armlib_lock_glue.o(i._mutex_release) refers to armlib_lock_glue.o(i.stm32_lock_acquire) for stm32_lock_acquire
    armlib_lock_glue.o(i._mutex_release) refers to main.o(i.Error_Handler) for Error_Handler
    armlib_lock_glue.o(i._mutex_release) refers to armlib_lock_glue.o(i.stm32_lock_release) for stm32_lock_release
    armlib_lock_glue.o(i._mutex_release) refers to armlib_lock_glue.o(.bss) for .bss
    armlib_lock_glue.o(i.stm32_lock_acquire) refers to main.o(i.Error_Handler) for Error_Handler
    armlib_lock_glue.o(i.stm32_lock_release) refers to main.o(i.Error_Handler) for Error_Handler
    armlib_lock_glue.o(.init_array) refers to armlib_lock_glue.o(i.__armlib_thread_safety_init) for __armlib_thread_safety_init
    armlib_lock_glue.o(.init_array) refers to init_aeabi.o(.text) for __cpp_initialize__aeabi_
    main.o(i.HAL_TIM_PeriodElapsedCallback) refers to stm32f1xx_hal.o(i.HAL_IncTick) for HAL_IncTick
    main.o(i.SystemClock_Config) refers to rt_memclr_w.o(.text) for __aeabi_memclr4
    main.o(i.SystemClock_Config) refers to stm32f1xx_hal_rcc.o(i.HAL_RCC_OscConfig) for HAL_RCC_OscConfig
[...]
    tenpwrs_x                                0x08004ce0   Data          60  bigflt0.o(.constdata)
    tenpwrs_i                                0x08004d1c   Data          64  bigflt0.o(.constdata)
    .conststring                             0x08004d74   Section       36  freertos.o(.conststring)
    locale$$data                             0x08004db8   Section       28  lc_numeric_c.o(locale$$data)
    __lcnum_c_name                           0x08004dbc   Data           2  lc_numeric_c.o(locale$$data)
    __lcnum_c_start                          0x08004dc4   Data           0  lc_numeric_c.o(locale$$data)
    __lcnum_c_point                          0x08004dd0   Data           0  lc_numeric_c.o(locale$$data)
    __lcnum_c_thousands                      0x08004dd2   Data           0  lc_numeric_c.o(locale$$data)
    __lcnum_c_grouping                       0x08004dd3   Data           0  lc_numeric_c.o(locale$$data)
    locale$$data                             0x08004dd4   Section      272  lc_ctype_c.o(locale$$data)
    __lcnum_c_end                            0x08004dd4   Data           0  lc_numeric_c.o(locale$$data)
    __lcctype_c_name                         0x08004dd8   Data           2  lc_ctype_c.o(locale$$data)
    __lcctype_c_start                        0x08004de0   Data           0  lc_ctype_c.o(locale$$data)
    .init_array                              0x08004ee4   Section        4  armlib_lock_glue.o(.init_array)
    __lcctype_c_end                          0x08004ee4   Data           0  lc_ctype_c.o(locale$$data)
    .init_array                              0x08004ee8   Section        0  init_aeabi.o(.init_array)
    .data                                    0x20000000   Section       16  freertos.o(.data)
    .data                                    0x20000010   Section       12  stm32f1xx_hal.o(.data)
    .data                                    0x2000001c   Section        4  system_stm32f1xx.o(.data)
    .data                                    0x20000020   Section       60  tasks.o(.data)
    uxDeletedTasksWaitingCleanUp             0x20000024   Data           4  tasks.o(.data)
    uxCurrentNumberOfTasks                   0x20000028   Data           4  tasks.o(.data)
    xTickCount                               0x2000002c   Data           4  tasks.o(.data)
    uxTopReadyPriority                       0x20000030   Data           4  tasks.o(.data)
    xSchedulerRunning                        0x20000034   Data           4  tasks.o(.data)
    xPendedTicks                             0x20000038   Data           4  tasks.o(.data)
    xYieldPending                            0x2000003c   Data           4  tasks.o(.data)
    xNumOfOverflows                          0x20000040   Data           4  tasks.o(.data)
    uxTaskNumber                             0x20000044   Data           4  tasks.o(.data)
    xNextTaskUnblockTime                     0x20000048   Data           4  tasks.o(.data)
    xIdleTaskHandle                          0x2000004c   Data           4  tasks.o(.data)
    uxSchedulerSuspended                     0x20000050   Data           4  tasks.o(.data)
    pxDelayedTaskList                        0x20000054   Data           4  tasks.o(.data)
    pxOverflowDelayedTaskList                0x20000058   Data           4  tasks.o(.data)
    .data                                    0x2000005c   Section       32  heap_4.o(.data)
    pxEnd                                    0x2000005c   Data           4  heap_4.o(.data)
    xFreeBytesRemaining                      0x20000060   Data           4  heap_4.o(.data)
    xMinimumEverFreeBytesRemaining           0x20000064   Data           4  heap_4.o(.data)
    xNumberOfSuccessfulAllocations           0x20000068   Data           4  heap_4.o(.data)
    xNumberOfSuccessfulFrees                 0x2000006c   Data           4  heap_4.o(.data)
    xBlockAllocatedBit                       0x20000070   Data           4  heap_4.o(.data)
    xStart                                   0x20000074   Data           8  heap_4.o(.data)
    .data                                    0x2000007c   Section       12  port.o(.data)
    ucMaxSysCallPriority                     0x2000007c   Data           1  port.o(.data)
    uxCriticalNesting                        0x20000080   Data           4  port.o(.data)
    ulMaxPRIGROUPValue                       0x20000084   Data           4  port.o(.data)
    .data                                    0x20000088   Section        2  dmaringbuffer.o(.data)
    .bss                                     0x2000008c   Section      140  armlib_lock_glue.o(.bss)
    static_list_lock                         0x2000008c   Data          12  armlib_lock_glue.o(.bss)
    static_lock                              0x20000098   Data         128  armlib_lock_glue.o(.bss)
    .bss                                     0x20000118   Section      596  freertos.o(.bss)
    xIdleTaskTCBBuffer                       0x20000118   Data          84  freertos.o(.bss)
    xIdleStack                               0x2000016c   Data         512  freertos.o(.bss)
    .bss                                     0x2000036c   Section      256  usart.o(.bss)
    .bss                                     0x2000046c   Section       72  stm32f1xx_hal_timebase_tim.o(.bss)
    .bss                                     0x200004b4   Section      240  tasks.o(.bss)
    pxReadyTasksLists                        0x200004b4   Data         140  tasks.o(.bss)
    xDelayedTaskList1                        0x20000540   Data          20  tasks.o(.bss)
    xDelayedTaskList2                        0x20000554   Data          20  tasks.o(.bss)
    xPendingReadyList                        0x20000568   Data          20  tasks.o(.bss)
    xTasksWaitingTermination                 0x2000057c   Data          20  tasks.o(.bss)
    xSuspendedTaskList                       0x20000590   Data          20  tasks.o(.bss)
    .bss                                     0x200005a4   Section     4096  heap_4.o(.bss)
    ucHeap                                   0x200005a4   Data        4096  heap_4.o(.bss)
    .bss                                     0x200015a4   Section      256  reprintf.o(.bss)
    buf                                      0x200015a4   Data         256  reprintf.o(.bss)
    .bss                                     0x200016a4   Section      260  dmaringbuffer.o(.bss)
    .bss                                     0x200017a8   Section       96  libspace.o(.bss)
    HEAP                                     0x20001808   Section      512  startup_stm32f103xb.o(HEAP)
    Heap_Mem                                 0x20001808   Data         512  startup_stm32f103xb.o(HEAP)
    STACK                                    0x20001a08   Section     1024  startup_stm32f103xb.o(STACK)
    Stack_Mem                                0x20001a08   Data        1024  startup_stm32f103xb.o(STACK)
    __initial_sp                             0x20001e08   Data           0  startup_stm32f103xb.o(STACK)

    Global Symbols

    Symbol Name                              Value     Ov Type        Size  Object(Section)

    BuildAttributes$$THM_ISAv4$P$D$K$B$S$PE$A:L22UL41UL21$X:L11$S22US41US21$IEEE1$IW$USESV6$~STKCKD$USESV7$~SHL$OTIME$ROPI$IEEEJ$EBA8$UX$STANDARDLIB$REQ8$PRES8$EABIv2 0x00000000   Number         0  anon$$obj.o ABSOLUTE
    __ARM_use_no_argv                        0x00000000   Number         0  main.o ABSOLUTE
    _printf_flags                            0x00000000   Number         0  printf_stubs.o ABSOLUTE
    _printf_return_value                     0x00000000   Number         0  printf_stubs.o ABSOLUTE
    _printf_sizespec                         0x00000000   Number         0  printf_stubs.o ABSOLUTE
    _printf_widthprec                        0x00000000   Number         0  printf_stubs.o ABSOLUTE
    __ARM_exceptions_init                     - Undefined Weak Reference
    __alloca_initialize                       - Undefined Weak Reference
    __arm_preinit_                            - Undefined Weak Reference
    __cxa_finalize                            - Undefined Weak Reference
    __sigvec_lookup                           - Undefined Weak Reference
    _atexit_init                              - Undefined Weak Reference
    _call_atexit_fns                          - Undefined Weak Reference
    _clock_init                               - Undefined Weak Reference
    _fp_trap_init                             - Undefined Weak Reference
    _fp_trap_shutdown                         - Undefined Weak Reference
    _get_lc_collate                           - Undefined Weak Reference
    _get_lc_monetary                          - Undefined Weak Reference
    _get_lc_time                              - Undefined Weak Reference
    _getenv_init                              - Undefined Weak Reference
    _handle_redirection                       - Undefined Weak Reference
    _init_alloc                               - Undefined Weak Reference
    _init_user_alloc                          - Undefined Weak Reference
    _initio                                   - Undefined Weak Reference
    _printf_mbtowc                            - Undefined Weak Reference
    _printf_wc                                - Undefined Weak Reference
    _rand_init                                - Undefined Weak Reference
    _signal_finish                            - Undefined Weak Reference
    _signal_init                              - Undefined Weak Reference
    _terminate_alloc                          - Undefined Weak Reference
    _terminate_user_alloc                     - Undefined Weak Reference
    _terminateio                              - Undefined Weak Reference
    __Vectors_Size                           0x000000ec   Number         0  startup_stm32f103xb.o ABSOLUTE
    __Vectors                                0x08000000   Data           4  startup_stm32f103xb.o(RESET)
    __Vectors_End                            0x080000ec   Data           0  startup_stm32f103xb.o(RESET)
    __main                                   0x080000ed   Thumb Code     8  __main.o(!!!main)
    __scatterload                            0x080000f5   Thumb Code     0  __scatter.o(!!!scatter)
    __scatterload_rt2                        0x080000f5   Thumb Code    44  __scatter.o(!!!scatter)
    __scatterload_rt2_thumb_only             0x080000f5   Thumb Code     0  __scatter.o(!!!scatter)
    __scatterload_null                       0x08000103   Thumb Code     0  __scatter.o(!!!scatter)
    __scatterload_copy                       0x08000129   Thumb Code    26  __scatter_copy.o(!!handler_copy)
    __scatterload_zeroinit                   0x08000145   Thumb Code    28  __scatter_zi.o(!!handler_zi)
    _printf_n                                0x08000161   Thumb Code     0  _printf_n.o(.ARM.Collect$$_printf_percent$$00000001)
    _printf_percent                          0x08000161   Thumb Code     0  _printf_percent.o(.ARM.Collect$$_printf_percent$$00000000)
    _printf_p                                0x08000167   Thumb Code     0  _printf_p.o(.ARM.Collect$$_printf_percent$$00000002)
    _printf_f                                0x0800016d   Thumb Code     0  _printf_f.o(.ARM.Collect$$_printf_percent$$00000003)
    _printf_e                                0x08000173   Thumb Code     0  _printf_e.o(.ARM.Collect$$_printf_percent$$00000004)
    _printf_g                                0x08000179   Thumb Code     0  _printf_g.o(.ARM.Collect$$_printf_percent$$00000005)
    _printf_a                                0x0800017f   Thumb Code     0  _printf_a.o(.ARM.Collect$$_printf_percent$$00000006)
    _printf_ll                               0x08000185   Thumb Code     0  _printf_ll.o(.ARM.Collect$$_printf_percent$$00000007)
    _printf_i                                0x0800018f   Thumb Code     0  _printf_i.o(.ARM.Collect$$_printf_percent$$00000008)
    _printf_d                                0x08000195   Thumb Code     0  _printf_d.o(.ARM.Collect$$_printf_percent$$00000009)
    _printf_u                                0x0800019b   Thumb Code     0  _printf_u.o(.ARM.Collect$$_printf_percent$$0000000A)
    _printf_o                                0x080001a1   Thumb Code     0  _printf_o.o(.ARM.Collect$$_printf_percent$$0000000B)
    _printf_x                                0x080001a7   Thumb Code     0  _printf_x.o(.ARM.Collect$$_printf_percent$$0000000C)
    _printf_lli                              0x080001ad   Thumb Code     0  _printf_lli.o(.ARM.Collect$$_printf_percent$$0000000D)
    _printf_lld                              0x080001b3   Thumb Code     0  _printf_lld.o(.ARM.Collect$$_printf_percent$$0000000E)
    _printf_llu                              0x080001b9   Thumb Code     0  _printf_llu.o(.ARM.Collect$$_printf_percent$$0000000F)
    _printf_llo                              0x080001bf   Thumb Code     0  _printf_llo.o(.ARM.Collect$$_printf_percent$$00000010)
    _printf_llx                              0x080001c5   Thumb Code     0  _printf_llx.o(.ARM.Collect$$_printf_percent$$00000011)
    _printf_l                                0x080001cb   Thumb Code     0  _printf_l.o(.ARM.Collect$$_printf_percent$$00000012)
    _printf_c                                0x080001d5   Thumb Code     0  _printf_c.o(.ARM.Collect$$_printf_percent$$00000013)
    _printf_s                                0x080001db   Thumb Code     0  _printf_s.o(.ARM.Collect$$_printf_percent$$00000014)
    _printf_lc                               0x080001e1   Thumb Code     0  _printf_lc.o(.ARM.Collect$$_printf_percent$$00000015)
    _printf_ls                               0x080001e7   Thumb Code     0  _printf_ls.o(.ARM.Collect$$_printf_percent$$00000016)
    _printf_percent_end                      0x080001ed   Thumb Code     0  _printf_percent_end.o(.ARM.Collect$$_printf_percent$$00000017)
    __rt_lib_init                            0x080001f1   Thumb Code     0  libinit.o(.ARM.Collect$$libinit$$00000000)
    __rt_lib_init_fp_1                       0x080001f3   Thumb Code     0  libinit2.o(.ARM.Collect$$libinit$$00000002)
    __rt_lib_init_heap_1                     0x080001f3   Thumb Code     0  libinit2.o(.ARM.Collect$$libinit$$0000000A)
    __rt_lib_init_lc_common                  0x080001f3   Thumb Code     0  libinit2.o(.ARM.Collect$$libinit$$0000000F)
    __rt_lib_init_preinit_1                  0x080001f3   Thumb Code     0  libinit2.o(.ARM.Collect$$libinit$$00000004)
    __rt_lib_init_rand_1                     0x080001f3   Thumb Code     0  libinit2.o(.ARM.Collect$$libinit$$0000000E)
    __rt_lib_init_user_alloc_1               0x080001f3   Thumb Code     0  libinit2.o(.ARM.Collect$$libinit$$0000000C)
    __rt_lib_init_lc_collate_1               0x080001f9   Thumb Code     0  libinit2.o(.ARM.Collect$$libinit$$00000011)
    __rt_lib_init_lc_ctype_2                 0x080001f9   Thumb Code     0  libinit2.o(.ARM.Collect$$libinit$$00000012)
    __rt_lib_init_lc_ctype_1                 0x08000205   Thumb Code     0  libinit2.o(.ARM.Collect$$libinit$$00000013)
    __rt_lib_init_lc_monetary_1              0x08000205   Thumb Code     0  libinit2.o(.ARM.Collect$$libinit$$00000015)
    __rt_lib_init_lc_numeric_2               0x08000205   Thumb Code     0  libinit2.o(.ARM.Collect$$libinit$$00000016)
    __rt_lib_init_alloca_1                   0x0800020f   Thumb Code     0  libinit2.o(.ARM.Collect$$libinit$$0000002E)
    __rt_lib_init_argv_1                     0x0800020f   Thumb Code     0  libinit2.o(.ARM.Collect$$libinit$$0000002C)
    __rt_lib_init_atexit_1                   0x0800020f   Thumb Code     0  libinit2.o(.ARM.Collect$$libinit$$0000001B)
    __rt_lib_init_clock_1                    0x0800020f   Thumb Code     0  libinit2.o(.ARM.Collect$$libinit$$00000021)
    __rt_lib_init_cpp_2                      0x0800020f   Thumb Code     0  libinit2.o(.ARM.Collect$$libinit$$00000031)
    __rt_lib_init_exceptions_1               0x0800020f   Thumb Code     0  libinit2.o(.ARM.Collect$$libinit$$00000030)
    __rt_lib_init_fp_trap_1                  0x0800020f   Thumb Code     0  libinit2.o(.ARM.Collect$$libinit$$0000001F)
    __rt_lib_init_getenv_1                   0x0800020f   Thumb Code     0  libinit2.o(.ARM.Collect$$libinit$$00000023)
    __rt_lib_init_lc_numeric_1               0x0800020f   Thumb Code     0  libinit2.o(.ARM.Collect$$libinit$$00000017)
    __rt_lib_init_lc_time_1                  0x0800020f   Thumb Code     0  libinit2.o(.ARM.Collect$$libinit$$00000019)
    __rt_lib_init_signal_1                   0x0800020f   Thumb Code     0  libinit2.o(.ARM.Collect$$libinit$$0000001D)
    __rt_lib_init_stdio_1                    0x0800020f   Thumb Code     0  libinit2.o(.ARM.Collect$$libinit$$00000025)
    __rt_lib_init_cpp_1                      0x08000213   Thumb Code     0  libinit2.o(.ARM.Collect$$libinit$$00000032)
    __rt_lib_init_return                     0x08000213   Thumb Code     0  libinit2.o(.ARM.Collect$$libinit$$00000033)
    __rt_lib_shutdown                        0x08000215   Thumb Code     0  libshutdown.o(.ARM.Collect$$libshutdown$$00000000)
    __rt_lib_shutdown_cpp_1                  0x08000217   Thumb Code     0  libshutdown2.o(.ARM.Collect$$libshutdown$$00000002)
    __rt_lib_shutdown_fp_trap_1              0x08000217   Thumb Code     0  libshutdown2.o(.ARM.Collect$$libshutdown$$00000007)
    __rt_lib_shutdown_heap_1                 0x08000217   Thumb Code     0  libshutdown2.o(.ARM.Collect$$libshutdown$$0000000F)
    __rt_lib_shutdown_return                 0x08000217   Thumb Code     0  libshutdown2.o(.ARM.Collect$$libshutdown$$00000010)
    __rt_lib_shutdown_signal_1               0x08000217   Thumb Code     0  libshutdown2.o(.ARM.Collect$$libshutdown$$0000000A)
    __rt_lib_shutdown_stdio_1                0x08000217   Thumb Code     0  libshutdown2.o(.ARM.Collect$$libshutdown$$00000004)
    __rt_lib_shutdown_user_alloc_1           0x08000217   Thumb Code     0  libshutdown2.o(.ARM.Collect$$libshutdown$$0000000C)
    __rt_entry                               0x08000219   Thumb Code     0  __rtentry.o(.ARM.Collect$$rtentry$$00000000)
    __rt_entry_presh_1                       0x08000219   Thumb Code     0  __rtentry2.o(.ARM.Collect$$rtentry$$00000002)
    __rt_entry_sh                            0x08000219   Thumb Code     0  __rtentry4.o(.ARM.Collect$$rtentry$$00000004)
    __rt_entry_li                            0x0800021f   Thumb Code     0  __rtentry2.o(.ARM.Collect$$rtentry$$0000000A)
    __rt_entry_postsh_1                      0x0800021f   Thumb Code     0  __rtentry2.o(.ARM.Collect$$rtentry$$00000009)
    __rt_entry_main                          0x08000223   Thumb Code     0  __rtentry2.o(.ARM.Collect$$rtentry$$0000000D)
    __rt_entry_postli_1                      0x08000223   Thumb Code     0  __rtentry2.o(.ARM.Collect$$rtentry$$0000000C)
    __rt_exit                                0x0800022b   Thumb Code     0  rtexit.o(.ARM.Collect$$rtexit$$00000000)
    __rt_exit_ls                             0x0800022d   Thumb Code     0  rtexit2.o(.ARM.Collect$$rtexit$$00000003)
    __rt_exit_prels_1                        0x0800022d   Thumb Code     0  rtexit2.o(.ARM.Collect$$rtexit$$00000002)
    __rt_exit_exit                           0x08000231   Thumb Code     0  rtexit2.o(.ARM.Collect$$rtexit$$00000004)
    SVC_Handler                              0x08000239   Thumb Code    32  port.o(.emb_text)
    __asm___6_port_c_39a90d8d__prvStartFirstTask 0x0800025d   Thumb Code    28  port.o(.emb_text)
    PendSV_Handler                           0x0800027d   Thumb Code    72  port.o(.emb_text)
    vPortGetIPSR                             0x080002c9   Thumb Code     6  port.o(.emb_text)
    Reset_Handler                            0x080002d1   Thumb Code     8  startup_stm32f103xb.o(.text)
    ADC1_2_IRQHandler                        0x080002eb   Thumb Code     0  startup_stm32f103xb.o(.text)
    CAN1_RX1_IRQHandler                      0x080002eb   Thumb Code     0  startup_stm32f103xb.o(.text)
    CAN1_SCE_IRQHandler                      0x080002eb   Thumb Code     0  startup_stm32f103xb.o(.text)
    DMA1_Channel1_IRQHandler                 0x080002eb   Thumb Code     0  startup_stm32f103xb.o(.text)
    DMA1_Channel2_IRQHandler                 0x080002eb   Thumb Code     0  startup_stm32f103xb.o(.text)
    DMA1_Channel3_IRQHandler                 0x080002eb   Thumb Code     0  startup_stm32f103xb.o(.text)
    DMA1_Channel6_IRQHandler                 0x080002eb   Thumb Code     0  startup_stm32f103xb.o(.text)
    DMA1_Channel7_IRQHandler                 0x080002eb   Thumb Code     0  startup_stm32f103xb.o(.text)
    EXTI0_IRQHandler                         0x080002eb   Thumb Code     0  startup_stm32f103xb.o(.text)
    EXTI15_10_IRQHandler                     0x080002eb   Thumb Code     0  startup_stm32f103xb.o(.text)
    EXTI1_IRQHandler                         0x080002eb   Thumb Code     0  startup_stm32f103xb.o(.text)
    EXTI2_IRQHandler                         0x080002eb   Thumb Code     0  startup_stm32f103xb.o(.text)
    EXTI3_IRQHandler                         0x080002eb   Thumb Code     0  startup_stm32f103xb.o(.text)
    EXTI4_IRQHandler                         0x080002eb   Thumb Code     0  startup_stm32f103xb.o(.text)
    EXTI9_5_IRQHandler                       0x080002eb   Thumb Code     0  startup_stm32f103xb.o(.text)
    FLASH_IRQHandler                         0x080002eb   Thumb Code     0  startup_stm32f103xb.o(.text)
    I2C1_ER_IRQHandler                       0x080002eb   Thumb Code     0  startup_stm32f103xb.o(.text)
    I2C1_EV_IRQHandler                       0x080002eb   Thumb Code     0  startup_stm32f103xb.o(.text)
    I2C2_ER_IRQHandler                       0x080002eb   Thumb Code     0  startup_stm32f103xb.o(.text)
    I2C2_EV_IRQHandler                       0x080002eb   Thumb Code     0  startup_stm32f103xb.o(.text)
    PVD_IRQHandler                           0x080002eb   Thumb Code     0  startup_stm32f103xb.o(.text)
    RCC_IRQHandler                           0x080002eb   Thumb Code     0  startup_stm32f103xb.o(.text)
    RTC_Alarm_IRQHandler                     0x080002eb   Thumb Code     0  startup_stm32f103xb.o(.text)
    RTC_IRQHandler                           0x080002eb   Thumb Code     0  startup_stm32f103xb.o(.text)
    SPI1_IRQHandler                          0x080002eb   Thumb Code     0  startup_stm32f103xb.o(.text)
    SPI2_IRQHandler                          0x080002eb   Thumb Code     0  startup_stm32f103xb.o(.text)
    TAMPER_IRQHandler                        0x080002eb   Thumb Code     0  startup_stm32f103xb.o(.text)
    TIM1_BRK_IRQHandler                      0x080002eb   Thumb Code     0  startup_stm32f103xb.o(.text)
    TIM1_CC_IRQHandler                       0x080002eb   Thumb Code     0  startup_stm32f103xb.o(.text)
    TIM1_TRG_COM_IRQHandler                  0x080002eb   Thumb Code     0  startup_stm32f103xb.o(.text)
    TIM2_IRQHandler                          0x080002eb   Thumb Code     0  startup_stm32f103xb.o(.text)
    TIM3_IRQHandler                          0x080002eb   Thumb Code     0  startup_stm32f103xb.o(.text)
    TIM4_IRQHandler                          0x080002eb   Thumb Code     0  startup_stm32f103xb.o(.text)
    USART2_IRQHandler                        0x080002eb   Thumb Code     0  startup_stm32f103xb.o(.text)
    USART3_IRQHandler                        0x080002eb   Thumb Code     0  startup_stm32f103xb.o(.text)
    USBWakeUp_IRQHandler                     0x080002eb   Thumb Code     0  startup_stm32f103xb.o(.text)
    USB_HP_CAN1_TX_IRQHandler                0x080002eb   Thumb Code     0  startup_stm32f103xb.o(.text)
    USB_LP_CAN1_RX0_IRQHandler               0x080002eb   Thumb Code     0  startup_stm32f103xb.o(.text)
    WWDG_IRQHandler                          0x080002eb   Thumb Code     0  startup_stm32f103xb.o(.text)
    __user_initial_stackheap                 0x080002ed   Thumb Code     0  startup_stm32f103xb.o(.text)
    vsnprintf                                0x08000311   Thumb Code    48  vsnprintf.o(.text)
    __aeabi_memcpy                           0x08000345   Thumb Code     0  rt_memcpy_v6.o(.text)
    __rt_memcpy                              0x08000345   Thumb Code   138  rt_memcpy_v6.o(.text)
    _memcpy_lastbytes                        0x080003ab   Thumb Code     0  rt_memcpy_v6.o(.text)
    __aeabi_memcpy4                          0x080003cf   Thumb Code     0  rt_memcpy_w.o(.text)
    __aeabi_memcpy8                          0x080003cf   Thumb Code     0  rt_memcpy_w.o(.text)
    __rt_memcpy_w                            0x080003cf   Thumb Code   100  rt_memcpy_w.o(.text)
    _memcpy_lastbytes_aligned                0x08000417   Thumb Code     0  rt_memcpy_w.o(.text)
    __aeabi_memclr4                          0x08000433   Thumb Code     0  rt_memclr_w.o(.text)
    __aeabi_memclr8                          0x08000433   Thumb Code     0  rt_memclr_w.o(.text)
    __rt_memclr_w                            0x08000433   Thumb Code    78  rt_memclr_w.o(.text)
    _memset_w                                0x08000437   Thumb Code     0  rt_memclr_w.o(.text)
    __use_two_region_memory                  0x08000481   Thumb Code     2  heapauxi.o(.text)
    __rt_heap_escrow$2region                 0x08000483   Thumb Code     2  heapauxi.o(.text)
    __rt_heap_expand$2region                 0x08000485   Thumb Code     2  heapauxi.o(.text)
    __cpp_initialize__aeabi_                 0x08000489   Thumb Code    26  init_aeabi.o(.text)
    _printf_pre_padding                      0x080004ad   Thumb Code    44  _printf_pad.o(.text)
    _printf_post_padding                     0x080004d9   Thumb Code    34  _printf_pad.o(.text)
    _printf_truncate_signed                  0x080004fb   Thumb Code    18  _printf_truncate.o(.text)
    _printf_truncate_unsigned                0x0800050d   Thumb Code    18  _printf_truncate.o(.text)
    _printf_str                              0x0800051f   Thumb Code    82  _printf_str.o(.text)
    _printf_int_dec                          0x08000571   Thumb Code   104  _printf_dec.o(.text)
    _printf_charcount                        0x080005e9   Thumb Code    40  _printf_charcount.o(.text)
    _printf_char_common                      0x0800061b   Thumb Code    32  _printf_char_common.o(.text)
    _sputc                                   0x08000641   Thumb Code    10  _sputc.o(.text)
    _snputc                                  0x0800064b   Thumb Code    16  _snputc.o(.text)
    _printf_wctomb                           0x0800065d   Thumb Code   182  _printf_wctomb.o(.text)
    _printf_longlong_dec                     0x08000719   Thumb Code   108  _printf_longlong_dec.o(.text)
    _printf_longlong_oct                     0x08000795   Thumb Code    66  _printf_oct_int_ll.o(.text)
    _printf_int_oct                          0x080007d7   Thumb Code    24  _printf_oct_int_ll.o(.text)
    _printf_ll_oct                           0x080007ef   Thumb Code    12  _printf_oct_int_ll.o(.text)
    _printf_longlong_hex                     0x08000805   Thumb Code    86  _printf_hex_int_ll_ptr.o(.text)
    _printf_int_hex                          0x0800085b   Thumb Code    28  _printf_hex_int_ll_ptr.o(.text)
    _printf_ll_hex                           0x08000877   Thumb Code    12  _printf_hex_int_ll_ptr.o(.text)
    _printf_hex_ptr                          0x08000883   Thumb Code    18  _printf_hex_int_ll_ptr.o(.text)
    __printf                                 0x08000899   Thumb Code   388  __printf_flags_ss_wp.o(.text)
    _ll_udiv10                               0x08000a21   Thumb Code   138  lludiv10.o(.text)
    _printf_int_common                       0x08000aab   Thumb Code   178  _printf_intcommon.o(.text)
    __lib_sel_fp_printf                      0x08000b5d   Thumb Code     2  _printf_fp_dec.o(.text)
    _printf_fp_dec_real                      0x08000d0f   Thumb Code   620  _printf_fp_dec.o(.text)
    _printf_fp_hex_real                      0x08000f7d   Thumb Code   756  _printf_fp_hex.o(.text)
    _printf_cs_common                        0x08001279   Thumb Code    20  _printf_char.o(.text)
    _printf_char                             0x0800128d   Thumb Code    16  _printf_char.o(.text)
    _printf_string                           0x0800129d   Thumb Code     8  _printf_char.o(.text)
    _printf_lcs_common                       0x080012a5   Thumb Code    20  _printf_wchar.o(.text)
    _printf_wchar                            0x080012b9   Thumb Code    16  _printf_wchar.o(.text)
    _printf_wstring                          0x080012c9   Thumb Code     8  _printf_wchar.o(.text)
    _wcrtomb                                 0x080012d1   Thumb Code    64  _wcrtomb.o(.text)
    __user_setup_stackheap                   0x08001311   Thumb Code    74  sys_stackheap_outer.o(.text)
    __rt_ctype_table                         0x0800135d   Thumb Code    16  rt_ctype_table.o(.text)
    __rt_locale                              0x0800136d   Thumb Code     8  rt_locale_intlibspace.o(.text)
    _printf_fp_infnan                        0x08001375   Thumb Code   112  _printf_fp_infnan.o(.text)
    _btod_etento                             0x080013f5   Thumb Code   224  bigflt0.o(.text)
    exit                                     0x080014d9   Thumb Code    18  exit.o(.text)
    __user_libspace                          0x080014ed   Thumb Code     8  libspace.o(.text)
    __user_perproc_libspace                  0x080014ed   Thumb Code     0  libspace.o(.text)
    __user_perthread_libspace                0x080014ed   Thumb Code     0  libspace.o(.text)
    strcmp                                   0x080014f5   Thumb Code   128  strcmpv7m.o(.text)
    __I$use$semihosting                      0x08001575   Thumb Code     0  use_no_semi.o(.text)
    __use_no_semihosting_swi                 0x08001575   Thumb Code     2  use_no_semi.o(.text)
    __semihosting_library_function           0x08001577   Thumb Code     0  indicate_semi.o(.text)
    _sys_exit                                0x08001579   Thumb Code     8  sys_exit.o(.text)
    _btod_d2e                                0x08001585   Thumb Code    62  btod.o(CL$$btod_d2e)
    _d2e_denorm_low                          0x080015c3   Thumb Code    70  btod.o(CL$$btod_d2e_denorm_low)
    _d2e_norm_op1                            0x08001609   Thumb Code    96  btod.o(CL$$btod_d2e_norm_op1)
    __btod_div_common                        0x08001669   Thumb Code   696  btod.o(CL$$btod_div_common)
    _e2e                                     0x080019a1   Thumb Code   220  btod.o(CL$$btod_e2e)
    _btod_ediv                               0x08001a7d   Thumb Code    42  btod.o(CL$$btod_ediv)
    _btod_emul                               0x08001aa7   Thumb Code    42  btod.o(CL$$btod_emul)
    __btod_mult_common                       0x08001ad1   Thumb Code   580  btod.o(CL$$btod_mult_common)
    BusFault_Handler                         0x08001d15   Thumb Code     2  stm32f1xx_it.o(i.BusFault_Handler)
    DMA1_Channel4_IRQHandler                 0x08001d19   Thumb Code     6  stm32f1xx_it.o(i.DMA1_Channel4_IRQHandler)
    DMA1_Channel5_IRQHandler                 0x08001d25   Thumb Code     6  stm32f1xx_it.o(i.DMA1_Channel5_IRQHandler)
    DebugMon_Handler                         0x08001d5b   Thumb Code     2  stm32f1xx_it.o(i.DebugMon_Handler)
    Error_Handler                            0x08001d5d   Thumb Code     4  main.o(i.Error_Handler)
    HAL_DMA_Abort                            0x08001d61   Thumb Code    70  stm32f1xx_hal_dma.o(i.HAL_DMA_Abort)
    HAL_DMA_Abort_IT                         0x08001da9   Thumb Code   148  stm32f1xx_hal_dma.o(i.HAL_DMA_Abort_IT)
    HAL_DMA_IRQHandler                       0x08001e41   Thumb Code   320  stm32f1xx_hal_dma.o(i.HAL_DMA_IRQHandler)
    HAL_DMA_Init                             0x08001f99   Thumb Code    84  stm32f1xx_hal_dma.o(i.HAL_DMA_Init)
    HAL_DMA_Start_IT                         0x08001ff5   Thumb Code   112  stm32f1xx_hal_dma.o(i.HAL_DMA_Start_IT)
    HAL_GPIO_Init                            0x08002065   Thumb Code   426  stm32f1xx_hal_gpio.o(i.HAL_GPIO_Init)
    HAL_GetTick                              0x08002231   Thumb Code     6  stm32f1xx_hal.o(i.HAL_GetTick)
    HAL_IncTick                              0x0800223d   Thumb Code    12  stm32f1xx_hal.o(i.HAL_IncTick)
    HAL_Init                                 0x0800224d   Thumb Code    32  stm32f1xx_hal.o(i.HAL_Init)
    HAL_InitTick                             0x08002271   Thumb Code   118  stm32f1xx_hal_timebase_tim.o(i.HAL_InitTick)
    HAL_MspInit                              0x080022fd   Thumb Code    62  stm32f1xx_hal_msp.o(i.HAL_MspInit)
    HAL_NVIC_EnableIRQ                       0x08002345   Thumb Code    26  stm32f1xx_hal_cortex.o(i.HAL_NVIC_EnableIRQ)
    HAL_NVIC_SetPriority                     0x08002361   Thumb Code    60  stm32f1xx_hal_cortex.o(i.HAL_NVIC_SetPriority)
    HAL_NVIC_SetPriorityGrouping             0x080023a1   Thumb Code    26  stm32f1xx_hal_cortex.o(i.HAL_NVIC_SetPriorityGrouping)
    HAL_RCC_ClockConfig                      0x080023c5   Thumb Code   292  stm32f1xx_hal_rcc.o(i.HAL_RCC_ClockConfig)
    HAL_RCC_GetClockConfig                   0x080024fd   Thumb Code    54  stm32f1xx_hal_rcc.o(i.HAL_RCC_GetClockConfig)
    HAL_RCC_GetPCLK1Freq                     0x0800253d   Thumb Code    20  stm32f1xx_hal_rcc.o(i.HAL_RCC_GetPCLK1Freq)
    HAL_RCC_GetPCLK2Freq                     0x0800255d   Thumb Code    20  stm32f1xx_hal_rcc.o(i.HAL_RCC_GetPCLK2Freq)
    HAL_RCC_GetSysClockFreq                  0x0800257d   Thumb Code    58  stm32f1xx_hal_rcc.o(i.HAL_RCC_GetSysClockFreq)
    HAL_RCC_OscConfig                        0x080025c9   Thumb Code   770  stm32f1xx_hal_rcc.o(i.HAL_RCC_OscConfig)
    HAL_TIMEx_BreakCallback                  0x080028e1   Thumb Code     2  stm32f1xx_hal_tim_ex.o(i.HAL_TIMEx_BreakCallback)
    HAL_TIMEx_CommutCallback                 0x080028e3   Thumb Code     2  stm32f1xx_hal_tim_ex.o(i.HAL_TIMEx_CommutCallback)
    HAL_TIM_Base_Init                        0x080028e5   Thumb Code    90  stm32f1xx_hal_tim.o(i.HAL_TIM_Base_Init)
    HAL_TIM_Base_MspInit                     0x0800293f   Thumb Code     2  stm32f1xx_hal_tim.o(i.HAL_TIM_Base_MspInit)
    HAL_TIM_Base_Start_IT                    0x08002941   Thumb Code    76  stm32f1xx_hal_tim.o(i.HAL_TIM_Base_Start_IT)
    HAL_TIM_IC_CaptureCallback               0x08002999   Thumb Code     2  stm32f1xx_hal_tim.o(i.HAL_TIM_IC_CaptureCallback)
    HAL_TIM_IRQHandler                       0x0800299b   Thumb Code   304  stm32f1xx_hal_tim.o(i.HAL_TIM_IRQHandler)
    HAL_TIM_OC_DelayElapsedCallback          0x08002acb   Thumb Code     2  stm32f1xx_hal_tim.o(i.HAL_TIM_OC_DelayElapsedCallback)
    HAL_TIM_PWM_PulseFinishedCallback        0x08002acd   Thumb Code     2  stm32f1xx_hal_tim.o(i.HAL_TIM_PWM_PulseFinishedCallback)
    HAL_TIM_PeriodElapsedCallback            0x08002ad1   Thumb Code    14  main.o(i.HAL_TIM_PeriodElapsedCallback)
    HAL_TIM_TriggerCallback                  0x08002ae5   Thumb Code     2  stm32f1xx_hal_tim.o(i.HAL_TIM_TriggerCallback)
    HAL_UARTEx_ReceiveToIdle_DMA             0x08002ae7   Thumb Code    82  stm32f1xx_hal_uart.o(i.HAL_UARTEx_ReceiveToIdle_DMA)
    HAL_UARTEx_RxEventCallback               0x08002b39   Thumb Code     2  stm32f1xx_hal_uart.o(i.HAL_UARTEx_RxEventCallback)
    HAL_UART_AbortCpltCallback               0x08002b3b   Thumb Code     2  stm32f1xx_hal_uart.o(i.HAL_UART_AbortCpltCallback)
    HAL_UART_AbortReceiveCpltCallback        0x08002b3d   Thumb Code     2  stm32f1xx_hal_uart.o(i.HAL_UART_AbortReceiveCpltCallback)
    HAL_UART_AbortTransmitCpltCallback       0x08002b3f   Thumb Code     2  stm32f1xx_hal_uart.o(i.HAL_UART_AbortTransmitCpltCallback)
    HAL_UART_DMAStop                         0x08002b41   Thumb Code   112  stm32f1xx_hal_uart.o(i.HAL_UART_DMAStop)
    HAL_UART_ErrorCallback                   0x08002bb1   Thumb Code     2  stm32f1xx_hal_uart.o(i.HAL_UART_ErrorCallback)
    HAL_UART_GetState                        0x08002bb3   Thumb Code    10  stm32f1xx_hal_uart.o(i.HAL_UART_GetState)
    HAL_UART_IRQHandler                      0x08002bbd   Thumb Code   618  stm32f1xx_hal_uart.o(i.HAL_UART_IRQHandler)
    HAL_UART_Init                            0x08002e2d   Thumb Code   114  stm32f1xx_hal_uart.o(i.HAL_UART_Init)
    HAL_UART_MspInit                         0x08002ea5   Thumb Code   210  usart.o(i.HAL_UART_MspInit)
    HAL_UART_RegisterRxEventCallback         0x08002f8d   Thumb Code    66  stm32f1xx_hal_uart.o(i.HAL_UART_RegisterRxEventCallback)
    HAL_UART_RxCpltCallback                  0x08002fcf   Thumb Code     2  stm32f1xx_hal_uart.o(i.HAL_UART_RxCpltCallback)
    HAL_UART_RxHalfCpltCallback              0x08002fd1   Thumb Code     2  stm32f1xx_hal_uart.o(i.HAL_UART_RxHalfCpltCallback)
    HAL_UART_Transmit                        0x08002fd3   Thumb Code   160  stm32f1xx_hal_uart.o(i.HAL_UART_Transmit)
    HAL_UART_TxCpltCallback                  0x08003073   Thumb Code     2  stm32f1xx_hal_uart.o(i.HAL_UART_TxCpltCallback)
    HAL_UART_TxHalfCpltCallback              0x08003075   Thumb Code     2  stm32f1xx_hal_uart.o(i.HAL_UART_TxHalfCpltCallback)
    HardFault_Handler                        0x08003077   Thumb Code     2  stm32f1xx_it.o(i.HardFault_Handler)
    MX_DMA_Init                              0x08003079   Thumb Code    56  dma.o(i.MX_DMA_Init)
    MX_FREERTOS_Init                         0x080030b5   Thumb Code    96  freertos.o(i.MX_FREERTOS_Init)
    MX_GPIO_Init                             0x0800311d   Thumb Code   130  gpio.o(i.MX_GPIO_Init)
    MX_USART1_UART_Init                      0x080031b1   Thumb Code    52  usart.o(i.MX_USART1_UART_Init)
    MemManage_Handler                        0x080031f1   Thumb Code     2  stm32f1xx_it.o(i.MemManage_Handler)
    NMI_Handler                              0x080031f3   Thumb Code     2  stm32f1xx_it.o(i.NMI_Handler)
    StartDefaultTask                         0x080031f5   Thumb Code     8  freertos.o(i.StartDefaultTask)
    StartTask02                              0x080031fd   Thumb Code     8  freertos.o(i.StartTask02)
    SysTick_Handler                          0x08003205   Thumb Code    38  port.o(i.SysTick_Handler)
    SystemClock_Config                       0x08003231   Thumb Code    92  main.o(i.SystemClock_Config)
    SystemInit                               0x0800328d   Thumb Code     2  system_stm32f1xx.o(i.SystemInit)
    TIM1_UP_IRQHandler                       0x08003291   Thumb Code     6  stm32f1xx_it.o(i.TIM1_UP_IRQHandler)
    TIM_Base_SetConfig                       0x0800329d   Thumb Code   108  stm32f1xx_hal_tim.o(i.TIM_Base_SetConfig)
    UART_InitCallbacksToDefault              0x08003475   Thumb Code    38  stm32f1xx_hal_uart.o(i.UART_InitCallbacksToDefault)
    UART_Start_Receive_DMA                   0x0800363d   Thumb Code   134  stm32f1xx_hal_uart.o(i.UART_Start_Receive_DMA)
    USART1_DMAHandler                        0x08003741   Thumb Code    72  dmaringbuffer.o(i.USART1_DMAHandler)
    USART1_IRQHandler                        0x08003795   Thumb Code     6  stm32f1xx_it.o(i.USART1_IRQHandler)
    UsageFault_Handler                       0x080037a1   Thumb Code     2  stm32f1xx_it.o(i.UsageFault_Handler)
    __ARM_fpclassify                         0x080037a3   Thumb Code    40  fpclassify.o(i.__ARM_fpclassify)
    __armlib_thread_safety_init              0x080037ed   Thumb Code    38  armlib_lock_glue.o(i.__armlib_thread_safety_init)
    _is_digit                                0x08003819   Thumb Code    14  __printf_wp.o(i._is_digit)
    _mutex_acquire                           0x08003829   Thumb Code    42  armlib_lock_glue.o(i._mutex_acquire)
    _mutex_free                              0x08003859   Thumb Code    40  armlib_lock_glue.o(i._mutex_free)
    _mutex_initialize                        0x08003885   Thumb Code    90  armlib_lock_glue.o(i._mutex_initialize)
    _mutex_release                           0x080038e5   Thumb Code    42  armlib_lock_glue.o(i._mutex_release)
    main                                     0x08003915   Thumb Code    30  main.o(i.main)
    osDelay                                  0x0800393f   Thumb Code    14  cmsis_os.o(i.osDelay)
    osKernelStart                            0x0800394d   Thumb Code    10  cmsis_os.o(i.osKernelStart)
    osMessageCreate                          0x08003957   Thumb Code    38  cmsis_os.o(i.osMessageCreate)
    osThreadCreate                           0x0800397d   Thumb Code    84  cmsis_os.o(i.osThreadCreate)
    pvPortMalloc                             0x08003e4d   Thumb Code   216  heap_4.o(i.pvPortMalloc)
    pxPortInitialiseStack                    0x08003f29   Thumb Code    32  port.o(i.pxPortInitialiseStack)
    uart_printf                              0x08003f99   Thumb Code    92  reprintf.o(i.uart_printf)
    uart_rx_entry                            0x08003ffd   Thumb Code    88  freertos.o(i.uart_rx_entry)
    uxListRemove                             0x08004085   Thumb Code    38  list.o(i.uxListRemove)
    vApplicationGetIdleTaskMemory            0x080040ad   Thumb Code    16  freertos.o(i.vApplicationGetIdleTaskMemory)
    vListInitialise                          0x080040c1   Thumb Code    22  list.o(i.vListInitialise)
    vListInitialiseItem                      0x080040d7   Thumb Code     6  list.o(i.vListInitialiseItem)
    vListInsert                              0x080040dd   Thumb Code    48  list.o(i.vListInsert)
    vListInsertEnd                           0x0800410d   Thumb Code    24  list.o(i.vListInsertEnd)
    vPortEnterCritical                       0x08004125   Thumb Code    54  port.o(i.vPortEnterCritical)
    vPortExitCritical                        0x08004165   Thumb Code    34  port.o(i.vPortExitCritical)
    vPortFree                                0x0800418d   Thumb Code    94  heap_4.o(i.vPortFree)
    vPortSetupTimerInterrupt                 0x080041f1   Thumb Code    32  port.o(i.vPortSetupTimerInterrupt)
    vPortValidateInterruptPriority           0x08004215   Thumb Code    74  port.o(i.vPortValidateInterruptPriority)
    vTaskDelay                               0x08004269   Thumb Code    66  tasks.o(i.vTaskDelay)
    vTaskInternalSetTimeOutState             0x080042b5   Thumb Code    12  tasks.o(i.vTaskInternalSetTimeOutState)
    vTaskMissedYield                         0x080042c5   Thumb Code     8  tasks.o(i.vTaskMissedYield)
    vTaskPlaceOnEventList                    0x080042d1   Thumb Code    44  tasks.o(i.vTaskPlaceOnEventList)
    vTaskStartScheduler                      0x08004301   Thumb Code    90  tasks.o(i.vTaskStartScheduler)
    vTaskSuspendAll                          0x0800436d   Thumb Code    10  tasks.o(i.vTaskSuspendAll)
    vTaskSwitchContext                       0x0800437d   Thumb Code    82  tasks.o(i.vTaskSwitchContext)
    xPortStartScheduler                      0x080043d9   Thumb Code   156  port.o(i.xPortStartScheduler)
    xQueueGenericCreate                      0x08004481   Thumb Code    66  queue.o(i.xQueueGenericCreate)
    xQueueGenericCreateStatic                0x080044c3   Thumb Code   102  queue.o(i.xQueueGenericCreateStatic)
    xQueueGenericReset                       0x08004529   Thumb Code   132  queue.o(i.xQueueGenericReset)
    xQueueGenericSendFromISR                 0x080045b1   Thumb Code   190  queue.o(i.xQueueGenericSendFromISR)
    xQueueReceive                            0x08004671   Thumb Code   308  queue.o(i.xQueueReceive)
    xTaskCheckForTimeOut                     0x080047a9   Thumb Code   112  tasks.o(i.xTaskCheckForTimeOut)
    xTaskCreate                              0x0800481d   Thumb Code    90  tasks.o(i.xTaskCreate)
    xTaskCreateStatic                        0x08004877   Thumb Code    90  tasks.o(i.xTaskCreateStatic)
    xTaskGetSchedulerState                   0x080048d1   Thumb Code    22  tasks.o(i.xTaskGetSchedulerState)
    xTaskIncrementTick                       0x080048ed   Thumb Code   194  tasks.o(i.xTaskIncrementTick)
    xTaskPriorityDisinherit                  0x080049b9   Thumb Code   144  tasks.o(i.xTaskPriorityDisinherit)
    xTaskRemoveFromEventList                 0x08004a51   Thumb Code   108  tasks.o(i.xTaskRemoveFromEventList)
    xTaskResumeAll                           0x08004ac5   Thumb Code   182  tasks.o(i.xTaskResumeAll)
    _get_lc_numeric                          0x08004b89   Thumb Code    44  lc_numeric_c.o(locale$$code)
    _get_lc_ctype                            0x08004bb5   Thumb Code    44  lc_ctype_c.o(locale$$code)
    _printf_fp_dec                           0x08004be1   Thumb Code     4  printf1.o(x$fpl$printf1)
    _printf_fp_hex                           0x08004be5   Thumb Code     4  printf2.o(x$fpl$printf2)
    __I$use$fp                               0x08004be8   Number         0  usenofp.o(x$fpl$usenofp)
    AHBPrescTable                            0x08004c5e   Data          16  system_stm32f1xx.o(.constdata)
    APBPrescTable                            0x08004c6e   Data           8  system_stm32f1xx.o(.constdata)
    Region$$Table$$Base                      0x08004d98   Number         0  anon$$obj.o(Region$$Table)
    Region$$Table$$Limit                     0x08004db8   Number         0  anon$$obj.o(Region$$Table)
    __ctype                                  0x08004de1   Data           0  lc_ctype_c.o(locale$$data)
    SHT$$INIT_ARRAY$$Base                    0x08004ee4   Number         0  armlib_lock_glue.o(.init_array)
    SHT$$INIT_ARRAY$$Limit                   0x08004ee8   Number         0  init_aeabi.o(.init_array)
    defaultTaskHandle                        0x20000000   Data           4  freertos.o(.data)
    main_taskHandle                          0x20000004   Data           4  freertos.o(.data)
    uartRx_taskHandle                        0x20000008   Data           4  freertos.o(.data)
    rxQueueHandle                            0x2000000c   Data           4  freertos.o(.data)
    uwTickFreq                               0x20000010   Data           1  stm32f1xx_hal.o(.data)
    uwTickPrio                               0x20000014   Data           4  stm32f1xx_hal.o(.data)
    uwTick                                   0x20000018   Data           4  stm32f1xx_hal.o(.data)
    SystemCoreClock                          0x2000001c   Data           4  system_stm32f1xx.o(.data)
    pxCurrentTCB                             0x20000020   Data           4  tasks.o(.data)
    uart_buff_ctrl                           0x20000088   Data           2  dmaringbuffer.o(.data)
    huart1                                   0x2000036c   Data         120  usart.o(.bss)
    hdma_usart1_rx                           0x200003e4   Data          68  usart.o(.bss)
    hdma_usart1_tx                           0x20000428   Data          68  usart.o(.bss)
    htim1                                    0x2000046c   Data          72  stm32f1xx_hal_timebase_tim.o(.bss)
    uart_rx_data_t                           0x200016a4   Data         260  dmaringbuffer.o(.bss)
    __libspace_start                         0x200017a8   Data          96  libspace.o(.bss)
    __temporary_stack_top$libspace           0x20001808   Data           0  libspace.o(.bss)



==============================================================================

Memory Map of the image

  Image Entry point : 0x080000ed

  Load Region LR_IROM1 (Base: 0x08000000, Size: 0x00004f74, Max: 0x00010000, ABSOLUTE)

    Execution Region ER_IROM1 (Exec base: 0x08000000, Load base: 0x08000000, Size: 0x00004ee8, Max: 0x00010000, ABSOLUTE)

    Exec Addr    Load Addr    Size         Type   Attr      Idx    E Section Name        Object

    0x08000000   0x08000000   0x000000ec   Data   RO            3    RESET               startup_stm32f103xb.o
    0x080000ec   0x080000ec   0x00000008   Code   RO         4494  * !!!main             c_w.l(__main.o)
    0x080000f4   0x080000f4   0x00000034   Code   RO         4825    !!!scatter          c_w.l(__scatter.o)
    0x08000128   0x08000128   0x0000001a   Code   RO         4827    !!handler_copy      c_w.l(__scatter_copy.o)
    0x08000142   0x08000142   0x00000002   PAD
    0x08000144   0x08000144   0x0000001c   Code   RO         4829    !!handler_zi        c_w.l(__scatter_zi.o)
    0x08000160   0x08000160   0x00000000   Code   RO         4586    .ARM.Collect$$_printf_percent$$00000000  c_w.l(_printf_percent.o)
    0x08000160   0x08000160   0x00000006   Code   RO         4575    .ARM.Collect$$_printf_percent$$00000001  c_w.l(_printf_n.o)
    0x08000166   0x08000166   0x00000006   Code   RO         4577    .ARM.Collect$$_printf_percent$$00000002  c_w.l(_printf_p.o)
    0x0800016c   0x0800016c   0x00000006   Code   RO         4582    .ARM.Collect$$_printf_percent$$00000003  c_w.l(_printf_f.o)
    0x08000172   0x08000172   0x00000006   Code   RO         4583    .ARM.Collect$$_printf_percent$$00000004  c_w.l(_printf_e.o)
    0x08000178   0x08000178   0x00000006   Code   RO         4584    .ARM.Collect$$_printf_percent$$00000005  c_w.l(_printf_g.o)
    0x0800017e   0x0800017e   0x00000006   Code   RO         4585    .ARM.Collect$$_printf_percent$$00000006  c_w.l(_printf_a.o)
    0x08000184   0x08000184   0x0000000a   Code   RO         4590    .ARM.Collect$$_printf_percent$$00000007  c_w.l(_printf_ll.o)
    0x0800018e   0x0800018e   0x00000006   Code   RO         4579    .ARM.Collect$$_printf_percent$$00000008  c_w.l(_printf_i.o)
    0x08000194   0x08000194   0x00000006   Code   RO         4580    .ARM.Collect$$_printf_percent$$00000009  c_w.l(_printf_d.o)
    0x0800019a   0x0800019a   0x00000006   Code   RO         4581    .ARM.Collect$$_printf_percent$$0000000A  c_w.l(_printf_u.o)
    0x080001a0   0x080001a0   0x00000006   Code   RO         4578    .ARM.Collect$$_printf_percent$$0000000B  c_w.l(_printf_o.o)
    0x080001a6   0x080001a6   0x00000006   Code   RO         4576    .ARM.Collect$$_printf_percent$$0000000C  c_w.l(_printf_x.o)
    0x080001ac   0x080001ac   0x00000006   Code   RO         4587    .ARM.Collect$$_printf_percent$$0000000D  c_w.l(_printf_lli.o)
    0x080001b2   0x080001b2   0x00000006   Code   RO         4588    .ARM.Collect$$_printf_percent$$0000000E  c_w.l(_printf_lld.o)
    0x080001b8   0x080001b8   0x00000006   Code   RO         4589    .ARM.Collect$$_printf_percent$$0000000F  c_w.l(_printf_llu.o)
    0x080001be   0x080001be   0x00000006   Code   RO         4594    .ARM.Collect$$_printf_percent$$00000010  c_w.l(_printf_llo.o)
    0x080001c4   0x080001c4   0x00000006   Code   RO         4595    .ARM.Collect$$_printf_percent$$00000011  c_w.l(_printf_llx.o)
    0x080001ca   0x080001ca   0x0000000a   Code   RO         4591    .ARM.Collect$$_printf_percent$$00000012  c_w.l(_printf_l.o)
    0x080001d4   0x080001d4   0x00000006   Code   RO         4573    .ARM.Collect$$_printf_percent$$00000013  c_w.l(_printf_c.o)
    0x080001da   0x080001da   0x00000006   Code   RO         4574    .ARM.Collect$$_printf_percent$$00000014  c_w.l(_printf_s.o)
    0x080001e0   0x080001e0   0x00000006   Code   RO         4592    .ARM.Collect$$_printf_percent$$00000015  c_w.l(_printf_lc.o)
    0x080001e6   0x080001e6   0x00000006   Code   RO         4593    .ARM.Collect$$_printf_percent$$00000016  c_w.l(_printf_ls.o)
    0x080001ec   0x080001ec   0x00000004   Code   RO         4681    .ARM.Collect$$_printf_percent$$00000017  c_w.l(_printf_percent_end.o)
    0x080001f0   0x080001f0   0x00000002   Code   RO         4738    .ARM.Collect$$libinit$$00000000  c_w.l(libinit.o)
    0x080001f2   0x080001f2   0x00000000   Code   RO         4599    .ARM.Collect$$libinit$$00000002  c_w.l(libinit2.o)
    0x080001f2   0x080001f2   0x00000000   Code   RO         4601    .ARM.Collect$$libinit$$00000004  c_w.l(libinit2.o)
    0x080001f2   0x080001f2   0x00000000   Code   RO         4604    .ARM.Collect$$libinit$$0000000A  c_w.l(libinit2.o)
    0x080001f2   0x080001f2   0x00000000   Code   RO         4606    .ARM.Collect$$libinit$$0000000C  c_w.l(libinit2.o)
    0x080001f2   0x080001f2   0x00000000   Code   RO         4608    .ARM.Collect$$libinit$$0000000E  c_w.l(libinit2.o)
    0x080001f2   0x080001f2   0x00000006   Code   RO         4609    .ARM.Collect$$libinit$$0000000F  c_w.l(libinit2.o)
    0x080001f8   0x080001f8   0x00000000   Code   RO         4611    .ARM.Collect$$libinit$$00000011  c_w.l(libinit2.o)
    0x080001f8   0x080001f8   0x0000000c   Code   RO         4612    .ARM.Collect$$libinit$$00000012  c_w.l(libinit2.o)
    0x08000204   0x08000204   0x00000000   Code   RO         4613    .ARM.Collect$$libinit$$00000013  c_w.l(libinit2.o)
    0x08000204   0x08000204   0x00000000   Code   RO         4615    .ARM.Collect$$libinit$$00000015  c_w.l(libinit2.o)
    0x08000204   0x08000204   0x0000000a   Code   RO         4616    .ARM.Collect$$libinit$$00000016  c_w.l(libinit2.o)
    0x0800020e   0x0800020e   0x00000000   Code   RO         4617    .ARM.Collect$$libinit$$00000017  c_w.l(libinit2.o)
    0x0800020e   0x0800020e   0x00000000   Code   RO         4619    .ARM.Collect$$libinit$$00000019  c_w.l(libinit2.o)
    0x0800020e   0x0800020e   0x00000000   Code   RO         4621    .ARM.Collect$$libinit$$0000001B  c_w.l(libinit2.o)
    0x0800020e   0x0800020e   0x00000000   Code   RO         4623    .ARM.Collect$$libinit$$0000001D  c_w.l(libinit2.o)
    0x0800020e   0x0800020e   0x00000000   Code   RO         4625    .ARM.Collect$$libinit$$0000001F  c_w.l(libinit2.o)
    0x0800020e   0x0800020e   0x00000000   Code   RO         4627    .ARM.Collect$$libinit$$00000021  c_w.l(libinit2.o)
    0x0800020e   0x0800020e   0x00000000   Code   RO         4629    .ARM.Collect$$libinit$$00000023  c_w.l(libinit2.o)
    0x0800020e   0x0800020e   0x00000000   Code   RO         4631    .ARM.Collect$$libinit$$00000025  c_w.l(libinit2.o)
    0x0800020e   0x0800020e   0x00000000   Code   RO         4635    .ARM.Collect$$libinit$$0000002C  c_w.l(libinit2.o)
    0x0800020e   0x0800020e   0x00000000   Code   RO         4637    .ARM.Collect$$libinit$$0000002E  c_w.l(libinit2.o)
    0x0800020e   0x0800020e   0x00000000   Code   RO         4639    .ARM.Collect$$libinit$$00000030  c_w.l(libinit2.o)
    0x0800020e   0x0800020e   0x00000004   Code   RO         4640    .ARM.Collect$$libinit$$00000031  c_w.l(libinit2.o)
    0x08000212   0x08000212   0x00000000   Code   RO         4641    .ARM.Collect$$libinit$$00000032  c_w.l(libinit2.o)
    0x08000212   0x08000212   0x00000002   Code   RO         4642    .ARM.Collect$$libinit$$00000033  c_w.l(libinit2.o)
    0x08000214   0x08000214   0x00000002   Code   RO         4786    .ARM.Collect$$libshutdown$$00000000  c_w.l(libshutdown.o)
    0x08000216   0x08000216   0x00000000   Code   RO         4792    .ARM.Collect$$libshutdown$$00000002  c_w.l(libshutdown2.o)
    0x08000216   0x08000216   0x00000000   Code   RO         4794    .ARM.Collect$$libshutdown$$00000004  c_w.l(libshutdown2.o)
    0x08000216   0x08000216   0x00000000   Code   RO         4797    .ARM.Collect$$libshutdown$$00000007  c_w.l(libshutdown2.o)
    0x08000216   0x08000216   0x00000000   Code   RO         4800    .ARM.Collect$$libshutdown$$0000000A  c_w.l(libshutdown2.o)
    0x08000216   0x08000216   0x00000000   Code   RO         4802    .ARM.Collect$$libshutdown$$0000000C  c_w.l(libshutdown2.o)
    0x08000216   0x08000216   0x00000000   Code   RO         4805    .ARM.Collect$$libshutdown$$0000000F  c_w.l(libshutdown2.o)
    0x08000216   0x08000216   0x00000002   Code   RO         4806    .ARM.Collect$$libshutdown$$00000010  c_w.l(libshutdown2.o)
    0x08000218   0x08000218   0x00000000   Code   RO         4502    .ARM.Collect$$rtentry$$00000000  c_w.l(__rtentry.o)
    0x08000218   0x08000218   0x00000000   Code   RO         4652    .ARM.Collect$$rtentry$$00000002  c_w.l(__rtentry2.o)
    0x08000218   0x08000218   0x00000006   Code   RO         4664    .ARM.Collect$$rtentry$$00000004  c_w.l(__rtentry4.o)
    0x0800021e   0x0800021e   0x00000000   Code   RO         4654    .ARM.Collect$$rtentry$$00000009  c_w.l(__rtentry2.o)
    0x0800021e   0x0800021e   0x00000004   Code   RO         4655    .ARM.Collect$$rtentry$$0000000A  c_w.l(__rtentry2.o)
    0x08000222   0x08000222   0x00000000   Code   RO         4657    .ARM.Collect$$rtentry$$0000000C  c_w.l(__rtentry2.o)
    0x08000222   0x08000222   0x00000008   Code   RO         4658    .ARM.Collect$$rtentry$$0000000D  c_w.l(__rtentry2.o)
    0x0800022a   0x0800022a   0x00000002   Code   RO         4749    .ARM.Collect$$rtexit$$00000000  c_w.l(rtexit.o)
    0x0800022c   0x0800022c   0x00000000   Code   RO         4766    .ARM.Collect$$rtexit$$00000002  c_w.l(rtexit2.o)
    0x0800022c   0x0800022c   0x00000004   Code   RO         4767    .ARM.Collect$$rtexit$$00000003  c_w.l(rtexit2.o)
    0x08000230   0x08000230   0x00000006   Code   RO         4768    .ARM.Collect$$rtexit$$00000004  c_w.l(rtexit2.o)
    0x08000236   0x08000236   0x00000002   PAD
    0x08000238   0x08000238   0x00000096   Code   RO         4326    .emb_text           port.o
    0x080002ce   0x080002ce   0x00000002   PAD
    0x080002d0   0x080002d0   0x00000040   Code   RO            4    .text               startup_stm32f103xb.o
    0x08000310   0x08000310   0x00000034   Code   RO         4482    .text               c_w.l(vsnprintf.o)
    0x08000344   0x08000344   0x0000008a   Code   RO         4484    .text               c_w.l(rt_memcpy_v6.o)
    0x080003ce   0x080003ce   0x00000064   Code   RO         4486    .text               c_w.l(rt_memcpy_w.o)
    0x08000432   0x08000432   0x0000004e   Code   RO         4490    .text               c_w.l(rt_memclr_w.o)
    0x08000480   0x08000480   0x00000006   Code   RO         4492    .text               c_w.l(heapauxi.o)
    0x08000486   0x08000486   0x00000002   PAD
    0x08000488   0x08000488   0x00000024   Code   RO         4499    .text               c_w.l(init_aeabi.o)
    0x080004ac   0x080004ac   0x0000004e   Code   RO         4505    .text               c_w.l(_printf_pad.o)
    0x080004fa   0x080004fa   0x00000024   Code   RO         4507    .text               c_w.l(_printf_truncate.o)
    0x0800051e   0x0800051e   0x00000052   Code   RO         4509    .text               c_w.l(_printf_str.o)
    0x08000570   0x08000570   0x00000078   Code   RO         4511    .text               c_w.l(_printf_dec.o)
    0x080005e8   0x080005e8   0x00000028   Code   RO         4513    .text               c_w.l(_printf_charcount.o)
    0x08000610   0x08000610   0x00000030   Code   RO         4515    .text               c_w.l(_printf_char_common.o)
    0x08000640   0x08000640   0x0000000a   Code   RO         4517    .text               c_w.l(_sputc.o)
    0x0800064a   0x0800064a   0x00000010   Code   RO         4519    .text               c_w.l(_snputc.o)
    0x0800065a   0x0800065a   0x00000002   PAD
    0x0800065c   0x0800065c   0x000000bc   Code   RO         4521    .text               c_w.l(_printf_wctomb.o)
    0x08000718   0x08000718   0x0000007c   Code   RO         4524    .text               c_w.l(_printf_longlong_dec.o)
    0x08000794   0x08000794   0x00000070   Code   RO         4530    .text               c_w.l(_printf_oct_int_ll.o)
    0x08000804   0x08000804   0x00000094   Code   RO         4550    .text               c_w.l(_printf_hex_int_ll_ptr.o)
    0x08000898   0x08000898   0x00000188   Code   RO         4570    .text               c_w.l(__printf_flags_ss_wp.o)
    0x08000a20   0x08000a20   0x0000008a   Code   RO         4666    .text               c_w.l(lludiv10.o)
    0x08000aaa   0x08000aaa   0x000000b2   Code   RO         4668    .text               c_w.l(_printf_intcommon.o)
    0x08000b5c   0x08000b5c   0x0000041e   Code   RO         4670    .text               c_w.l(_printf_fp_dec.o)
    0x08000f7a   0x08000f7a   0x00000002   PAD
    0x08000f7c   0x08000f7c   0x000002fc   Code   RO         4672    .text               c_w.l(_printf_fp_hex.o)
    0x08001278   0x08001278   0x0000002c   Code   RO         4677    .text               c_w.l(_printf_char.o)
    0x080012a4   0x080012a4   0x0000002c   Code   RO         4679    .text               c_w.l(_printf_wchar.o)
    0x080012d0   0x080012d0   0x00000040   Code   RO         4682    .text               c_w.l(_wcrtomb.o)
    0x08001310   0x08001310   0x0000004a   Code   RO         4688    .text               c_w.l(sys_stackheap_outer.o)
    0x0800135a   0x0800135a   0x00000002   PAD
    0x0800135c   0x0800135c   0x00000010   Code   RO         4690    .text               c_w.l(rt_ctype_table.o)
    0x0800136c   0x0800136c   0x00000008   Code   RO         4695    .text               c_w.l(rt_locale_intlibspace.o)
    0x08001374   0x08001374   0x00000080   Code   RO         4697    .text               c_w.l(_printf_fp_infnan.o)
    0x080013f4   0x080013f4   0x000000e4   Code   RO         4699    .text               c_w.l(bigflt0.o)
    0x080014d8   0x080014d8   0x00000012   Code   RO         4727    .text               c_w.l(exit.o)
    0x080014ea   0x080014ea   0x00000002   PAD
    0x080014ec   0x080014ec   0x00000008   Code   RO         4746    .text               c_w.l(libspace.o)
    0x080014f4   0x080014f4   0x00000080   Code   RO         4760    .text               c_w.l(strcmpv7m.o)
    0x08001574   0x08001574   0x00000002   Code   RO         4762    .text               c_w.l(use_no_semi.o)
    0x08001576   0x08001576   0x00000000   Code   RO         4764    .text               c_w.l(indicate_semi.o)
    0x08001576   0x08001576   0x00000002   PAD
    0x08001578   0x08001578   0x0000000c   Code   RO         4778    .text               c_w.l(sys_exit.o)
    0x08001584   0x08001584   0x0000003e   Code   RO         4702    CL$$btod_d2e        c_w.l(btod.o)
    0x080015c2   0x080015c2   0x00000046   Code   RO         4704    CL$$btod_d2e_denorm_low  c_w.l(btod.o)
    0x08001608   0x08001608   0x00000060   Code   RO         4703    CL$$btod_d2e_norm_op1  c_w.l(btod.o)
    0x08001668   0x08001668   0x00000338   Code   RO         4712    CL$$btod_div_common  c_w.l(btod.o)
    0x080019a0   0x080019a0   0x000000dc   Code   RO         4709    CL$$btod_e2e        c_w.l(btod.o)
    0x08001a7c   0x08001a7c   0x0000002a   Code   RO         4706    CL$$btod_ediv       c_w.l(btod.o)
    0x08001aa6   0x08001aa6   0x0000002a   Code   RO         4705    CL$$btod_emul       c_w.l(btod.o)
    0x08001ad0   0x08001ad0   0x00000244   Code   RO         4711    CL$$btod_mult_common  c_w.l(btod.o)
    0x08001d14   0x08001d14   0x00000002   Code   RO          556    i.BusFault_Handler  stm32f1xx_it.o
    0x08001d16   0x08001d16   0x00000002   PAD
    0x08001d18   0x08001d18   0x0000000c   Code   RO          557    i.DMA1_Channel4_IRQHandler  stm32f1xx_it.o
    0x08001d24   0x08001d24   0x0000000c   Code   RO          558    i.DMA1_Channel5_IRQHandler  stm32f1xx_it.o
    0x08001d30   0x08001d30   0x0000002a   Code   RO         1117    i.DMA_SetConfig     stm32f1xx_hal_dma.o
    0x08001d5a   0x08001d5a   0x00000002   Code   RO          559    i.DebugMon_Handler  stm32f1xx_it.o
    0x08001d5c   0x08001d5c   0x00000004   Code   RO          124    i.Error_Handler     main.o
    0x08001d60   0x08001d60   0x00000046   Code   RO         1118    i.HAL_DMA_Abort     stm32f1xx_hal_dma.o
    0x08001da6   0x08001da6   0x00000002   PAD
    0x08001da8   0x08001da8   0x00000098   Code   RO         1119    i.HAL_DMA_Abort_IT  stm32f1xx_hal_dma.o
    0x08001e40   0x08001e40   0x00000158   Code   RO         1123    i.HAL_DMA_IRQHandler  stm32f1xx_hal_dma.o
    0x08001f98   0x08001f98   0x0000005c   Code   RO         1124    i.HAL_DMA_Init      stm32f1xx_hal_dma.o
    0x08001ff4   0x08001ff4   0x00000070   Code   RO         1128    i.HAL_DMA_Start_IT  stm32f1xx_hal_dma.o
    0x08002064   0x08002064   0x000001cc   Code   RO         1054    i.HAL_GPIO_Init     stm32f1xx_hal_gpio.o
    0x08002230   0x08002230   0x0000000c   Code   RO          748    i.HAL_GetTick       stm32f1xx_hal.o
    0x0800223c   0x0800223c   0x00000010   Code   RO          754    i.HAL_IncTick       stm32f1xx_hal.o
    0x0800224c   0x0800224c   0x00000024   Code   RO          755    i.HAL_Init          stm32f1xx_hal.o
    0x08002270   0x08002270   0x0000008c   Code   RO          662    i.HAL_InitTick      stm32f1xx_hal_timebase_tim.o
    0x080022fc   0x080022fc   0x00000048   Code   RO          638    i.HAL_MspInit       stm32f1xx_hal_msp.o
    0x08002344   0x08002344   0x0000001a   Code   RO         1214    i.HAL_NVIC_EnableIRQ  stm32f1xx_hal_cortex.o
    0x0800235e   0x0800235e   0x00000002   PAD
    0x08002360   0x08002360   0x00000040   Code   RO         1220    i.HAL_NVIC_SetPriority  stm32f1xx_hal_cortex.o
    0x080023a0   0x080023a0   0x00000024   Code   RO         1221    i.HAL_NVIC_SetPriorityGrouping  stm32f1xx_hal_cortex.o
    0x080023c4   0x080023c4   0x00000138   Code   RO          912    i.HAL_RCC_ClockConfig  stm32f1xx_hal_rcc.o
    0x080024fc   0x080024fc   0x00000040   Code   RO          916    i.HAL_RCC_GetClockConfig  stm32f1xx_hal_rcc.o
    0x0800253c   0x0800253c   0x00000020   Code   RO          919    i.HAL_RCC_GetPCLK1Freq  stm32f1xx_hal_rcc.o
    0x0800255c   0x0800255c   0x00000020   Code   RO          920    i.HAL_RCC_GetPCLK2Freq  stm32f1xx_hal_rcc.o
    0x0800257c   0x0800257c   0x0000004c   Code   RO          921    i.HAL_RCC_GetSysClockFreq  stm32f1xx_hal_rcc.o
    0x080025c8   0x080025c8   0x00000318   Code   RO          924    i.HAL_RCC_OscConfig  stm32f1xx_hal_rcc.o
    0x080028e0   0x080028e0   0x00000002   Code   RO         2420    i.HAL_TIMEx_BreakCallback  stm32f1xx_hal_tim_ex.o
    0x080028e2   0x080028e2   0x00000002   Code   RO         2421    i.HAL_TIMEx_CommutCallback  stm32f1xx_hal_tim_ex.o
    0x080028e4   0x080028e4   0x0000005a   Code   RO         1716    i.HAL_TIM_Base_Init  stm32f1xx_hal_tim.o
    0x0800293e   0x0800293e   0x00000002   Code   RO         1718    i.HAL_TIM_Base_MspInit  stm32f1xx_hal_tim.o
    0x08002940   0x08002940   0x00000058   Code   RO         1721    i.HAL_TIM_Base_Start_IT  stm32f1xx_hal_tim.o
    0x08002998   0x08002998   0x00000002   Code   RO         1750    i.HAL_TIM_IC_CaptureCallback  stm32f1xx_hal_tim.o
    0x0800299a   0x0800299a   0x00000130   Code   RO         1764    i.HAL_TIM_IRQHandler  stm32f1xx_hal_tim.o
    0x08002aca   0x08002aca   0x00000002   Code   RO         1767    i.HAL_TIM_OC_DelayElapsedCallback  stm32f1xx_hal_tim.o
    0x08002acc   0x08002acc   0x00000002   Code   RO         1794    i.HAL_TIM_PWM_PulseFinishedCallback  stm32f1xx_hal_tim.o
    0x08002ace   0x08002ace   0x00000002   PAD
    0x08002ad0   0x08002ad0   0x00000014   Code   RO          125    i.HAL_TIM_PeriodElapsedCallback  main.o
    0x08002ae4   0x08002ae4   0x00000002   Code   RO         1807    i.HAL_TIM_TriggerCallback  stm32f1xx_hal_tim.o
    0x08002ae6   0x08002ae6   0x00000052   Code   RO         2697    i.HAL_UARTEx_ReceiveToIdle_DMA  stm32f1xx_hal_uart.o
    0x08002b38   0x08002b38   0x00000002   Code   RO         2699    i.HAL_UARTEx_RxEventCallback  stm32f1xx_hal_uart.o
    0x08002b3a   0x08002b3a   0x00000002   Code   RO         2701    i.HAL_UART_AbortCpltCallback  stm32f1xx_hal_uart.o
    0x08002b3c   0x08002b3c   0x00000002   Code   RO         2703    i.HAL_UART_AbortReceiveCpltCallback  stm32f1xx_hal_uart.o
    0x08002b3e   0x08002b3e   0x00000002   Code   RO         2706    i.HAL_UART_AbortTransmitCpltCallback  stm32f1xx_hal_uart.o
    0x08002b40   0x08002b40   0x00000070   Code   RO         2711    i.HAL_UART_DMAStop  stm32f1xx_hal_uart.o
    0x08002bb0   0x08002bb0   0x00000002   Code   RO         2713    i.HAL_UART_ErrorCallback  stm32f1xx_hal_uart.o
    0x08002bb2   0x08002bb2   0x0000000a   Code   RO         2715    i.HAL_UART_GetState  stm32f1xx_hal_uart.o
    0x08002bbc   0x08002bbc   0x00000270   Code   RO         2716    i.HAL_UART_IRQHandler  stm32f1xx_hal_uart.o
    0x08002e2c   0x08002e2c   0x00000078   Code   RO         2717    i.HAL_UART_Init     stm32f1xx_hal_uart.o
    0x08002ea4   0x08002ea4   0x000000e8   Code   RO          515    i.HAL_UART_MspInit  usart.o
    0x08002f8c   0x08002f8c   0x00000042   Code   RO         2724    i.HAL_UART_RegisterRxEventCallback  stm32f1xx_hal_uart.o
    0x08002fce   0x08002fce   0x00000002   Code   RO         2725    i.HAL_UART_RxCpltCallback  stm32f1xx_hal_uart.o
    0x08002fd0   0x08002fd0   0x00000002   Code   RO         2726    i.HAL_UART_RxHalfCpltCallback  stm32f1xx_hal_uart.o
    0x08002fd2   0x08002fd2   0x000000a0   Code   RO         2727    i.HAL_UART_Transmit  stm32f1xx_hal_uart.o
    0x08003072   0x08003072   0x00000002   Code   RO         2730    i.HAL_UART_TxCpltCallback  stm32f1xx_hal_uart.o
    0x08003074   0x08003074   0x00000002   Code   RO         2731    i.HAL_UART_TxHalfCpltCallback  stm32f1xx_hal_uart.o
    0x08003076   0x08003076   0x00000002   Code   RO          560    i.HardFault_Handler  stm32f1xx_it.o
    0x08003078   0x08003078   0x0000003c   Code   RO          490    i.MX_DMA_Init       dma.o
    0x080030b4   0x080030b4   0x00000068   Code   RO          305    i.MX_FREERTOS_Init  freertos.o
    0x0800311c   0x0800311c   0x00000094   Code   RO          281    i.MX_GPIO_Init      gpio.o
    0x080031b0   0x080031b0   0x00000040   Code   RO          516    i.MX_USART1_UART_Init  usart.o
    0x080031f0   0x080031f0   0x00000002   Code   RO          561    i.MemManage_Handler  stm32f1xx_it.o
    0x080031f2   0x080031f2   0x00000002   Code   RO          562    i.NMI_Handler       stm32f1xx_it.o
    0x080031f4   0x080031f4   0x00000008   Code   RO          306    i.StartDefaultTask  freertos.o
    0x080031fc   0x080031fc   0x00000008   Code   RO          307    i.StartTask02       freertos.o
    0x08003204   0x08003204   0x0000002c   Code   RO         4327    i.SysTick_Handler   port.o
    0x08003230   0x08003230   0x0000005c   Code   RO          126    i.SystemClock_Config  main.o
    0x0800328c   0x0800328c   0x00000002   Code   RO         3081    i.SystemInit        system_stm32f1xx.o
    0x0800328e   0x0800328e   0x00000002   PAD
    0x08003290   0x08003290   0x0000000c   Code   RO          563    i.TIM1_UP_IRQHandler  stm32f1xx_it.o
    0x0800329c   0x0800329c   0x00000078   Code   RO         1809    i.TIM_Base_SetConfig  stm32f1xx_hal_tim.o
    0x08003314   0x08003314   0x0000000c   Code   RO         2734    i.UART_DMAAbortOnError  stm32f1xx_hal_uart.o
    0x08003320   0x08003320   0x0000004c   Code   RO         2735    i.UART_DMAError     stm32f1xx_hal_uart.o
    0x0800336c   0x0800336c   0x00000086   Code   RO         2736    i.UART_DMAReceiveCplt  stm32f1xx_hal_uart.o
    0x080033f2   0x080033f2   0x00000018   Code   RO         2738    i.UART_DMARxHalfCplt  stm32f1xx_hal_uart.o
    0x0800340a   0x0800340a   0x0000004e   Code   RO         2744    i.UART_EndRxTransfer  stm32f1xx_hal_uart.o
    0x08003458   0x08003458   0x0000001c   Code   RO         2745    i.UART_EndTxTransfer  stm32f1xx_hal_uart.o
    0x08003474   0x08003474   0x0000004c   Code   RO         2746    i.UART_InitCallbacksToDefault  stm32f1xx_hal_uart.o
    0x080034c0   0x080034c0   0x000000c2   Code   RO         2747    i.UART_Receive_IT   stm32f1xx_hal_uart.o
    0x08003582   0x08003582   0x00000002   PAD
    0x08003584   0x08003584   0x000000b8   Code   RO         2748    i.UART_SetConfig    stm32f1xx_hal_uart.o
    0x0800363c   0x0800363c   0x00000094   Code   RO         2749    i.UART_Start_Receive_DMA  stm32f1xx_hal_uart.o
    0x080036d0   0x080036d0   0x00000070   Code   RO         2751    i.UART_WaitOnFlagUntilTimeout  stm32f1xx_hal_uart.o
    0x08003740   0x08003740   0x00000054   Code   RO         4449    i.USART1_DMAHandler  dmaringbuffer.o
    0x08003794   0x08003794   0x0000000c   Code   RO          564    i.USART1_IRQHandler  stm32f1xx_it.o
    0x080037a0   0x080037a0   0x00000002   Code   RO          565    i.UsageFault_Handler  stm32f1xx_it.o
    0x080037a2   0x080037a2   0x00000028   Code   RO         4742    i.__ARM_fpclassify  m_ws.l(fpclassify.o)
    0x080037ca   0x080037ca   0x00000020   Code   RO         1227    i.__NVIC_SetPriority  stm32f1xx_hal_cortex.o
    0x080037ea   0x080037ea   0x00000002   PAD
    0x080037ec   0x080037ec   0x0000002c   Code   RO           14    i.__armlib_thread_safety_init  armlib_lock_glue.o
    0x08003818   0x08003818   0x0000000e   Code   RO         4563    i._is_digit         c_w.l(__printf_wp.o)
    0x08003826   0x08003826   0x00000002   PAD
    0x08003828   0x08003828   0x00000030   Code   RO           15    i._mutex_acquire    armlib_lock_glue.o
    0x08003858   0x08003858   0x0000002c   Code   RO           16    i._mutex_free       armlib_lock_glue.o
    0x08003884   0x08003884   0x00000060   Code   RO           17    i._mutex_initialize  armlib_lock_glue.o
    0x080038e4   0x080038e4   0x00000030   Code   RO           18    i._mutex_release    armlib_lock_glue.o
    0x08003914   0x08003914   0x0000001e   Code   RO          127    i.main              main.o
    0x08003932   0x08003932   0x0000000c   Code   RO         3901    i.makeFreeRtosPriority  cmsis_os.o
    0x0800393e   0x0800393e   0x0000000e   Code   RO         3903    i.osDelay           cmsis_os.o
    0x0800394c   0x0800394c   0x0000000a   Code   RO         3906    i.osKernelStart     cmsis_os.o
    0x08003956   0x08003956   0x00000026   Code   RO         3915    i.osMessageCreate   cmsis_os.o
    0x0800397c   0x0800397c   0x00000054   Code   RO         3940    i.osThreadCreate    cmsis_os.o
    0x080039d0   0x080039d0   0x00000070   Code   RO         3583    i.prvAddCurrentTaskToDelayedList  tasks.o
    0x08003a40   0x08003a40   0x000000d0   Code   RO         3584    i.prvAddNewTaskToReadyList  tasks.o
    0x08003b10   0x08003b10   0x00000026   Code   RO         3259    i.prvCopyDataFromQueue  queue.o
    0x08003b36   0x08003b36   0x0000006c   Code   RO         3260    i.prvCopyDataToQueue  queue.o
    0x08003ba2   0x08003ba2   0x00000034   Code   RO         3585    i.prvDeleteTCB      tasks.o
    0x08003bd6   0x08003bd6   0x00000002   PAD
    0x08003bd8   0x08003bd8   0x0000004c   Code   RO         4259    i.prvHeapInit       heap_4.o
    0x08003c24   0x08003c24   0x0000005c   Code   RO         3586    i.prvIdleTask       tasks.o
    0x08003c80   0x08003c80   0x00000016   Code   RO         3262    i.prvInitialiseNewQueue  queue.o
    0x08003c96   0x08003c96   0x00000098   Code   RO         3587    i.prvInitialiseNewTask  tasks.o
    0x08003d2e   0x08003d2e   0x00000002   PAD
    0x08003d30   0x08003d30   0x0000004c   Code   RO         4260    i.prvInsertBlockIntoFreeList  heap_4.o
    0x08003d7c   0x08003d7c   0x0000001a   Code   RO         3263    i.prvIsQueueEmpty   queue.o
    0x08003d96   0x08003d96   0x00000002   PAD
    0x08003d98   0x08003d98   0x00000020   Code   RO         3588    i.prvResetNextTaskUnblockTime  tasks.o
    0x08003db8   0x08003db8   0x00000028   Code   RO         4328    i.prvTaskExitError  port.o
    0x08003de0   0x08003de0   0x0000006a   Code   RO         3264    i.prvUnlockQueue    queue.o
    0x08003e4a   0x08003e4a   0x00000002   PAD
    0x08003e4c   0x08003e4c   0x000000dc   Code   RO         4261    i.pvPortMalloc      heap_4.o
    0x08003f28   0x08003f28   0x00000024   Code   RO         4329    i.pxPortInitialiseStack  port.o
    0x08003f4c   0x08003f4c   0x0000002c   Code   RO           19    i.stm32_lock_acquire  armlib_lock_glue.o
    0x08003f78   0x08003f78   0x00000020   Code   RO           20    i.stm32_lock_release  armlib_lock_glue.o
    0x08003f98   0x08003f98   0x00000064   Code   RO         4406    i.uart_printf       reprintf.o
    0x08003ffc   0x08003ffc   0x00000088   Code   RO          308    i.uart_rx_entry     freertos.o
    0x08004084   0x08004084   0x00000026   Code   RO         3219    i.uxListRemove      list.o
    0x080040aa   0x080040aa   0x00000002   PAD
    0x080040ac   0x080040ac   0x00000014   Code   RO          309    i.vApplicationGetIdleTaskMemory  freertos.o
    0x080040c0   0x080040c0   0x00000016   Code   RO         3220    i.vListInitialise   list.o
    0x080040d6   0x080040d6   0x00000006   Code   RO         3221    i.vListInitialiseItem  list.o
    0x080040dc   0x080040dc   0x00000030   Code   RO         3222    i.vListInsert       list.o
    0x0800410c   0x0800410c   0x00000018   Code   RO         3223    i.vListInsertEnd    list.o
    0x08004124   0x08004124   0x00000040   Code   RO         4331    i.vPortEnterCritical  port.o
    0x08004164   0x08004164   0x00000028   Code   RO         4332    i.vPortExitCritical  port.o
    0x0800418c   0x0800418c   0x00000064   Code   RO         4262    i.vPortFree         heap_4.o
    0x080041f0   0x080041f0   0x00000024   Code   RO         4333    i.vPortSetupTimerInterrupt  port.o
    0x08004214   0x08004214   0x00000054   Code   RO         4334    i.vPortValidateInterruptPriority  port.o
    0x08004268   0x08004268   0x0000004c   Code   RO         3597    i.vTaskDelay        tasks.o
    0x080042b4   0x080042b4   0x00000010   Code   RO         3600    i.vTaskInternalSetTimeOutState  tasks.o
    0x080042c4   0x080042c4   0x0000000c   Code   RO         3601    i.vTaskMissedYield  tasks.o
    0x080042d0   0x080042d0   0x00000030   Code   RO         3603    i.vTaskPlaceOnEventList  tasks.o
    0x08004300   0x08004300   0x0000006c   Code   RO         3610    i.vTaskStartScheduler  tasks.o
    0x0800436c   0x0800436c   0x00000010   Code   RO         3612    i.vTaskSuspendAll   tasks.o
    0x0800437c   0x0800437c   0x0000005c   Code   RO         3613    i.vTaskSwitchContext  tasks.o
    0x080043d8   0x080043d8   0x000000a8   Code   RO         4335    i.xPortStartScheduler  port.o
    0x08004480   0x08004480   0x00000042   Code   RO         3273    i.xQueueGenericCreate  queue.o
    0x080044c2   0x080044c2   0x00000066   Code   RO         3274    i.xQueueGenericCreateStatic  queue.o
    0x08004528   0x08004528   0x00000088   Code   RO         3275    i.xQueueGenericReset  queue.o
    0x080045b0   0x080045b0   0x000000be   Code   RO         3277    i.xQueueGenericSendFromISR  queue.o
    0x0800466e   0x0800466e   0x00000002   PAD
    0x08004670   0x08004670   0x00000138   Code   RO         3283    i.xQueueReceive     queue.o
    0x080047a8   0x080047a8   0x00000074   Code   RO         3615    i.xTaskCheckForTimeOut  tasks.o
    0x0800481c   0x0800481c   0x0000005a   Code   RO         3616    i.xTaskCreate       tasks.o
    0x08004876   0x08004876   0x0000005a   Code   RO         3617    i.xTaskCreateStatic  tasks.o
    0x080048d0   0x080048d0   0x0000001c   Code   RO         3621    i.xTaskGetSchedulerState  tasks.o
    0x080048ec   0x080048ec   0x000000cc   Code   RO         3624    i.xTaskIncrementTick  tasks.o
    0x080049b8   0x080049b8   0x00000098   Code   RO         3627    i.xTaskPriorityDisinherit  tasks.o
    0x08004a50   0x08004a50   0x00000074   Code   RO         3629    i.xTaskRemoveFromEventList  tasks.o
    0x08004ac4   0x08004ac4   0x000000c4   Code   RO         3630    i.xTaskResumeAll    tasks.o
    0x08004b88   0x08004b88   0x0000002c   Code   RO         4725    locale$$code        c_w.l(lc_numeric_c.o)
    0x08004bb4   0x08004bb4   0x0000002c   Code   RO         4754    locale$$code        c_w.l(lc_ctype_c.o)
    0x08004be0   0x08004be0   0x00000004   Code   RO         4643    x$fpl$printf1       fz_ws.l(printf1.o)
    0x08004be4   0x08004be4   0x00000004   Code   RO         4645    x$fpl$printf2       fz_ws.l(printf2.o)
    0x08004be8   0x08004be8   0x00000000   Code   RO         4741    x$fpl$usenofp       fz_ws.l(usenofp.o)
    0x08004be8   0x08004be8   0x00000064   Data   RO          311    .constdata          freertos.o
    0x08004c4c   0x08004c4c   0x00000012   Data   RO          925    .constdata          stm32f1xx_hal_rcc.o
    0x08004c5e   0x08004c5e   0x00000010   Data   RO         3082    .constdata          system_stm32f1xx.o
    0x08004c6e   0x08004c6e   0x00000008   Data   RO         3083    .constdata          system_stm32f1xx.o
    0x08004c76   0x08004c76   0x00000002   PAD
    0x08004c78   0x08004c78   0x00000008   Data   RO         4522    .constdata          c_w.l(_printf_wctomb.o)
    0x08004c80   0x08004c80   0x00000028   Data   RO         4551    .constdata          c_w.l(_printf_hex_int_ll_ptr.o)
    0x08004ca8   0x08004ca8   0x00000011   Data   RO         4571    .constdata          c_w.l(__printf_flags_ss_wp.o)
    0x08004cb9   0x08004cb9   0x00000026   Data   RO         4673    .constdata          c_w.l(_printf_fp_hex.o)
    0x08004cdf   0x08004cdf   0x00000001   PAD
    0x08004ce0   0x08004ce0   0x00000094   Data   RO         4700    .constdata          c_w.l(bigflt0.o)
    0x08004d74   0x08004d74   0x00000024   Data   RO          312    .conststring        freertos.o
    0x08004d98   0x08004d98   0x00000020   Data   RO         4823    Region$$Table       anon$$obj.o
    0x08004db8   0x08004db8   0x0000001c   Data   RO         4724    locale$$data        c_w.l(lc_numeric_c.o)
    0x08004dd4   0x08004dd4   0x00000110   Data   RO         4753    locale$$data        c_w.l(lc_ctype_c.o)
    0x08004ee4   0x08004ee4   0x00000004   Data   RO           22    .init_array         armlib_lock_glue.o
    0x08004ee8   0x08004ee4   0x00000000   Data   RO         4497    .init_array         c_w.l(init_aeabi.o)


    Execution Region RW_IRAM1 (Exec base: 0x20000000, Load base: 0x08004ee8, Size: 0x00001e08, Max: 0x00005000, ABSOLUTE)

    Exec Addr    Load Addr    Size         Type   Attr      Idx    E Section Name        Object

    0x20000000   0x08004ee8   0x00000010   Data   RW          313    .data               freertos.o
    0x20000010   0x08004ef8   0x0000000c   Data   RW          762    .data               stm32f1xx_hal.o
    0x2000001c   0x08004f04   0x00000004   Data   RW         3084    .data               system_stm32f1xx.o
    0x20000020   0x08004f08   0x0000003c   Data   RW         3633    .data               tasks.o
    0x2000005c   0x08004f44   0x00000020   Data   RW         4268    .data               heap_4.o
    0x2000007c   0x08004f64   0x0000000c   Data   RW         4336    .data               port.o
    0x20000088   0x08004f70   0x00000002   Data   RW         4451    .data               dmaringbuffer.o
    0x2000008a   0x08004f72   0x00000002   PAD
    0x2000008c        -       0x0000008c   Zero   RW           21    .bss                armlib_lock_glue.o
    0x20000118        -       0x00000254   Zero   RW          310    .bss                freertos.o
    0x2000036c        -       0x00000100   Zero   RW          517    .bss                usart.o
    0x2000046c        -       0x00000048   Zero   RW          665    .bss                stm32f1xx_hal_timebase_tim.o
    0x200004b4        -       0x000000f0   Zero   RW         3632    .bss                tasks.o
    0x200005a4        -       0x00001000   Zero   RW         4267    .bss                heap_4.o
    0x200015a4        -       0x00000100   Zero   RW         4407    .bss                reprintf.o
    0x200016a4        -       0x00000104   Zero   RW         4450    .bss                dmaringbuffer.o
    0x200017a8        -       0x00000060   Zero   RW         4747    .bss                c_w.l(libspace.o)
    0x20001808        -       0x00000200   Zero   RW            2    HEAP                startup_stm32f103xb.o
    0x20001a08        -       0x00000400   Zero   RW            1    STACK               startup_stm32f103xb.o


==============================================================================

Image component sizes


      Code (inc. data)   RO Data    RW Data    ZI Data      Debug   Object Name

       356         28          4          0        140      18882   armlib_lock_glue.o
       158          0          0          0          0      18151   cmsis_os.o
        60          4          0          0          0        710   dma.o
        84         12          0          2        260       1816   dmaringbuffer.o
         0          0          0          0          0      20024   event_groups.o
       276         60        136         16        596     386063   freertos.o
       148         18          0          0          0        895   gpio.o
       472         24          0         32       4096       7219   heap_4.o
       138          0          0          0          0       3230   list.o
       146          6          0          0          0     453592   main.o
       662         68          0         12          0      10737   port.o
      1106          8          0          0          0      14274   queue.o
       100          8          0          0        256       4714   reprintf.o
        64         26        236          0       1536        784   startup_stm32f103xb.o
        64         14          0         12          0       4470   stm32f1xx_hal.o
       158         14          0          0          0      28014   stm32f1xx_hal_cortex.o
       812         36          0          0          0       4790   stm32f1xx_hal_dma.o
       460         34          0          0          0       2160   stm32f1xx_hal_gpio.o
        72         10          0          0          0        814   stm32f1xx_hal_msp.o
      1308         94         18          0          0       5689   stm32f1xx_hal_rcc.o
       612         24          0          0          0       7068   stm32f1xx_hal_tim.o
         4          0          0          0          0       1545   stm32f1xx_hal_tim_ex.o
       140         22          0          0         72       1339   stm32f1xx_hal_timebase_tim.o
      2258         70          0          0          0      19018   stm32f1xx_hal_uart.o
        60         24          0          0          0       4072   stm32f1xx_it.o
         0          0          0          0          0        408   stream_buffer.o
         2          0         24          4          0       1035   system_stm32f1xx.o
      2008        148          0         60        240      23850   tasks.o
       296         34          0          0        256       1748   usart.o

    ----------------------------------------------------------------------
     12052        786        452        140       7452    1047111   Object Totals
         0          0         32          0          0          0   (incl. Generated)
        28          0          2          2          0          0   (incl. Padding)

    ----------------------------------------------------------------------

      Code (inc. data)   RO Data    RW Data    ZI Data      Debug   Library Member Name

         8          0          0          0          0         68   __main.o
       392          4         17          0          0         92   __printf_flags_ss_wp.o
        14          0          0          0          0         68   __printf_wp.o
         0          0          0          0          0          0   __rtentry.o
        12          0          0          0          0          0   __rtentry2.o
         6          0          0          0          0          0   __rtentry4.o
        52          8          0          0          0          0   __scatter.o
        26          0          0          0          0          0   __scatter_copy.o
        28          0          0          0          0          0   __scatter_zi.o
         6          0          0          0          0          0   _printf_a.o
         6          0          0          0          0          0   _printf_c.o
        44          0          0          0          0        108   _printf_char.o
        48          6          0          0          0         96   _printf_char_common.o
        40          0          0          0          0         68   _printf_charcount.o
         6          0          0          0          0          0   _printf_d.o
       120         16          0          0          0         92   _printf_dec.o
         6          0          0          0          0          0   _printf_e.o
         6          0          0          0          0          0   _printf_f.o
      1054          0          0          0          0        216   _printf_fp_dec.o
       764          8         38          0          0        100   _printf_fp_hex.o
       128         16          0          0          0         84   _printf_fp_infnan.o
         6          0          0          0          0          0   _printf_g.o
       148          4         40          0          0        160   _printf_hex_int_ll_ptr.o
         6          0          0          0          0          0   _printf_i.o
       178          0          0          0          0         88   _printf_intcommon.o
        10          0          0          0          0          0   _printf_l.o
         6          0          0          0          0          0   _printf_lc.o
        10          0          0          0          0          0   _printf_ll.o
         6          0          0          0          0          0   _printf_lld.o
         6          0          0          0          0          0   _printf_lli.o
         6          0          0          0          0          0   _printf_llo.o
         6          0          0          0          0          0   _printf_llu.o
         6          0          0          0          0          0   _printf_llx.o
       124         16          0          0          0         92   _printf_longlong_dec.o
         6          0          0          0          0          0   _printf_ls.o
         6          0          0          0          0          0   _printf_n.o
         6          0          0          0          0          0   _printf_o.o
       112         10          0          0          0        124   _printf_oct_int_ll.o
         6          0          0          0          0          0   _printf_p.o
        78          0          0          0          0        108   _printf_pad.o
         0          0          0          0          0          0   _printf_percent.o
         4          0          0          0          0          0   _printf_percent_end.o
         6          0          0          0          0          0   _printf_s.o
        82          0          0          0          0         80   _printf_str.o
        36          0          0          0          0         84   _printf_truncate.o
         6          0          0          0          0          0   _printf_u.o
        44          0          0          0          0        108   _printf_wchar.o
       188          6          8          0          0         92   _printf_wctomb.o
         6          0          0          0          0          0   _printf_x.o
        16          0          0          0          0         68   _snputc.o
        10          0          0          0          0         68   _sputc.o
        64          0          0          0          0         92   _wcrtomb.o
       228          4        148          0          0         96   bigflt0.o
      1936        128          0          0          0        672   btod.o
        18          0          0          0          0         80   exit.o
         6          0          0          0          0        152   heapauxi.o
         0          0          0          0          0          0   indicate_semi.o
        36         10          0          0          0         80   init_aeabi.o
        44         10        272          0          0         76   lc_ctype_c.o
        44         10         28          0          0         76   lc_numeric_c.o
         2          0          0          0          0          0   libinit.o
        34          0          0          0          0          0   libinit2.o
         2          0          0          0          0          0   libshutdown.o
         2          0          0          0          0          0   libshutdown2.o
         8          4          0          0         96         68   libspace.o
       138          0          0          0          0         80   lludiv10.o
        16          4          0          0          0         76   rt_ctype_table.o
         8          4          0          0          0         68   rt_locale_intlibspace.o
        78          0          0          0          0         80   rt_memclr_w.o
       138          0          0          0          0         68   rt_memcpy_v6.o
       100          0          0          0          0         80   rt_memcpy_w.o
         2          0          0          0          0          0   rtexit.o
        10          0          0          0          0          0   rtexit2.o
       128          0          0          0          0         68   strcmpv7m.o
        12          4          0          0          0         68   sys_exit.o
        74          0          0          0          0         80   sys_stackheap_outer.o
         2          0          0          0          0         68   use_no_semi.o
        52          4          0          0          0         80   vsnprintf.o
         4          0          0          0          0         68   printf1.o
         4          0          0          0          0         68   printf2.o
         0          0          0          0          0          0   usenofp.o
        40          0          0          0          0         68   fpclassify.o

    ----------------------------------------------------------------------
      7144        276        552          0         96       4476   Library Totals
        18          0          1          0          0          0   (incl. Padding)

    ----------------------------------------------------------------------

      Code (inc. data)   RO Data    RW Data    ZI Data      Debug   Library Name

      7078        276        551          0         96       4272   c_w.l
         8          0          0          0          0        136   fz_ws.l
        40          0          0          0          0         68   m_ws.l

    ----------------------------------------------------------------------
      7144        276        552          0         96       4476   Library Totals

    ----------------------------------------------------------------------

==============================================================================


      Code (inc. data)   RO Data    RW Data    ZI Data      Debug   

     19196       1062       1004        140       7548    1041651   Grand Totals
     19196       1062       1004        140       7548    1041651   ELF Image Totals
     19196       1062       1004        140          0          0   ROM Totals

==============================================================================

    Total RO  Size (Code + RO Data)                20200 (  19.73kB)
    Total RW  Size (RW Data + ZI Data)              7688 (   7.51kB)
    Total ROM Size (Code + RO Data + RW Data)      20340 (  19.86kB)

==============================================================================

